Archive member included to satisfy reference by file (symbol)

/usr/share/gcc-arm-none-eabi-10.3-2021.10/bin/../lib/gcc/arm-none-eabi/10.3.1/thumb/v7e-m+fp/hard/libgcc.a(unwind-arm.o)
                              CMakeFiles/stm32f3discovery_Debug.dir/src/main.cpp.obj (__aeabi_unwind_cpp_pr0)
/usr/share/gcc-arm-none-eabi-10.3-2021.10/bin/../lib/gcc/arm-none-eabi/10.3.1/thumb/v7e-m+fp/hard/libgcc.a(libunwind.o)
                              /usr/share/gcc-arm-none-eabi-10.3-2021.10/bin/../lib/gcc/arm-none-eabi/10.3.1/thumb/v7e-m+fp/hard/libgcc.a(unwind-arm.o) (restore_core_regs)
/usr/share/gcc-arm-none-eabi-10.3-2021.10/bin/../lib/gcc/arm-none-eabi/10.3.1/thumb/v7e-m+fp/hard/libgcc.a(pr-support.o)
                              /usr/share/gcc-arm-none-eabi-10.3-2021.10/bin/../lib/gcc/arm-none-eabi/10.3.1/thumb/v7e-m+fp/hard/libgcc.a(unwind-arm.o) (__gnu_unwind_execute)
/usr/share/gcc-arm-none-eabi-10.3-2021.10/bin/../lib/gcc/arm-none-eabi/10.3.1/../../../../arm-none-eabi/lib/thumb/v7e-m+fp/hard/libg_nano.a(lib_a-abort.o)
                              /usr/share/gcc-arm-none-eabi-10.3-2021.10/bin/../lib/gcc/arm-none-eabi/10.3.1/thumb/v7e-m+fp/hard/libgcc.a(unwind-arm.o) (abort)
/usr/share/gcc-arm-none-eabi-10.3-2021.10/bin/../lib/gcc/arm-none-eabi/10.3.1/../../../../arm-none-eabi/lib/thumb/v7e-m+fp/hard/libg_nano.a(lib_a-errno.o)
                              CMakeFiles/stm32f3discovery_Debug.dir/src/syscalls.c.obj (__errno)
/usr/share/gcc-arm-none-eabi-10.3-2021.10/bin/../lib/gcc/arm-none-eabi/10.3.1/../../../../arm-none-eabi/lib/thumb/v7e-m+fp/hard/libg_nano.a(lib_a-exit.o)
                              /usr/share/gcc-arm-none-eabi-10.3-2021.10/bin/../lib/gcc/arm-none-eabi/10.3.1/../../../../arm-none-eabi/lib/thumb/v7e-m+fp/hard/crt0.o (exit)
/usr/share/gcc-arm-none-eabi-10.3-2021.10/bin/../lib/gcc/arm-none-eabi/10.3.1/../../../../arm-none-eabi/lib/thumb/v7e-m+fp/hard/libg_nano.a(lib_a-findfp.o)
                              CMakeFiles/stm32f3discovery_Debug.dir/lib/FreeRTOS/FreeRTOS/Source/tasks.c.obj (__sf_fake_stderr)
/usr/share/gcc-arm-none-eabi-10.3-2021.10/bin/../lib/gcc/arm-none-eabi/10.3.1/../../../../arm-none-eabi/lib/thumb/v7e-m+fp/hard/libg_nano.a(lib_a-fwalk.o)
                              /usr/share/gcc-arm-none-eabi-10.3-2021.10/bin/../lib/gcc/arm-none-eabi/10.3.1/../../../../arm-none-eabi/lib/thumb/v7e-m+fp/hard/libg_nano.a(lib_a-findfp.o) (_fwalk)
/usr/share/gcc-arm-none-eabi-10.3-2021.10/bin/../lib/gcc/arm-none-eabi/10.3.1/../../../../arm-none-eabi/lib/thumb/v7e-m+fp/hard/libg_nano.a(lib_a-impure.o)
                              /usr/share/gcc-arm-none-eabi-10.3-2021.10/bin/../lib/gcc/arm-none-eabi/10.3.1/../../../../arm-none-eabi/lib/thumb/v7e-m+fp/hard/libg_nano.a(lib_a-exit.o) (_global_impure_ptr)
/usr/share/gcc-arm-none-eabi-10.3-2021.10/bin/../lib/gcc/arm-none-eabi/10.3.1/../../../../arm-none-eabi/lib/thumb/v7e-m+fp/hard/libg_nano.a(lib_a-init.o)
                              /usr/share/gcc-arm-none-eabi-10.3-2021.10/bin/../lib/gcc/arm-none-eabi/10.3.1/../../../../arm-none-eabi/lib/thumb/v7e-m+fp/hard/crt0.o (__libc_init_array)
/usr/share/gcc-arm-none-eabi-10.3-2021.10/bin/../lib/gcc/arm-none-eabi/10.3.1/../../../../arm-none-eabi/lib/thumb/v7e-m+fp/hard/libg_nano.a(lib_a-lock.o)
                              /usr/share/gcc-arm-none-eabi-10.3-2021.10/bin/../lib/gcc/arm-none-eabi/10.3.1/../../../../arm-none-eabi/lib/thumb/v7e-m+fp/hard/libg_nano.a(lib_a-findfp.o) (__retarget_lock_init_recursive)
/usr/share/gcc-arm-none-eabi-10.3-2021.10/bin/../lib/gcc/arm-none-eabi/10.3.1/../../../../arm-none-eabi/lib/thumb/v7e-m+fp/hard/libg_nano.a(lib_a-memcpy-stub.o)
                              CMakeFiles/stm32f3discovery_Debug.dir/src/freertos/cmsis_os2.c.obj (memcpy)
/usr/share/gcc-arm-none-eabi-10.3-2021.10/bin/../lib/gcc/arm-none-eabi/10.3.1/../../../../arm-none-eabi/lib/thumb/v7e-m+fp/hard/libg_nano.a(lib_a-memset.o)
                              /usr/share/gcc-arm-none-eabi-10.3-2021.10/bin/../lib/gcc/arm-none-eabi/10.3.1/../../../../arm-none-eabi/lib/thumb/v7e-m+fp/hard/crt0.o (memset)
/usr/share/gcc-arm-none-eabi-10.3-2021.10/bin/../lib/gcc/arm-none-eabi/10.3.1/../../../../arm-none-eabi/lib/thumb/v7e-m+fp/hard/libg_nano.a(lib_a-nano-mallocr.o)
                              /usr/share/gcc-arm-none-eabi-10.3-2021.10/bin/../lib/gcc/arm-none-eabi/10.3.1/../../../../arm-none-eabi/lib/thumb/v7e-m+fp/hard/libg_nano.a(lib_a-findfp.o) (_malloc_r)
/usr/share/gcc-arm-none-eabi-10.3-2021.10/bin/../lib/gcc/arm-none-eabi/10.3.1/../../../../arm-none-eabi/lib/thumb/v7e-m+fp/hard/libg_nano.a(lib_a-nano-vfprintf_float.o)
                              (_printf_float)
/usr/share/gcc-arm-none-eabi-10.3-2021.10/bin/../lib/gcc/arm-none-eabi/10.3.1/../../../../arm-none-eabi/lib/thumb/v7e-m+fp/hard/libg_nano.a(lib_a-nano-vfprintf_i.o)
[...]
Memory Configuration

Name             Origin             Length             Attributes
RAM              0x0000000020000000 0x000000000000a000 xrw
CCMRAM           0x0000000010000000 0x0000000000002000 xrw
FLASH            0x0000000008000000 0x0000000000040000 xr
*default*        0x0000000000000000 0xffffffffffffffff

Linker script and memory map

LOAD /usr/share/gcc-arm-none-eabi-10.3-2021.10/bin/../lib/gcc/arm-none-eabi/10.3.1/thumb/v7e-m+fp/hard/crti.o
LOAD /usr/share/gcc-arm-none-eabi-10.3-2021.10/bin/../lib/gcc/arm-none-eabi/10.3.1/thumb/v7e-m+fp/hard/crtbegin.o
LOAD /usr/share/gcc-arm-none-eabi-10.3-2021.10/bin/../lib/gcc/arm-none-eabi/10.3.1/../../../../arm-none-eabi/lib/thumb/v7e-m+fp/hard/crt0.o
LOAD CMakeFiles/stm32f3discovery_Debug.dir/platform/stm32f3discovery/stm32f3discovery_startup.s.obj
LOAD CMakeFiles/stm32f3discovery_Debug.dir/src/freertos/cmsis_os2.c.obj
LOAD CMakeFiles/stm32f3discovery_Debug.dir/src/freertos/hooks.c.obj
LOAD CMakeFiles/stm32f3discovery_Debug.dir/src/gpio.cpp.obj
LOAD CMakeFiles/stm32f3discovery_Debug.dir/src/main.cpp.obj
LOAD CMakeFiles/stm32f3discovery_Debug.dir/src/syscalls.c.obj
LOAD CMakeFiles/stm32f3discovery_Debug.dir/src/system/system.cpp.obj
LOAD CMakeFiles/stm32f3discovery_Debug.dir/src/usart.cpp.obj
LOAD CMakeFiles/stm32f3discovery_Debug.dir/lib/FreeRTOS/FreeRTOS/Source/tasks.c.obj
LOAD CMakeFiles/stm32f3discovery_Debug.dir/lib/FreeRTOS/FreeRTOS/Source/queue.c.obj
LOAD CMakeFiles/stm32f3discovery_Debug.dir/lib/FreeRTOS/FreeRTOS/Source/list.c.obj
LOAD CMakeFiles/stm32f3discovery_Debug.dir/lib/FreeRTOS/FreeRTOS/Source/timers.c.obj
LOAD CMakeFiles/stm32f3discovery_Debug.dir/lib/FreeRTOS/FreeRTOS/Source/portable/MemMang/heap_4.c.obj
LOAD CMakeFiles/stm32f3discovery_Debug.dir/lib/FreeRTOS/FreeRTOS/Source/portable/GCC/ARM_CM4F/port.c.obj
LOAD /usr/share/gcc-arm-none-eabi-10.3-2021.10/bin/../lib/gcc/arm-none-eabi/10.3.1/../../../../arm-none-eabi/lib/thumb/v7e-m+fp/hard/libstdc++_nano.a
LOAD /usr/share/gcc-arm-none-eabi-10.3-2021.10/bin/../lib/gcc/arm-none-eabi/10.3.1/../../../../arm-none-eabi/lib/thumb/v7e-m+fp/hard/libm.a
START GROUP
LOAD /usr/share/gcc-arm-none-eabi-10.3-2021.10/bin/../lib/gcc/arm-none-eabi/10.3.1/thumb/v7e-m+fp/hard/libgcc.a
LOAD /usr/share/gcc-arm-none-eabi-10.3-2021.10/bin/../lib/gcc/arm-none-eabi/10.3.1/../../../../arm-none-eabi/lib/thumb/v7e-m+fp/hard/libg_nano.a
LOAD /usr/share/gcc-arm-none-eabi-10.3-2021.10/bin/../lib/gcc/arm-none-eabi/10.3.1/../../../../arm-none-eabi/lib/thumb/v7e-m+fp/hard/libc_nano.a
END GROUP
START GROUP
LOAD /usr/share/gcc-arm-none-eabi-10.3-2021.10/bin/../lib/gcc/arm-none-eabi/10.3.1/thumb/v7e-m+fp/hard/libgcc.a
LOAD /usr/share/gcc-arm-none-eabi-10.3-2021.10/bin/../lib/gcc/arm-none-eabi/10.3.1/../../../../arm-none-eabi/lib/thumb/v7e-m+fp/hard/libc_nano.a
END GROUP
LOAD /usr/share/gcc-arm-none-eabi-10.3-2021.10/bin/../lib/gcc/arm-none-eabi/10.3.1/thumb/v7e-m+fp/hard/crtend.o
LOAD /usr/share/gcc-arm-none-eabi-10.3-2021.10/bin/../lib/gcc/arm-none-eabi/10.3.1/thumb/v7e-m+fp/hard/crtn.o
                0x000000002000a000                _estack = (ORIGIN (RAM) + LENGTH (RAM))
                0x0000000000000200                _Min_Heap_Size = 0x200
                0x0000000000000400                _Min_Stack_Size = 0x400

.isr_vector     0x0000000008000000      0x188
                0x0000000008000000                . = ALIGN (0x4)
 *(.isr_vector)
 .isr_vector    0x0000000008000000      0x188 CMakeFiles/stm32f3discovery_Debug.dir/platform/stm32f3discovery/stm32f3discovery_startup.s.obj
                0x0000000008000000                g_pfnVectors
                0x0000000008000188                . = ALIGN (0x4)

.text           0x0000000008000190     0x6c08
                0x0000000008000190                . = ALIGN (0x4)
 *(.text)
 .text          0x0000000008000190       0x40 /usr/share/gcc-arm-none-eabi-10.3-2021.10/bin/../lib/gcc/arm-none-eabi/10.3.1/thumb/v7e-m+fp/hard/crtbegin.o
 .text          0x00000000080001d0      0x9d8 /usr/share/gcc-arm-none-eabi-10.3-2021.10/bin/../lib/gcc/arm-none-eabi/10.3.1/thumb/v7e-m+fp/hard/libgcc.a(unwind-arm.o)
                0x0000000008000478                _Unwind_GetCFA
                0x000000000800047c                __gnu_Unwind_RaiseException
                0x00000000080004e4                __gnu_Unwind_ForcedUnwind
                0x00000000080004f4                __gnu_Unwind_Resume
                0x0000000008000538                __gnu_Unwind_Resume_or_Rethrow
                0x0000000008000548                _Unwind_Complete
                0x000000000800054c                _Unwind_DeleteException
                0x0000000008000558                _Unwind_VRS_Get
                0x00000000080005a4                _Unwind_VRS_Set
                0x00000000080005ec                __gnu_Unwind_Backtrace
                0x0000000008000918                __aeabi_unwind_cpp_pr0
                0x000000000800091c                __aeabi_unwind_cpp_pr1
                0x0000000008000920                __aeabi_unwind_cpp_pr2
                0x0000000008000924                _Unwind_VRS_Pop
 .text          0x0000000008000ba8      0x1ac /usr/share/gcc-arm-none-eabi-10.3-2021.10/bin/../lib/gcc/arm-none-eabi/10.3.1/thumb/v7e-m+fp/hard/libgcc.a(libunwind.o)
                0x0000000008000ba8                __restore_core_regs
                0x0000000008000ba8                restore_core_regs
                0x0000000008000bc0                __gnu_Unwind_Restore_VFP
                0x0000000008000bc8                __gnu_Unwind_Save_VFP
                0x0000000008000bd0                __gnu_Unwind_Restore_VFP_D
                0x0000000008000bd8                __gnu_Unwind_Save_VFP_D
                0x0000000008000be0                __gnu_Unwind_Restore_VFP_D_16_to_31
                0x0000000008000be8                __gnu_Unwind_Save_VFP_D_16_to_31
                0x0000000008000bf0                __gnu_Unwind_Restore_WMMXD
                0x0000000008000c34                __gnu_Unwind_Save_WMMXD
                0x0000000008000c78                __gnu_Unwind_Restore_WMMXC
                0x0000000008000c8c                __gnu_Unwind_Save_WMMXC
                0x0000000008000ca0                ___Unwind_RaiseException
                0x0000000008000ca0                _Unwind_RaiseException
                0x0000000008000cc4                ___Unwind_Resume
                0x0000000008000cc4                _Unwind_Resume
                0x0000000008000ce8                _Unwind_Resume_or_Rethrow
                0x0000000008000ce8                ___Unwind_Resume_or_Rethrow
                0x0000000008000d0c                ___Unwind_ForcedUnwind
                0x0000000008000d0c                _Unwind_ForcedUnwind
                0x0000000008000d30                _Unwind_Backtrace
                0x0000000008000d30                ___Unwind_Backtrace
 .text          0x0000000008000d54      0x350 /usr/share/gcc-arm-none-eabi-10.3-2021.10/bin/../lib/gcc/arm-none-eabi/10.3.1/thumb/v7e-m+fp/hard/libgcc.a(pr-support.o)
                0x0000000008000dac                __gnu_unwind_execute
                0x0000000008001058                __gnu_unwind_frame
                0x0000000008001084                _Unwind_GetRegionStart
                0x0000000008001090                _Unwind_GetLanguageSpecificData
 .text          0x00000000080010a4       0x10 /usr/share/gcc-arm-none-eabi-10.3-2021.10/bin/../lib/gcc/arm-none-eabi/10.3.1/../../../../arm-none-eabi/lib/thumb/v7e-m+fp/hard/libg_nano.a(lib_a-strlen.o)
                0x00000000080010a4                strlen
 *fill*         0x00000000080010b4        0xc 
 .text          0x00000000080010c0       0xa0 /usr/share/gcc-arm-none-eabi-10.3-2021.10/bin/../lib/gcc/arm-none-eabi/10.3.1/../../../../arm-none-eabi/lib/thumb/v7e-m+fp/hard/libg_nano.a(lib_a-memchr.o)
                0x00000000080010c0                memchr
 .text          0x0000000008001160      0x378 /usr/share/gcc-arm-none-eabi-10.3-2021.10/bin/../lib/gcc/arm-none-eabi/10.3.1/thumb/v7e-m+fp/hard/libgcc.a(_arm_addsubdf3.o)
                0x0000000008001160                __aeabi_drsub
                0x0000000008001168                __aeabi_dsub
                0x0000000008001168                __subdf3
                0x000000000800116c                __adddf3
                0x000000000800116c                __aeabi_dadd
                0x00000000080013e4                __aeabi_ui2d
                0x00000000080013e4                __floatunsidf
                0x0000000008001404                __floatsidf
                0x0000000008001404                __aeabi_i2d
                0x0000000008001428                __extendsfdf2
                0x0000000008001428                __aeabi_f2d
                0x000000000800146c                __aeabi_ul2d
                0x000000000800146c                __floatundidf
                0x000000000800147c                __floatdidf
                0x000000000800147c                __aeabi_l2d
 .text          0x00000000080014d8      0x424 /usr/share/gcc-arm-none-eabi-10.3-2021.10/bin/../lib/gcc/arm-none-eabi/10.3.1/thumb/v7e-m+fp/hard/libgcc.a(_arm_muldivdf3.o)
                0x00000000080014d8                __aeabi_dmul
                0x00000000080014d8                __muldf3
                0x000000000800172c                __aeabi_ddiv
                0x000000000800172c                __divdf3
 .text          0x00000000080018fc      0x110 /usr/share/gcc-arm-none-eabi-10.3-2021.10/bin/../lib/gcc/arm-none-eabi/10.3.1/thumb/v7e-m+fp/hard/libgcc.a(_arm_cmpdf2.o)
                0x00000000080018fc                __gtdf2
                0x00000000080018fc                __gedf2
                0x0000000008001904                __ltdf2
                0x0000000008001904                __ledf2
                0x000000000800190c                __cmpdf2
                0x000000000800190c                __eqdf2
                0x000000000800190c                __nedf2
                0x0000000008001988                __aeabi_cdrcmple
                0x0000000008001998                __aeabi_cdcmple
                0x0000000008001998                __aeabi_cdcmpeq
                0x00000000080019a8                __aeabi_dcmpeq
                0x00000000080019bc                __aeabi_dcmplt
                0x00000000080019d0                __aeabi_dcmple
                0x00000000080019e4                __aeabi_dcmpge
                0x00000000080019f8                __aeabi_dcmpgt
 .text          0x0000000008001a0c       0x2c /usr/share/gcc-arm-none-eabi-10.3-2021.10/bin/../lib/gcc/arm-none-eabi/10.3.1/thumb/v7e-m+fp/hard/libgcc.a(_arm_unorddf2.o)
                0x0000000008001a0c                __aeabi_dcmpun
                0x0000000008001a0c                __unorddf2
 .text          0x0000000008001a38       0x50 /usr/share/gcc-arm-none-eabi-10.3-2021.10/bin/../lib/gcc/arm-none-eabi/10.3.1/thumb/v7e-m+fp/hard/libgcc.a(_arm_fixdfsi.o)
                0x0000000008001a38                __fixdfsi
                0x0000000008001a38                __aeabi_d2iz
 *(.text*)
 .text.Reset_Handler
                0x0000000008001a88       0x50 CMakeFiles/stm32f3discovery_Debug.dir/platform/stm32f3discovery/stm32f3discovery_startup.s.obj
                0x0000000008001a88                Reset_Handler
 .text.Default_Handler
                0x0000000008001ad8        0x2 CMakeFiles/stm32f3discovery_Debug.dir/platform/stm32f3discovery/stm32f3discovery_startup.s.obj
                0x0000000008001ad8                RTC_Alarm_IRQHandler
                0x0000000008001ad8                TIM8_TRG_COM_IRQHandler
                0x0000000008001ad8                TIM8_CC_IRQHandler
                0x0000000008001ad8                DebugMon_Handler
                0x0000000008001ad8                TIM1_CC_IRQHandler
                0x0000000008001ad8                HardFault_Handler
                0x0000000008001ad8                USB_HP_IRQHandler
                0x0000000008001ad8                PVD_IRQHandler
                0x0000000008001ad8                TAMP_STAMP_IRQHandler
                0x0000000008001ad8                NMI_Handler
                0x0000000008001ad8                EXTI3_IRQHandler
                0x0000000008001ad8                USB_HP_CAN_TX_IRQHandler
                0x0000000008001ad8                EXTI0_IRQHandler
                0x0000000008001ad8                I2C2_EV_IRQHandler
                0x0000000008001ad8                FPU_IRQHandler
                0x0000000008001ad8                TIM1_UP_TIM16_IRQHandler
                0x0000000008001ad8                UsageFault_Handler
                0x0000000008001ad8                ADC1_2_IRQHandler
                0x0000000008001ad8                SPI1_IRQHandler
                0x0000000008001ad8                CAN_SCE_IRQHandler
                0x0000000008001ad8                TIM8_UP_IRQHandler
                0x0000000008001ad8                DMA2_Channel2_IRQHandler
                0x0000000008001ad8                USART3_IRQHandler
                0x0000000008001ad8                DMA1_Channel7_IRQHandler
                0x0000000008001ad8                UART5_IRQHandler
                0x0000000008001ad8                ADC3_IRQHandler
                0x0000000008001ad8                TIM4_IRQHandler
                0x0000000008001ad8                CAN_RX1_IRQHandler
                0x0000000008001ad8                DMA2_Channel1_IRQHandler
                0x0000000008001ad8                I2C1_EV_IRQHandler
                0x0000000008001ad8                DMA1_Channel6_IRQHandler
                0x0000000008001ad8                UART4_IRQHandler
                0x0000000008001ad8                DMA2_Channel4_IRQHandler
                0x0000000008001ad8                TIM3_IRQHandler
                0x0000000008001ad8                RCC_IRQHandler
                0x0000000008001ad8                DMA1_Channel1_IRQHandler
                0x0000000008001ad8                Default_Handler
                0x0000000008001ad8                USBWakeUp_RMP_IRQHandler
                0x0000000008001ad8                EXTI15_10_IRQHandler
                0x0000000008001ad8                TIM7_IRQHandler
                0x0000000008001ad8                EXTI9_5_IRQHandler
                0x0000000008001ad8                RTC_WKUP_IRQHandler
                0x0000000008001ad8                SPI2_IRQHandler
                0x0000000008001ad8                USB_LP_CAN_RX0_IRQHandler
                0x0000000008001ad8                MemManage_Handler
                0x0000000008001ad8                DMA2_Channel5_IRQHandler
                0x0000000008001ad8                USB_LP_IRQHandler
                0x0000000008001ad8                EXTI4_IRQHandler
                0x0000000008001ad8                TIM1_TRG_COM_TIM17_IRQHandler
                0x0000000008001ad8                DMA1_Channel3_IRQHandler
                0x0000000008001ad8                ADC4_IRQHandler
                0x0000000008001ad8                WWDG_IRQHandler
                0x0000000008001ad8                TIM2_IRQHandler
                0x0000000008001ad8                COMP7_IRQHandler
                0x0000000008001ad8                COMP1_2_3_IRQHandler
                0x0000000008001ad8                EXTI1_IRQHandler
                0x0000000008001ad8                USART2_IRQHandler
                0x0000000008001ad8                COMP4_5_6_IRQHandler
                0x0000000008001ad8                I2C2_ER_IRQHandler
                0x0000000008001ad8                DMA1_Channel2_IRQHandler
                0x0000000008001ad8                TIM8_BRK_IRQHandler
                0x0000000008001ad8                FLASH_IRQHandler
                0x0000000008001ad8                BusFault_Handler
                0x0000000008001ad8                SPI3_IRQHandler
                0x0000000008001ad8                I2C1_ER_IRQHandler
                0x0000000008001ad8                USBWakeUp_IRQHandler
                0x0000000008001ad8                DMA2_Channel3_IRQHandler
                0x0000000008001ad8                EXTI2_TSC_IRQHandler
                0x0000000008001ad8                TIM1_BRK_TIM15_IRQHandler
 *fill*         0x0000000008001ada        0x2 
 .text.osKernelInitialize
                0x0000000008001adc       0x40 CMakeFiles/stm32f3discovery_Debug.dir/src/freertos/cmsis_os2.c.obj
                0x0000000008001adc                osKernelInitialize
 .text.osKernelStart
                0x0000000008001b1c       0x50 CMakeFiles/stm32f3discovery_Debug.dir/src/freertos/cmsis_os2.c.obj
                0x0000000008001b1c                osKernelStart
 .text.osThreadNew
                0x0000000008001b6c       0xc8 CMakeFiles/stm32f3discovery_Debug.dir/src/freertos/cmsis_os2.c.obj
                0x0000000008001b6c                osThreadNew
 .text.osDelay  0x0000000008001c34       0x34 CMakeFiles/stm32f3discovery_Debug.dir/src/freertos/cmsis_os2.c.obj
                0x0000000008001c34                osDelay
 .text.vApplicationGetIdleTaskMemory
                0x0000000008001c68       0x1c CMakeFiles/stm32f3discovery_Debug.dir/src/freertos/cmsis_os2.c.obj
                0x0000000008001c68                vApplicationGetIdleTaskMemory
 .text.vApplicationGetTimerTaskMemory
                0x0000000008001c84       0x20 CMakeFiles/stm32f3discovery_Debug.dir/src/freertos/cmsis_os2.c.obj
                0x0000000008001c84                vApplicationGetTimerTaskMemory
 .text.vApplicationStackOverflowHook
                0x0000000008001ca4        0x4 CMakeFiles/stm32f3discovery_Debug.dir/src/freertos/hooks.c.obj
                0x0000000008001ca4                vApplicationStackOverflowHook
 .text.vApplicationMallocFailedHook
                0x0000000008001ca8        0x4 CMakeFiles/stm32f3discovery_Debug.dir/src/freertos/hooks.c.obj
                0x0000000008001ca8                vApplicationMallocFailedHook
 .text._ZN4Gpio3Led4initEv
                0x0000000008001cac       0x6c CMakeFiles/stm32f3discovery_Debug.dir/src/gpio.cpp.obj
                0x0000000008001cac                Gpio::Led::init()
 .text._ZN4Gpio4initEv
                0x0000000008001d18        0xc CMakeFiles/stm32f3discovery_Debug.dir/src/gpio.cpp.obj
                0x0000000008001d18                Gpio::init()
 .text._Z7os_mainPv
                0x0000000008001d24       0x40 CMakeFiles/stm32f3discovery_Debug.dir/src/main.cpp.obj
                0x0000000008001d24                os_main(void*)
 .text._ZN6Usart111on_transmitEv
                0x0000000008001d64        0xc CMakeFiles/stm32f3discovery_Debug.dir/src/main.cpp.obj
                0x0000000008001d64                Usart1::on_transmit()
 .text.main     0x0000000008001d70       0x30 CMakeFiles/stm32f3discovery_Debug.dir/src/main.cpp.obj
                0x0000000008001d70                main
 .text._ZN4Gpio3Led6toggleILh10EEEvv
                0x0000000008001da0       0x20 CMakeFiles/stm32f3discovery_Debug.dir/src/main.cpp.obj
                0x0000000008001da0                void Gpio::Led::toggle<(unsigned char)10>()
 .text._ZN4Gpio3Led6toggleILh15EEEvv
                0x0000000008001dc0       0x20 CMakeFiles/stm32f3discovery_Debug.dir/src/main.cpp.obj
                0x0000000008001dc0                void Gpio::Led::toggle<(unsigned char)15>()
 .text._getpid  0x0000000008001de0        0x4 CMakeFiles/stm32f3discovery_Debug.dir/src/syscalls.c.obj
                0x0000000008001de0                _getpid
 .text._kill    0x0000000008001de4       0x10 CMakeFiles/stm32f3discovery_Debug.dir/src/syscalls.c.obj
                0x0000000008001de4                _kill
 .text._exit    0x0000000008001df4        0xc CMakeFiles/stm32f3discovery_Debug.dir/src/syscalls.c.obj
                0x0000000008001df4                _exit
 .text._read    0x0000000008001e00       0x1c CMakeFiles/stm32f3discovery_Debug.dir/src/syscalls.c.obj
                0x0000000008001e00                _read
 .text._write   0x0000000008001e1c       0x1c CMakeFiles/stm32f3discovery_Debug.dir/src/syscalls.c.obj
                0x0000000008001e1c                _write
 .text._sbrk    0x0000000008001e38       0x38 CMakeFiles/stm32f3discovery_Debug.dir/src/syscalls.c.obj
                0x0000000008001e38                _sbrk
 .text._close   0x0000000008001e70        0x8 CMakeFiles/stm32f3discovery_Debug.dir/src/syscalls.c.obj
                0x0000000008001e70                _close
 .text._fstat   0x0000000008001e78        0xc CMakeFiles/stm32f3discovery_Debug.dir/src/syscalls.c.obj
                0x0000000008001e78                _fstat
 .text._isatty  0x0000000008001e84        0x4 CMakeFiles/stm32f3discovery_Debug.dir/src/syscalls.c.obj
                0x0000000008001e84                _isatty
 .text._lseek   0x0000000008001e88        0x4 CMakeFiles/stm32f3discovery_Debug.dir/src/syscalls.c.obj
                0x0000000008001e88                _lseek
 .text.__NVIC_EnableIRQ
                0x0000000008001e8c       0x3c CMakeFiles/stm32f3discovery_Debug.dir/src/system/system.cpp.obj
 .text.__NVIC_SetPriority
                0x0000000008001ec8       0x54 CMakeFiles/stm32f3discovery_Debug.dir/src/system/system.cpp.obj
 .text.SystemInit
                0x0000000008001f1c       0x24 CMakeFiles/stm32f3discovery_Debug.dir/src/system/system.cpp.obj
                0x0000000008001f1c                SystemInit
 .text._ZN6System17core_clock_updateEv
                0x0000000008001f40       0xd0 CMakeFiles/stm32f3discovery_Debug.dir/src/system/system.cpp.obj
                0x0000000008001f40                System::core_clock_update()
 .text.TIM6_DAC_IRQHandler
                0x0000000008002010       0x44 CMakeFiles/stm32f3discovery_Debug.dir/src/system/system.cpp.obj
                0x0000000008002010                TIM6_DAC_IRQHandler
 .text._ZN6System9init_tickEv
                0x0000000008002054       0x50 CMakeFiles/stm32f3discovery_Debug.dir/src/system/system.cpp.obj
                0x0000000008002054                System::init_tick()
 .text._ZN6System4initEv
                0x00000000080020a4       0x10 CMakeFiles/stm32f3discovery_Debug.dir/src/system/system.cpp.obj
                0x00000000080020a4                System::init()
 .text.__NVIC_EnableIRQ
                0x00000000080020b4       0x3c CMakeFiles/stm32f3discovery_Debug.dir/src/usart.cpp.obj
 .text.__NVIC_SetPriority
                0x00000000080020f0       0x54 CMakeFiles/stm32f3discovery_Debug.dir/src/usart.cpp.obj
 .text._ZN6Usart113enable_clocksEv
                0x0000000008002144       0x38 CMakeFiles/stm32f3discovery_Debug.dir/src/usart.cpp.obj
                0x0000000008002144                Usart1::enable_clocks()
 .text._ZN6Usart19gpio_initEv
                0x000000000800217c       0x68 CMakeFiles/stm32f3discovery_Debug.dir/src/usart.cpp.obj
                0x000000000800217c                Usart1::gpio_init()
 .text._ZN6Usart110usart_initEm
                0x00000000080021e4       0x80 CMakeFiles/stm32f3discovery_Debug.dir/src/usart.cpp.obj
                0x00000000080021e4                Usart1::usart_init(unsigned long)
 .text._ZN6Usart18transmitEPhm
                0x0000000008002264       0x6c CMakeFiles/stm32f3discovery_Debug.dir/src/usart.cpp.obj
                0x0000000008002264                Usart1::transmit(unsigned char*, unsigned long)
 .text.DMA1_Channel4_IRQHandler
                0x00000000080022d0       0x44 CMakeFiles/stm32f3discovery_Debug.dir/src/usart.cpp.obj
                0x00000000080022d0                DMA1_Channel4_IRQHandler
 .text.DMA1_Channel5_IRQHandler
                0x0000000008002314       0x44 CMakeFiles/stm32f3discovery_Debug.dir/src/usart.cpp.obj
                0x0000000008002314                DMA1_Channel5_IRQHandler
 .text.USART1_IRQHandler
                0x0000000008002358       0x34 CMakeFiles/stm32f3discovery_Debug.dir/src/usart.cpp.obj
                0x0000000008002358                USART1_IRQHandler
 .text._ZN6Usart110on_receiveEv
                0x000000000800238c        0xe CMakeFiles/stm32f3discovery_Debug.dir/src/usart.cpp.obj
                0x000000000800238c                Usart1::on_receive()
 .text._ZN6Usart17on_idleEv
                0x000000000800239a        0xe CMakeFiles/stm32f3discovery_Debug.dir/src/usart.cpp.obj
                0x000000000800239a                Usart1::on_idle()
 .text._ZN6Usart14initEm
                0x00000000080023a8       0x1e CMakeFiles/stm32f3discovery_Debug.dir/src/usart.cpp.obj
                0x00000000080023a8                Usart1::init(unsigned long)
 *fill*         0x00000000080023c6        0x2 
 .text.prvAddNewTaskToReadyList
                0x00000000080023c8      0x110 CMakeFiles/stm32f3discovery_Debug.dir/lib/FreeRTOS/FreeRTOS/Source/tasks.c.obj
 .text.prvInitialiseNewTask.constprop.0
                0x00000000080024d8      0x158 CMakeFiles/stm32f3discovery_Debug.dir/lib/FreeRTOS/FreeRTOS/Source/tasks.c.obj
 .text.prvIdleTask
                0x0000000008002630       0xa0 CMakeFiles/stm32f3discovery_Debug.dir/lib/FreeRTOS/FreeRTOS/Source/tasks.c.obj
 .text.xTaskIncrementTick.part.0
                0x00000000080026d0      0x148 CMakeFiles/stm32f3discovery_Debug.dir/lib/FreeRTOS/FreeRTOS/Source/tasks.c.obj
 .text.xTaskResumeAll.part.0
                0x0000000008002818      0x134 CMakeFiles/stm32f3discovery_Debug.dir/lib/FreeRTOS/FreeRTOS/Source/tasks.c.obj
 .text.xTaskCreateStatic
                0x000000000800294c       0x74 CMakeFiles/stm32f3discovery_Debug.dir/lib/FreeRTOS/FreeRTOS/Source/tasks.c.obj
                0x000000000800294c                xTaskCreateStatic
 .text.xTaskCreate
                0x00000000080029c0       0x64 CMakeFiles/stm32f3discovery_Debug.dir/lib/FreeRTOS/FreeRTOS/Source/tasks.c.obj
                0x00000000080029c0                xTaskCreate
 .text.vTaskDelay
                0x0000000008002a24       0xac CMakeFiles/stm32f3discovery_Debug.dir/lib/FreeRTOS/FreeRTOS/Source/tasks.c.obj
                0x0000000008002a24                vTaskDelay
 .text.vTaskStartScheduler
                0x0000000008002ad0       0xf8 CMakeFiles/stm32f3discovery_Debug.dir/lib/FreeRTOS/FreeRTOS/Source/tasks.c.obj
                0x0000000008002ad0                vTaskStartScheduler
 .text.vTaskSuspendAll
                0x0000000008002bc8       0x10 CMakeFiles/stm32f3discovery_Debug.dir/lib/FreeRTOS/FreeRTOS/Source/tasks.c.obj
                0x0000000008002bc8                vTaskSuspendAll
 .text.xTaskResumeAll
                0x0000000008002bd8       0x20 CMakeFiles/stm32f3discovery_Debug.dir/lib/FreeRTOS/FreeRTOS/Source/tasks.c.obj
                0x0000000008002bd8                xTaskResumeAll
 .text.xTaskGetTickCount
                0x0000000008002bf8        0xc CMakeFiles/stm32f3discovery_Debug.dir/lib/FreeRTOS/FreeRTOS/Source/tasks.c.obj
                0x0000000008002bf8                xTaskGetTickCount
 .text.xTaskIncrementTick
                0x0000000008002c04       0x20 CMakeFiles/stm32f3discovery_Debug.dir/lib/FreeRTOS/FreeRTOS/Source/tasks.c.obj
                0x0000000008002c04                xTaskIncrementTick
 .text.vTaskSwitchContext
                0x0000000008002c24       0xa4 CMakeFiles/stm32f3discovery_Debug.dir/lib/FreeRTOS/FreeRTOS/Source/tasks.c.obj
                0x0000000008002c24                vTaskSwitchContext
 .text.vTaskPlaceOnEventList
                0x0000000008002cc8       0x88 CMakeFiles/stm32f3discovery_Debug.dir/lib/FreeRTOS/FreeRTOS/Source/tasks.c.obj
                0x0000000008002cc8                vTaskPlaceOnEventList
 .text.vTaskPlaceOnEventListRestricted
                0x0000000008002d50       0x94 CMakeFiles/stm32f3discovery_Debug.dir/lib/FreeRTOS/FreeRTOS/Source/tasks.c.obj
                0x0000000008002d50                vTaskPlaceOnEventListRestricted
 .text.xTaskRemoveFromEventList
                0x0000000008002de4       0x90 CMakeFiles/stm32f3discovery_Debug.dir/lib/FreeRTOS/FreeRTOS/Source/tasks.c.obj
                0x0000000008002de4                xTaskRemoveFromEventList
 .text.vTaskInternalSetTimeOutState
                0x0000000008002e74       0x18 CMakeFiles/stm32f3discovery_Debug.dir/lib/FreeRTOS/FreeRTOS/Source/tasks.c.obj
                0x0000000008002e74                vTaskInternalSetTimeOutState
 .text.xTaskCheckForTimeOut
                0x0000000008002e8c       0x90 CMakeFiles/stm32f3discovery_Debug.dir/lib/FreeRTOS/FreeRTOS/Source/tasks.c.obj
                0x0000000008002e8c                xTaskCheckForTimeOut
 .text.vTaskMissedYield
                0x0000000008002f1c        0xc CMakeFiles/stm32f3discovery_Debug.dir/lib/FreeRTOS/FreeRTOS/Source/tasks.c.obj
                0x0000000008002f1c                vTaskMissedYield
 .text.xTaskGetSchedulerState
                0x0000000008002f28       0x20 CMakeFiles/stm32f3discovery_Debug.dir/lib/FreeRTOS/FreeRTOS/Source/tasks.c.obj
                0x0000000008002f28                xTaskGetSchedulerState
 .text.xTaskPriorityDisinherit
                0x0000000008002f48       0x8c CMakeFiles/stm32f3discovery_Debug.dir/lib/FreeRTOS/FreeRTOS/Source/tasks.c.obj
                0x0000000008002f48                xTaskPriorityDisinherit
 .text.prvCopyDataToQueue
                0x0000000008002fd4       0x78 CMakeFiles/stm32f3discovery_Debug.dir/lib/FreeRTOS/FreeRTOS/Source/queue.c.obj
 .text.xQueueGenericCreateStatic
                0x000000000800304c       0xe8 CMakeFiles/stm32f3discovery_Debug.dir/lib/FreeRTOS/FreeRTOS/Source/queue.c.obj
                0x000000000800304c                xQueueGenericCreateStatic
 .text.xQueueGenericSend
                0x0000000008003134      0x2fc CMakeFiles/stm32f3discovery_Debug.dir/lib/FreeRTOS/FreeRTOS/Source/queue.c.obj
                0x0000000008003134                xQueueGenericSend
 .text.xQueueReceive
                0x0000000008003430      0x304 CMakeFiles/stm32f3discovery_Debug.dir/lib/FreeRTOS/FreeRTOS/Source/queue.c.obj
                0x0000000008003430                xQueueReceive
 .text.vQueueAddToRegistry
                0x0000000008003734       0x50 CMakeFiles/stm32f3discovery_Debug.dir/lib/FreeRTOS/FreeRTOS/Source/queue.c.obj
                0x0000000008003734                vQueueAddToRegistry
 .text.vQueueWaitForMessageRestricted
                0x0000000008003784       0xc8 CMakeFiles/stm32f3discovery_Debug.dir/lib/FreeRTOS/FreeRTOS/Source/queue.c.obj
                0x0000000008003784                vQueueWaitForMessageRestricted
 .text.vListInitialise
                0x000000000800384c       0x18 CMakeFiles/stm32f3discovery_Debug.dir/lib/FreeRTOS/FreeRTOS/Source/list.c.obj
                0x000000000800384c                vListInitialise
 .text.vListInitialiseItem
                0x0000000008003864        0x8 CMakeFiles/stm32f3discovery_Debug.dir/lib/FreeRTOS/FreeRTOS/Source/list.c.obj
                0x0000000008003864                vListInitialiseItem
 .text.vListInsertEnd
                0x000000000800386c       0x20 CMakeFiles/stm32f3discovery_Debug.dir/lib/FreeRTOS/FreeRTOS/Source/list.c.obj
                0x000000000800386c                vListInsertEnd
 .text.vListInsert
                0x000000000800388c       0x30 CMakeFiles/stm32f3discovery_Debug.dir/lib/FreeRTOS/FreeRTOS/Source/list.c.obj
                0x000000000800388c                vListInsert
 .text.uxListRemove
                0x00000000080038bc       0x28 CMakeFiles/stm32f3discovery_Debug.dir/lib/FreeRTOS/FreeRTOS/Source/list.c.obj
                0x00000000080038bc                uxListRemove
 .text.prvSwitchTimerLists
                0x00000000080038e4       0x9c CMakeFiles/stm32f3discovery_Debug.dir/lib/FreeRTOS/FreeRTOS/Source/timers.c.obj
 .text.prvTimerTask
                0x0000000008003980      0x284 CMakeFiles/stm32f3discovery_Debug.dir/lib/FreeRTOS/FreeRTOS/Source/timers.c.obj
 .text.xTimerCreateTimerTask
                0x0000000008003c04       0xbc CMakeFiles/stm32f3discovery_Debug.dir/lib/FreeRTOS/FreeRTOS/Source/timers.c.obj
                0x0000000008003c04                xTimerCreateTimerTask
 .text.pvPortMalloc
                0x0000000008003cc0      0x174 CMakeFiles/stm32f3discovery_Debug.dir/lib/FreeRTOS/FreeRTOS/Source/portable/MemMang/heap_4.c.obj
                0x0000000008003cc0                pvPortMalloc
 .text.vPortFree
                0x0000000008003e34       0xc4 CMakeFiles/stm32f3discovery_Debug.dir/lib/FreeRTOS/FreeRTOS/Source/portable/MemMang/heap_4.c.obj
                0x0000000008003e34                vPortFree
 .text.prvPortStartFirstTask
                0x0000000008003ef8       0x28 CMakeFiles/stm32f3discovery_Debug.dir/lib/FreeRTOS/FreeRTOS/Source/portable/GCC/ARM_CM4F/port.c.obj
 .text.vPortEnableVFP
                0x0000000008003f20       0x14 CMakeFiles/stm32f3discovery_Debug.dir/lib/FreeRTOS/FreeRTOS/Source/portable/GCC/ARM_CM4F/port.c.obj
 .text.prvTaskExitError
                0x0000000008003f34       0x40 CMakeFiles/stm32f3discovery_Debug.dir/lib/FreeRTOS/FreeRTOS/Source/portable/GCC/ARM_CM4F/port.c.obj
 .text.pxPortInitialiseStack
                0x0000000008003f74       0x28 CMakeFiles/stm32f3discovery_Debug.dir/lib/FreeRTOS/FreeRTOS/Source/portable/GCC/ARM_CM4F/port.c.obj
                0x0000000008003f74                pxPortInitialiseStack
 *fill*         0x0000000008003f9c        0x4 
 .text.SVC_Handler
                0x0000000008003fa0       0x24 CMakeFiles/stm32f3discovery_Debug.dir/lib/FreeRTOS/FreeRTOS/Source/portable/GCC/ARM_CM4F/port.c.obj
                0x0000000008003fa0                SVC_Handler
 .text.vPortEnterCritical
                0x0000000008003fc4       0x44 CMakeFiles/stm32f3discovery_Debug.dir/lib/FreeRTOS/FreeRTOS/Source/portable/GCC/ARM_CM4F/port.c.obj
                0x0000000008003fc4                vPortEnterCritical
 .text.vPortExitCritical
                0x0000000008004008       0x28 CMakeFiles/stm32f3discovery_Debug.dir/lib/FreeRTOS/FreeRTOS/Source/portable/GCC/ARM_CM4F/port.c.obj
                0x0000000008004008                vPortExitCritical
 .text.PendSV_Handler
                0x0000000008004030       0x64 CMakeFiles/stm32f3discovery_Debug.dir/lib/FreeRTOS/FreeRTOS/Source/portable/GCC/ARM_CM4F/port.c.obj
                0x0000000008004030                PendSV_Handler
 .text.SysTick_Handler
                0x0000000008004094       0x2c CMakeFiles/stm32f3discovery_Debug.dir/lib/FreeRTOS/FreeRTOS/Source/portable/GCC/ARM_CM4F/port.c.obj
                0x0000000008004094                SysTick_Handler
 .text.vPortSetupTimerInterrupt
                0x00000000080040c0       0x18 CMakeFiles/stm32f3discovery_Debug.dir/lib/FreeRTOS/FreeRTOS/Source/portable/GCC/ARM_CM4F/port.c.obj
                0x00000000080040c0                vPortSetupTimerInterrupt
 .text.xPortStartScheduler
                0x00000000080040d8      0x140 CMakeFiles/stm32f3discovery_Debug.dir/lib/FreeRTOS/FreeRTOS/Source/portable/GCC/ARM_CM4F/port.c.obj
                0x00000000080040d8                xPortStartScheduler
 .text.abort    0x0000000008004218        0xe /usr/share/gcc-arm-none-eabi-10.3-2021.10/bin/../lib/gcc/arm-none-eabi/10.3.1/../../../../arm-none-eabi/lib/thumb/v7e-m+fp/hard/libg_nano.a(lib_a-abort.o)
                0x0000000008004218                abort
 *fill*         0x0000000008004226        0x2 
 .text.__errno  0x0000000008004228        0xc /usr/share/gcc-arm-none-eabi-10.3-2021.10/bin/../lib/gcc/arm-none-eabi/10.3.1/../../../../arm-none-eabi/lib/thumb/v7e-m+fp/hard/libg_nano.a(lib_a-errno.o)
                0x0000000008004228                __errno
 .text.std      0x0000000008004234       0x48 /usr/share/gcc-arm-none-eabi-10.3-2021.10/bin/../lib/gcc/arm-none-eabi/10.3.1/../../../../arm-none-eabi/lib/thumb/v7e-m+fp/hard/libg_nano.a(lib_a-findfp.o)
 .text._cleanup_r
                0x000000000800427c        0xc /usr/share/gcc-arm-none-eabi-10.3-2021.10/bin/../lib/gcc/arm-none-eabi/10.3.1/../../../../arm-none-eabi/lib/thumb/v7e-m+fp/hard/libg_nano.a(lib_a-findfp.o)
                0x000000000800427c                _cleanup_r
 .text.__sfmoreglue
                0x0000000008004288       0x2c /usr/share/gcc-arm-none-eabi-10.3-2021.10/bin/../lib/gcc/arm-none-eabi/10.3.1/../../../../arm-none-eabi/lib/thumb/v7e-m+fp/hard/libg_nano.a(lib_a-findfp.o)
                0x0000000008004288                __sfmoreglue
 .text.__sfp_lock_acquire
                0x00000000080042b4        0xc /usr/share/gcc-arm-none-eabi-10.3-2021.10/bin/../lib/gcc/arm-none-eabi/10.3.1/../../../../arm-none-eabi/lib/thumb/v7e-m+fp/hard/libg_nano.a(lib_a-findfp.o)
                0x00000000080042b4                __sfp_lock_acquire
 .text.__sfp_lock_release
                0x00000000080042c0        0xc /usr/share/gcc-arm-none-eabi-10.3-2021.10/bin/../lib/gcc/arm-none-eabi/10.3.1/../../../../arm-none-eabi/lib/thumb/v7e-m+fp/hard/libg_nano.a(lib_a-findfp.o)
                0x00000000080042c0                __sfp_lock_release
 .text.__sinit_lock_acquire
                0x00000000080042cc        0xc /usr/share/gcc-arm-none-eabi-10.3-2021.10/bin/../lib/gcc/arm-none-eabi/10.3.1/../../../../arm-none-eabi/lib/thumb/v7e-m+fp/hard/libg_nano.a(lib_a-findfp.o)
                0x00000000080042cc                __sinit_lock_acquire
 .text.__sinit_lock_release
                0x00000000080042d8        0xc /usr/share/gcc-arm-none-eabi-10.3-2021.10/bin/../lib/gcc/arm-none-eabi/10.3.1/../../../../arm-none-eabi/lib/thumb/v7e-m+fp/hard/libg_nano.a(lib_a-findfp.o)
                0x00000000080042d8                __sinit_lock_release
 .text.__sinit  0x00000000080042e4       0x70 /usr/share/gcc-arm-none-eabi-10.3-2021.10/bin/../lib/gcc/arm-none-eabi/10.3.1/../../../../arm-none-eabi/lib/thumb/v7e-m+fp/hard/libg_nano.a(lib_a-findfp.o)
                0x00000000080042e4                __sinit
 .text.__sfp    0x0000000008004354       0x8c /usr/share/gcc-arm-none-eabi-10.3-2021.10/bin/../lib/gcc/arm-none-eabi/10.3.1/../../../../arm-none-eabi/lib/thumb/v7e-m+fp/hard/libg_nano.a(lib_a-findfp.o)
                0x0000000008004354                __sfp
 .text._fwalk_reent
                0x00000000080043e0       0x3e /usr/share/gcc-arm-none-eabi-10.3-2021.10/bin/../lib/gcc/arm-none-eabi/10.3.1/../../../../arm-none-eabi/lib/thumb/v7e-m+fp/hard/libg_nano.a(lib_a-fwalk.o)
                0x00000000080043e0                _fwalk_reent
 *fill*         0x000000000800441e        0x2 
 .text.__libc_init_array
                0x0000000008004420       0x48 /usr/share/gcc-arm-none-eabi-10.3-2021.10/bin/../lib/gcc/arm-none-eabi/10.3.1/../../../../arm-none-eabi/lib/thumb/v7e-m+fp/hard/libg_nano.a(lib_a-init.o)
                0x0000000008004420                __libc_init_array
 .text.__retarget_lock_init_recursive
                0x0000000008004468        0x2 /usr/share/gcc-arm-none-eabi-10.3-2021.10/bin/../lib/gcc/arm-none-eabi/10.3.1/../../../../arm-none-eabi/lib/thumb/v7e-m+fp/hard/libg_nano.a(lib_a-lock.o)
                0x0000000008004468                __retarget_lock_init_recursive
 .text.__retarget_lock_acquire_recursive
                0x000000000800446a        0x2 /usr/share/gcc-arm-none-eabi-10.3-2021.10/bin/../lib/gcc/arm-none-eabi/10.3.1/../../../../arm-none-eabi/lib/thumb/v7e-m+fp/hard/libg_nano.a(lib_a-lock.o)
                0x000000000800446a                __retarget_lock_acquire_recursive
 .text.__retarget_lock_release_recursive
                0x000000000800446c        0x2 /usr/share/gcc-arm-none-eabi-10.3-2021.10/bin/../lib/gcc/arm-none-eabi/10.3.1/../../../../arm-none-eabi/lib/thumb/v7e-m+fp/hard/libg_nano.a(lib_a-lock.o)
                0x000000000800446c                __retarget_lock_release_recursive
 .text.memcpy   0x000000000800446e       0x1c /usr/share/gcc-arm-none-eabi-10.3-2021.10/bin/../lib/gcc/arm-none-eabi/10.3.1/../../../../arm-none-eabi/lib/thumb/v7e-m+fp/hard/libg_nano.a(lib_a-memcpy-stub.o)
                0x000000000800446e                memcpy
 .text.memset   0x000000000800448a       0x10 /usr/share/gcc-arm-none-eabi-10.3-2021.10/bin/../lib/gcc/arm-none-eabi/10.3.1/../../../../arm-none-eabi/lib/thumb/v7e-m+fp/hard/libg_nano.a(lib_a-memset.o)
                0x000000000800448a                memset
 *fill*         0x000000000800449a        0x2 
 .text.sbrk_aligned
                0x000000000800449c       0x40 /usr/share/gcc-arm-none-eabi-10.3-2021.10/bin/../lib/gcc/arm-none-eabi/10.3.1/../../../../arm-none-eabi/lib/thumb/v7e-m+fp/hard/libg_nano.a(lib_a-nano-mallocr.o)
 .text._malloc_r
                0x00000000080044dc       0xe8 /usr/share/gcc-arm-none-eabi-10.3-2021.10/bin/../lib/gcc/arm-none-eabi/10.3.1/../../../../arm-none-eabi/lib/thumb/v7e-m+fp/hard/libg_nano.a(lib_a-nano-mallocr.o)
                0x00000000080044dc                _malloc_r
 .text.__cvt    0x00000000080045c4       0xc4 /usr/share/gcc-arm-none-eabi-10.3-2021.10/bin/../lib/gcc/arm-none-eabi/10.3.1/../../../../arm-none-eabi/lib/thumb/v7e-m+fp/hard/libg_nano.a(lib_a-nano-vfprintf_float.o)
                0x00000000080045c4                __cvt
 .text.__exponent
                0x0000000008004688       0x7c /usr/share/gcc-arm-none-eabi-10.3-2021.10/bin/../lib/gcc/arm-none-eabi/10.3.1/../../../../arm-none-eabi/lib/thumb/v7e-m+fp/hard/libg_nano.a(lib_a-nano-vfprintf_float.o)
                0x0000000008004688                __exponent
 .text._printf_float
                0x0000000008004704      0x46c /usr/share/gcc-arm-none-eabi-10.3-2021.10/bin/../lib/gcc/arm-none-eabi/10.3.1/../../../../arm-none-eabi/lib/thumb/v7e-m+fp/hard/libg_nano.a(lib_a-nano-vfprintf_float.o)
                0x0000000008004704                _printf_float
 .text._printf_common
                0x0000000008004b70       0xda /usr/share/gcc-arm-none-eabi-10.3-2021.10/bin/../lib/gcc/arm-none-eabi/10.3.1/../../../../arm-none-eabi/lib/thumb/v7e-m+fp/hard/libg_nano.a(lib_a-nano-vfprintf_i.o)
                0x0000000008004b70                _printf_common
 *fill*         0x0000000008004c4a        0x2 
 .text._printf_i
                0x0000000008004c4c      0x24c /usr/share/gcc-arm-none-eabi-10.3-2021.10/bin/../lib/gcc/arm-none-eabi/10.3.1/../../../../arm-none-eabi/lib/thumb/v7e-m+fp/hard/libg_nano.a(lib_a-nano-vfprintf_i.o)
                0x0000000008004c4c                _printf_i
 .text.cleanup_glue
                0x0000000008004e98       0x1a /usr/share/gcc-arm-none-eabi-10.3-2021.10/bin/../lib/gcc/arm-none-eabi/10.3.1/../../../../arm-none-eabi/lib/thumb/v7e-m+fp/hard/libg_nano.a(lib_a-reent.o)
                0x0000000008004e98                cleanup_glue
 *fill*         0x0000000008004eb2        0x2 
 .text._reclaim_reent
                0x0000000008004eb4       0xb8 /usr/share/gcc-arm-none-eabi-10.3-2021.10/bin/../lib/gcc/arm-none-eabi/10.3.1/../../../../arm-none-eabi/lib/thumb/v7e-m+fp/hard/libg_nano.a(lib_a-reent.o)
                0x0000000008004eb4                _reclaim_reent
 .text._sbrk_r  0x0000000008004f6c       0x20 /usr/share/gcc-arm-none-eabi-10.3-2021.10/bin/../lib/gcc/arm-none-eabi/10.3.1/../../../../arm-none-eabi/lib/thumb/v7e-m+fp/hard/libg_nano.a(lib_a-sbrkr.o)
                0x0000000008004f6c                _sbrk_r
 .text._raise_r
                0x0000000008004f8c       0x50 /usr/share/gcc-arm-none-eabi-10.3-2021.10/bin/../lib/gcc/arm-none-eabi/10.3.1/../../../../arm-none-eabi/lib/thumb/v7e-m+fp/hard/libg_nano.a(lib_a-signal.o)
                0x0000000008004f8c                _raise_r
 .text.raise    0x0000000008004fdc       0x10 /usr/share/gcc-arm-none-eabi-10.3-2021.10/bin/../lib/gcc/arm-none-eabi/10.3.1/../../../../arm-none-eabi/lib/thumb/v7e-m+fp/hard/libg_nano.a(lib_a-signal.o)
                0x0000000008004fdc                raise
 .text._kill_r  0x0000000008004fec       0x24 /usr/share/gcc-arm-none-eabi-10.3-2021.10/bin/../lib/gcc/arm-none-eabi/10.3.1/../../../../arm-none-eabi/lib/thumb/v7e-m+fp/hard/libg_nano.a(lib_a-signalr.o)
                0x0000000008004fec                _kill_r
 .text._getpid_r
                0x0000000008005010        0x4 /usr/share/gcc-arm-none-eabi-10.3-2021.10/bin/../lib/gcc/arm-none-eabi/10.3.1/../../../../arm-none-eabi/lib/thumb/v7e-m+fp/hard/libg_nano.a(lib_a-signalr.o)
                0x0000000008005010                _getpid_r
 .text.__sread  0x0000000008005014       0x22 /usr/share/gcc-arm-none-eabi-10.3-2021.10/bin/../lib/gcc/arm-none-eabi/10.3.1/../../../../arm-none-eabi/lib/thumb/v7e-m+fp/hard/libg_nano.a(lib_a-stdio.o)
                0x0000000008005014                __sread
 .text.__swrite
                0x0000000008005036       0x38 /usr/share/gcc-arm-none-eabi-10.3-2021.10/bin/../lib/gcc/arm-none-eabi/10.3.1/../../../../arm-none-eabi/lib/thumb/v7e-m+fp/hard/libg_nano.a(lib_a-stdio.o)
                0x0000000008005036                __swrite
 .text.__sseek  0x000000000800506e       0x24 /usr/share/gcc-arm-none-eabi-10.3-2021.10/bin/../lib/gcc/arm-none-eabi/10.3.1/../../../../arm-none-eabi/lib/thumb/v7e-m+fp/hard/libg_nano.a(lib_a-stdio.o)
                0x000000000800506e                __sseek
 .text.__sclose
                0x0000000008005092        0x8 /usr/share/gcc-arm-none-eabi-10.3-2021.10/bin/../lib/gcc/arm-none-eabi/10.3.1/../../../../arm-none-eabi/lib/thumb/v7e-m+fp/hard/libg_nano.a(lib_a-stdio.o)
                0x0000000008005092                __sclose
 *fill*         0x000000000800509a        0x2 
 .text._write_r
                0x000000000800509c       0x24 /usr/share/gcc-arm-none-eabi-10.3-2021.10/bin/../lib/gcc/arm-none-eabi/10.3.1/../../../../arm-none-eabi/lib/thumb/v7e-m+fp/hard/libg_nano.a(lib_a-writer.o)
                0x000000000800509c                _write_r
 .text._close_r
                0x00000000080050c0       0x20 /usr/share/gcc-arm-none-eabi-10.3-2021.10/bin/../lib/gcc/arm-none-eabi/10.3.1/../../../../arm-none-eabi/lib/thumb/v7e-m+fp/hard/libg_nano.a(lib_a-closer.o)
                0x00000000080050c0                _close_r
 .text.quorem   0x00000000080050e0      0x116 /usr/share/gcc-arm-none-eabi-10.3-2021.10/bin/../lib/gcc/arm-none-eabi/10.3.1/../../../../arm-none-eabi/lib/thumb/v7e-m+fp/hard/libg_nano.a(lib_a-dtoa.o)
 *fill*         0x00000000080051f6        0x2 
 .text._dtoa_r  0x00000000080051f8      0xbdc /usr/share/gcc-arm-none-eabi-10.3-2021.10/bin/../lib/gcc/arm-none-eabi/10.3.1/../../../../arm-none-eabi/lib/thumb/v7e-m+fp/hard/libg_nano.a(lib_a-dtoa.o)
                0x00000000080051f8                _dtoa_r
 .text.__sflush_r
                0x0000000008005dd4      0x10c /usr/share/gcc-arm-none-eabi-10.3-2021.10/bin/../lib/gcc/arm-none-eabi/10.3.1/../../../../arm-none-eabi/lib/thumb/v7e-m+fp/hard/libg_nano.a(lib_a-fflush.o)
                0x0000000008005dd4                __sflush_r
 .text._fflush_r
                0x0000000008005ee0       0x78 /usr/share/gcc-arm-none-eabi-10.3-2021.10/bin/../lib/gcc/arm-none-eabi/10.3.1/../../../../arm-none-eabi/lib/thumb/v7e-m+fp/hard/libg_nano.a(lib_a-fflush.o)
                0x0000000008005ee0                _fflush_r
 .text._localeconv_r
                0x0000000008005f58        0x8 /usr/share/gcc-arm-none-eabi-10.3-2021.10/bin/../lib/gcc/arm-none-eabi/10.3.1/../../../../arm-none-eabi/lib/thumb/v7e-m+fp/hard/libg_nano.a(lib_a-localeconv.o)
                0x0000000008005f58                _localeconv_r
 .text._lseek_r
                0x0000000008005f60       0x24 /usr/share/gcc-arm-none-eabi-10.3-2021.10/bin/../lib/gcc/arm-none-eabi/10.3.1/../../../../arm-none-eabi/lib/thumb/v7e-m+fp/hard/libg_nano.a(lib_a-lseekr.o)
                0x0000000008005f60                _lseek_r
 .text.malloc   0x0000000008005f84       0x10 /usr/share/gcc-arm-none-eabi-10.3-2021.10/bin/../lib/gcc/arm-none-eabi/10.3.1/../../../../arm-none-eabi/lib/thumb/v7e-m+fp/hard/libg_nano.a(lib_a-malloc.o)
                0x0000000008005f84                malloc
 .text.__malloc_lock
                0x0000000008005f94        0xc /usr/share/gcc-arm-none-eabi-10.3-2021.10/bin/../lib/gcc/arm-none-eabi/10.3.1/../../../../arm-none-eabi/lib/thumb/v7e-m+fp/hard/libg_nano.a(lib_a-mlock.o)
                0x0000000008005f94                __malloc_lock
 .text.__malloc_unlock
                0x0000000008005fa0        0xc /usr/share/gcc-arm-none-eabi-10.3-2021.10/bin/../lib/gcc/arm-none-eabi/10.3.1/../../../../arm-none-eabi/lib/thumb/v7e-m+fp/hard/libg_nano.a(lib_a-mlock.o)
                0x0000000008005fa0                __malloc_unlock
 .text._Balloc  0x0000000008005fac       0x80 /usr/share/gcc-arm-none-eabi-10.3-2021.10/bin/../lib/gcc/arm-none-eabi/10.3.1/../../../../arm-none-eabi/lib/thumb/v7e-m+fp/hard/libg_nano.a(lib_a-mprec.o)
                0x0000000008005fac                _Balloc
 .text._Bfree   0x000000000800602c       0x44 /usr/share/gcc-arm-none-eabi-10.3-2021.10/bin/../lib/gcc/arm-none-eabi/10.3.1/../../../../arm-none-eabi/lib/thumb/v7e-m+fp/hard/libg_nano.a(lib_a-mprec.o)
                0x000000000800602c                _Bfree
 .text.__multadd
                0x0000000008006070       0x8c /usr/share/gcc-arm-none-eabi-10.3-2021.10/bin/../lib/gcc/arm-none-eabi/10.3.1/../../../../arm-none-eabi/lib/thumb/v7e-m+fp/hard/libg_nano.a(lib_a-mprec.o)
                0x0000000008006070                __multadd
 .text.__hi0bits
                0x00000000080060fc       0x40 /usr/share/gcc-arm-none-eabi-10.3-2021.10/bin/../lib/gcc/arm-none-eabi/10.3.1/../../../../arm-none-eabi/lib/thumb/v7e-m+fp/hard/libg_nano.a(lib_a-mprec.o)
                0x00000000080060fc                __hi0bits
 .text.__lo0bits
                0x000000000800613c       0x5e /usr/share/gcc-arm-none-eabi-10.3-2021.10/bin/../lib/gcc/arm-none-eabi/10.3.1/../../../../arm-none-eabi/lib/thumb/v7e-m+fp/hard/libg_nano.a(lib_a-mprec.o)
                0x000000000800613c                __lo0bits
 *fill*         0x000000000800619a        0x2 
 .text.__i2b    0x000000000800619c       0x2c /usr/share/gcc-arm-none-eabi-10.3-2021.10/bin/../lib/gcc/arm-none-eabi/10.3.1/../../../../arm-none-eabi/lib/thumb/v7e-m+fp/hard/libg_nano.a(lib_a-mprec.o)
                0x000000000800619c                __i2b
 .text.__multiply
                0x00000000080061c8      0x154 /usr/share/gcc-arm-none-eabi-10.3-2021.10/bin/../lib/gcc/arm-none-eabi/10.3.1/../../../../arm-none-eabi/lib/thumb/v7e-m+fp/hard/libg_nano.a(lib_a-mprec.o)
                0x00000000080061c8                __multiply
 .text.__pow5mult
                0x000000000800631c       0xb4 /usr/share/gcc-arm-none-eabi-10.3-2021.10/bin/../lib/gcc/arm-none-eabi/10.3.1/../../../../arm-none-eabi/lib/thumb/v7e-m+fp/hard/libg_nano.a(lib_a-mprec.o)
                0x000000000800631c                __pow5mult
 .text.__lshift
                0x00000000080063d0       0xe0 /usr/share/gcc-arm-none-eabi-10.3-2021.10/bin/../lib/gcc/arm-none-eabi/10.3.1/../../../../arm-none-eabi/lib/thumb/v7e-m+fp/hard/libg_nano.a(lib_a-mprec.o)
                0x00000000080063d0                __lshift
 .text.__mcmp   0x00000000080064b0       0x38 /usr/share/gcc-arm-none-eabi-10.3-2021.10/bin/../lib/gcc/arm-none-eabi/10.3.1/../../../../arm-none-eabi/lib/thumb/v7e-m+fp/hard/libg_nano.a(lib_a-mprec.o)
                0x00000000080064b0                __mcmp
 .text.__mdiff  0x00000000080064e8      0x114 /usr/share/gcc-arm-none-eabi-10.3-2021.10/bin/../lib/gcc/arm-none-eabi/10.3.1/../../../../arm-none-eabi/lib/thumb/v7e-m+fp/hard/libg_nano.a(lib_a-mprec.o)
                0x00000000080064e8                __mdiff
 .text.__d2b    0x00000000080065fc       0xb8 /usr/share/gcc-arm-none-eabi-10.3-2021.10/bin/../lib/gcc/arm-none-eabi/10.3.1/../../../../arm-none-eabi/lib/thumb/v7e-m+fp/hard/libg_nano.a(lib_a-mprec.o)
                0x00000000080065fc                __d2b
 .text._calloc_r
                0x00000000080066b4       0x2c /usr/share/gcc-arm-none-eabi-10.3-2021.10/bin/../lib/gcc/arm-none-eabi/10.3.1/../../../../arm-none-eabi/lib/thumb/v7e-m+fp/hard/libg_nano.a(lib_a-nano-callocr.o)
                0x00000000080066b4                _calloc_r
 .text._free_r  0x00000000080066e0       0x98 /usr/share/gcc-arm-none-eabi-10.3-2021.10/bin/../lib/gcc/arm-none-eabi/10.3.1/../../../../arm-none-eabi/lib/thumb/v7e-m+fp/hard/libg_nano.a(lib_a-nano-freer.o)
                0x00000000080066e0                _free_r
 .text._read_r  0x0000000008006778       0x24 /usr/share/gcc-arm-none-eabi-10.3-2021.10/bin/../lib/gcc/arm-none-eabi/10.3.1/../../../../arm-none-eabi/lib/thumb/v7e-m+fp/hard/libg_nano.a(lib_a-readr.o)
                0x0000000008006778                _read_r
 .text.__assert_func
                0x000000000800679c       0x3c /usr/share/gcc-arm-none-eabi-10.3-2021.10/bin/../lib/gcc/arm-none-eabi/10.3.1/../../../../arm-none-eabi/lib/thumb/v7e-m+fp/hard/libg_nano.a(lib_a-assert.o)
                0x000000000800679c                __assert_func
 .text.fprintf  0x00000000080067d8       0x24 /usr/share/gcc-arm-none-eabi-10.3-2021.10/bin/../lib/gcc/arm-none-eabi/10.3.1/../../../../arm-none-eabi/lib/thumb/v7e-m+fp/hard/libg_nano.a(lib_a-fprintf.o)
                0x00000000080067d8                fprintf
                0x00000000080067d8                fiprintf
 .text.__ascii_mbtowc
                0x00000000080067fc       0x24 /usr/share/gcc-arm-none-eabi-10.3-2021.10/bin/../lib/gcc/arm-none-eabi/10.3.1/../../../../arm-none-eabi/lib/thumb/v7e-m+fp/hard/libg_nano.a(lib_a-mbtowc_r.o)
                0x00000000080067fc                __ascii_mbtowc
 .text.__sfputc_r
                0x0000000008006820       0x2e /usr/share/gcc-arm-none-eabi-10.3-2021.10/bin/../lib/gcc/arm-none-eabi/10.3.1/../../../../arm-none-eabi/lib/thumb/v7e-m+fp/hard/libg_nano.a(lib_a-nano-vfprintf.o)
 .text.__sfputs_r
                0x000000000800684e       0x24 /usr/share/gcc-arm-none-eabi-10.3-2021.10/bin/../lib/gcc/arm-none-eabi/10.3.1/../../../../arm-none-eabi/lib/thumb/v7e-m+fp/hard/libg_nano.a(lib_a-nano-vfprintf.o)
                0x000000000800684e                __sfputs_r
 *fill*         0x0000000008006872        0x2 
 .text._vfprintf_r
                0x0000000008006874      0x260 /usr/share/gcc-arm-none-eabi-10.3-2021.10/bin/../lib/gcc/arm-none-eabi/10.3.1/../../../../arm-none-eabi/lib/thumb/v7e-m+fp/hard/libg_nano.a(lib_a-nano-vfprintf.o)
                0x0000000008006874                _vfiprintf_r
                0x0000000008006874                _vfprintf_r
 .text.__swbuf_r
                0x0000000008006ad4       0xa4 /usr/share/gcc-arm-none-eabi-10.3-2021.10/bin/../lib/gcc/arm-none-eabi/10.3.1/../../../../arm-none-eabi/lib/thumb/v7e-m+fp/hard/libg_nano.a(lib_a-wbuf.o)
                0x0000000008006ad4                __swbuf_r
 .text.__ascii_wctomb
                0x0000000008006b78       0x1a /usr/share/gcc-arm-none-eabi-10.3-2021.10/bin/../lib/gcc/arm-none-eabi/10.3.1/../../../../arm-none-eabi/lib/thumb/v7e-m+fp/hard/libg_nano.a(lib_a-wctomb_r.o)
                0x0000000008006b78                __ascii_wctomb
 *fill*         0x0000000008006b92        0x2 
 .text.__swsetup_r
                0x0000000008006b94       0xdc /usr/share/gcc-arm-none-eabi-10.3-2021.10/bin/../lib/gcc/arm-none-eabi/10.3.1/../../../../arm-none-eabi/lib/thumb/v7e-m+fp/hard/libg_nano.a(lib_a-wsetup.o)
                0x0000000008006b94                __swsetup_r
 .text.__swhatbuf_r
                0x0000000008006c70       0x4a /usr/share/gcc-arm-none-eabi-10.3-2021.10/bin/../lib/gcc/arm-none-eabi/10.3.1/../../../../arm-none-eabi/lib/thumb/v7e-m+fp/hard/libg_nano.a(lib_a-makebuf.o)
                0x0000000008006c70                __swhatbuf_r
 *fill*         0x0000000008006cba        0x2 
 .text.__smakebuf_r
                0x0000000008006cbc       0x80 /usr/share/gcc-arm-none-eabi-10.3-2021.10/bin/../lib/gcc/arm-none-eabi/10.3.1/../../../../arm-none-eabi/lib/thumb/v7e-m+fp/hard/libg_nano.a(lib_a-makebuf.o)
                0x0000000008006cbc                __smakebuf_r
 .text._fstat_r
                0x0000000008006d3c       0x24 /usr/share/gcc-arm-none-eabi-10.3-2021.10/bin/../lib/gcc/arm-none-eabi/10.3.1/../../../../arm-none-eabi/lib/thumb/v7e-m+fp/hard/libg_nano.a(lib_a-fstatr.o)
                0x0000000008006d3c                _fstat_r
 .text._isatty_r
                0x0000000008006d60       0x20 /usr/share/gcc-arm-none-eabi-10.3-2021.10/bin/../lib/gcc/arm-none-eabi/10.3.1/../../../../arm-none-eabi/lib/thumb/v7e-m+fp/hard/libg_nano.a(lib_a-isattyr.o)
                0x0000000008006d60                _isatty_r
 *(.glue_7)
 .glue_7        0x0000000008006d80        0x0 linker stubs
 *(.glue_7t)
 .glue_7t       0x0000000008006d80        0x0 linker stubs
 *(.eh_frame)
 .eh_frame      0x0000000008006d80        0x0 /usr/share/gcc-arm-none-eabi-10.3-2021.10/bin/../lib/gcc/arm-none-eabi/10.3.1/thumb/v7e-m+fp/hard/crtbegin.o
 *(.init)
 .init          0x0000000008006d80        0x4 /usr/share/gcc-arm-none-eabi-10.3-2021.10/bin/../lib/gcc/arm-none-eabi/10.3.1/thumb/v7e-m+fp/hard/crti.o
                0x0000000008006d80                _init
 .init          0x0000000008006d84        0x8 /usr/share/gcc-arm-none-eabi-10.3-2021.10/bin/../lib/gcc/arm-none-eabi/10.3.1/thumb/v7e-m+fp/hard/crtn.o
 *(.fini)
 .fini          0x0000000008006d8c        0x4 /usr/share/gcc-arm-none-eabi-10.3-2021.10/bin/../lib/gcc/arm-none-eabi/10.3.1/thumb/v7e-m+fp/hard/crti.o
                0x0000000008006d8c                _fini
 .fini          0x0000000008006d90        0x8 /usr/share/gcc-arm-none-eabi-10.3-2021.10/bin/../lib/gcc/arm-none-eabi/10.3.1/thumb/v7e-m+fp/hard/crtn.o
                0x0000000008006d98                . = ALIGN (0x4)
                0x0000000008006d98                _etext = .

.vfp11_veneer   0x0000000008006d98        0x0
 .vfp11_veneer  0x0000000008006d98        0x0 linker stubs

.v4_bx          0x0000000008006d98        0x0
 .v4_bx         0x0000000008006d98        0x0 linker stubs

.iplt           0x0000000008006d98        0x0
 .iplt          0x0000000008006d98        0x0 /usr/share/gcc-arm-none-eabi-10.3-2021.10/bin/../lib/gcc/arm-none-eabi/10.3.1/thumb/v7e-m+fp/hard/crtbegin.o

.rodata         0x0000000008006d98      0x474
                0x0000000008006d98                . = ALIGN (0x4)
 *(.rodata)
 .rodata        0x0000000008006d98       0x14 CMakeFiles/stm32f3discovery_Debug.dir/src/main.cpp.obj
 *(.rodata*)
 .rodata._ZL18OS_MAIN_TASK_ATTRS
                0x0000000008006dac       0x24 CMakeFiles/stm32f3discovery_Debug.dir/src/main.cpp.obj
 .rodata.vTaskStartScheduler.str1.4
                0x0000000008006dd0        0x5 CMakeFiles/stm32f3discovery_Debug.dir/lib/FreeRTOS/FreeRTOS/Source/tasks.c.obj
 *fill*         0x0000000008006dd5        0x3 
 .rodata.xTimerCreateTimerTask.str1.4
                0x0000000008006dd8       0x10 CMakeFiles/stm32f3discovery_Debug.dir/lib/FreeRTOS/FreeRTOS/Source/timers.c.obj
 .rodata.__sf_fake_stderr
                0x0000000008006de8       0x20 /usr/share/gcc-arm-none-eabi-10.3-2021.10/bin/../lib/gcc/arm-none-eabi/10.3.1/../../../../arm-none-eabi/lib/thumb/v7e-m+fp/hard/libg_nano.a(lib_a-findfp.o)
                0x0000000008006de8                __sf_fake_stderr
 .rodata.__sf_fake_stdin
                0x0000000008006e08       0x20 /usr/share/gcc-arm-none-eabi-10.3-2021.10/bin/../lib/gcc/arm-none-eabi/10.3.1/../../../../arm-none-eabi/lib/thumb/v7e-m+fp/hard/libg_nano.a(lib_a-findfp.o)
                0x0000000008006e08                __sf_fake_stdin
 .rodata.__sf_fake_stdout
                0x0000000008006e28       0x20 /usr/share/gcc-arm-none-eabi-10.3-2021.10/bin/../lib/gcc/arm-none-eabi/10.3.1/../../../../arm-none-eabi/lib/thumb/v7e-m+fp/hard/libg_nano.a(lib_a-findfp.o)
                0x0000000008006e28                __sf_fake_stdout
 .rodata._global_impure_ptr
                0x0000000008006e48        0x4 /usr/share/gcc-arm-none-eabi-10.3-2021.10/bin/../lib/gcc/arm-none-eabi/10.3.1/../../../../arm-none-eabi/lib/thumb/v7e-m+fp/hard/libg_nano.a(lib_a-impure.o)
                0x0000000008006e48                _global_impure_ptr
 .rodata._printf_float.str1.1
                0x0000000008006e4c       0x12 /usr/share/gcc-arm-none-eabi-10.3-2021.10/bin/../lib/gcc/arm-none-eabi/10.3.1/../../../../arm-none-eabi/lib/thumb/v7e-m+fp/hard/libg_nano.a(lib_a-nano-vfprintf_float.o)
 .rodata._printf_i.str1.1
                0x0000000008006e5e       0x22 /usr/share/gcc-arm-none-eabi-10.3-2021.10/bin/../lib/gcc/arm-none-eabi/10.3.1/../../../../arm-none-eabi/lib/thumb/v7e-m+fp/hard/libg_nano.a(lib_a-nano-vfprintf_i.o)
 .rodata._dtoa_r.str1.1
                0x0000000008006e80       0xb3 /usr/share/gcc-arm-none-eabi-10.3-2021.10/bin/../lib/gcc/arm-none-eabi/10.3.1/../../../../arm-none-eabi/lib/thumb/v7e-m+fp/hard/libg_nano.a(lib_a-dtoa.o)
                                         0xb5 (size before relaxing)
 .rodata._Balloc.str1.1
                0x0000000008006f33       0x7f /usr/share/gcc-arm-none-eabi-10.3-2021.10/bin/../lib/gcc/arm-none-eabi/10.3.1/../../../../arm-none-eabi/lib/thumb/v7e-m+fp/hard/libg_nano.a(lib_a-mprec.o)
                                         0x96 (size before relaxing)
 .rodata.__multadd.str1.1
                0x0000000008006fb2       0x11 /usr/share/gcc-arm-none-eabi-10.3-2021.10/bin/../lib/gcc/arm-none-eabi/10.3.1/../../../../arm-none-eabi/lib/thumb/v7e-m+fp/hard/libg_nano.a(lib_a-mprec.o)
 *fill*         0x0000000008006fb2        0x6 
 .rodata.__mprec_bigtens
                0x0000000008006fb8       0x28 /usr/share/gcc-arm-none-eabi-10.3-2021.10/bin/../lib/gcc/arm-none-eabi/10.3.1/../../../../arm-none-eabi/lib/thumb/v7e-m+fp/hard/libg_nano.a(lib_a-mprec.o)
                0x0000000008006fb8                __mprec_bigtens
 .rodata.__mprec_tens
                0x0000000008006fe0       0xc8 /usr/share/gcc-arm-none-eabi-10.3-2021.10/bin/../lib/gcc/arm-none-eabi/10.3.1/../../../../arm-none-eabi/lib/thumb/v7e-m+fp/hard/libg_nano.a(lib_a-mprec.o)
                0x0000000008006fe0                __mprec_tens
 .rodata.p05.0  0x00000000080070a8        0xc /usr/share/gcc-arm-none-eabi-10.3-2021.10/bin/../lib/gcc/arm-none-eabi/10.3.1/../../../../arm-none-eabi/lib/thumb/v7e-m+fp/hard/libg_nano.a(lib_a-mprec.o)
 .rodata.__assert_func.str1.1
                0x00000000080070b4       0x3c /usr/share/gcc-arm-none-eabi-10.3-2021.10/bin/../lib/gcc/arm-none-eabi/10.3.1/../../../../arm-none-eabi/lib/thumb/v7e-m+fp/hard/libg_nano.a(lib_a-assert.o)
                                         0x3d (size before relaxing)
 .rodata._setlocale_r.str1.1
                0x00000000080070f0        0x8 /usr/share/gcc-arm-none-eabi-10.3-2021.10/bin/../lib/gcc/arm-none-eabi/10.3.1/../../../../arm-none-eabi/lib/thumb/v7e-m+fp/hard/libg_nano.a(lib_a-locale.o)
                                          0x9 (size before relaxing)
 .rodata.str1.1
                0x00000000080070f8        0x2 /usr/share/gcc-arm-none-eabi-10.3-2021.10/bin/../lib/gcc/arm-none-eabi/10.3.1/../../../../arm-none-eabi/lib/thumb/v7e-m+fp/hard/libg_nano.a(lib_a-locale.o)
 .rodata._vfprintf_r.str1.1
                0x00000000080070fa       0x11 /usr/share/gcc-arm-none-eabi-10.3-2021.10/bin/../lib/gcc/arm-none-eabi/10.3.1/../../../../arm-none-eabi/lib/thumb/v7e-m+fp/hard/libg_nano.a(lib_a-nano-vfprintf.o)
 .rodata._ctype_
                0x000000000800710b      0x101 /usr/share/gcc-arm-none-eabi-10.3-2021.10/bin/../lib/gcc/arm-none-eabi/10.3.1/../../../../arm-none-eabi/lib/thumb/v7e-m+fp/hard/libg_nano.a(lib_a-ctype_.o)
                0x000000000800710b                _ctype_
                0x000000000800720c                . = ALIGN (0x4)

.ARM.extab      0x000000000800720c       0x24
 *(.ARM.extab* .gnu.linkonce.armextab.*)
 .ARM.extab.text._Z7os_mainPv
                0x000000000800720c        0xc CMakeFiles/stm32f3discovery_Debug.dir/src/main.cpp.obj
 .ARM.extab.text._ZN4Gpio3Led6toggleILh10EEEvv
                0x0000000008007218        0x0 CMakeFiles/stm32f3discovery_Debug.dir/src/main.cpp.obj
 .ARM.extab.text._ZN4Gpio3Led6toggleILh15EEEvv
                0x0000000008007218        0x0 CMakeFiles/stm32f3discovery_Debug.dir/src/main.cpp.obj
 .ARM.extab     0x0000000008007218       0x18 /usr/share/gcc-arm-none-eabi-10.3-2021.10/bin/../lib/gcc/arm-none-eabi/10.3.1/thumb/v7e-m+fp/hard/libgcc.a(pr-support.o)

.ARM            0x0000000008007230       0xe8
                0x0000000008007230                __exidx_start = .
 *(.ARM.exidx*)
 .ARM.exidx.text._ZN4Gpio3Led4initEv
                0x00000000080072e8        0x0 CMakeFiles/stm32f3discovery_Debug.dir/src/gpio.cpp.obj
                                          0x8 (size before relaxing)
 .ARM.exidx.text._ZN4Gpio4initEv
                0x00000000080072e8        0x0 CMakeFiles/stm32f3discovery_Debug.dir/src/gpio.cpp.obj
                                          0x8 (size before relaxing)
 .ARM.exidx.text._Z7os_mainPv
                0x00000000080072e8        0x8 CMakeFiles/stm32f3discovery_Debug.dir/src/main.cpp.obj
 .ARM.exidx.text._ZN6Usart111on_transmitEv
                0x00000000080072f0        0x8 CMakeFiles/stm32f3discovery_Debug.dir/src/main.cpp.obj
 .ARM.exidx.text.main
                0x00000000080072f8        0x8 CMakeFiles/stm32f3discovery_Debug.dir/src/main.cpp.obj
 .ARM.exidx.text._ZN4Gpio3Led6toggleILh10EEEvv
                0x0000000008007300        0x8 CMakeFiles/stm32f3discovery_Debug.dir/src/main.cpp.obj
 .ARM.exidx.text._ZN4Gpio3Led6toggleILh15EEEvv
                0x0000000008007308        0x0 CMakeFiles/stm32f3discovery_Debug.dir/src/main.cpp.obj
                                          0x8 (size before relaxing)
 .ARM.exidx.text.__NVIC_EnableIRQ
                0x0000000008007308        0x0 CMakeFiles/stm32f3discovery_Debug.dir/src/system/system.cpp.obj
                                          0x8 (size before relaxing)
 .ARM.exidx.text.__NVIC_SetPriority
                0x0000000008007308        0x0 CMakeFiles/stm32f3discovery_Debug.dir/src/system/system.cpp.obj
                                          0x8 (size before relaxing)
 .ARM.exidx.text.SystemInit
                0x0000000008007308        0x0 CMakeFiles/stm32f3discovery_Debug.dir/src/system/system.cpp.obj
                                          0x8 (size before relaxing)
 .ARM.exidx.text._ZN6System17core_clock_updateEv
                0x0000000008007308        0x0 CMakeFiles/stm32f3discovery_Debug.dir/src/system/system.cpp.obj
                                          0x8 (size before relaxing)
 .ARM.exidx.text.TIM6_DAC_IRQHandler
                0x0000000008007308        0x0 CMakeFiles/stm32f3discovery_Debug.dir/src/system/system.cpp.obj
                                          0x8 (size before relaxing)
 .ARM.exidx.text._ZN6System9init_tickEv
                0x0000000008007308        0x0 CMakeFiles/stm32f3discovery_Debug.dir/src/system/system.cpp.obj
                                          0x8 (size before relaxing)
 .ARM.exidx.text._ZN6System4initEv
                0x0000000008007308        0x0 CMakeFiles/stm32f3discovery_Debug.dir/src/system/system.cpp.obj
                                          0x8 (size before relaxing)
 .ARM.exidx.text.__NVIC_EnableIRQ
                0x0000000008007308        0x0 CMakeFiles/stm32f3discovery_Debug.dir/src/usart.cpp.obj
                                          0x8 (size before relaxing)
 .ARM.exidx.text.__NVIC_SetPriority
                0x0000000008007308        0x0 CMakeFiles/stm32f3discovery_Debug.dir/src/usart.cpp.obj
                                          0x8 (size before relaxing)
 .ARM.exidx.text._ZN6Usart113enable_clocksEv
                0x0000000008007308        0x0 CMakeFiles/stm32f3discovery_Debug.dir/src/usart.cpp.obj
                                          0x8 (size before relaxing)
 .ARM.exidx.text._ZN6Usart19gpio_initEv
                0x0000000008007308        0x0 CMakeFiles/stm32f3discovery_Debug.dir/src/usart.cpp.obj
                                          0x8 (size before relaxing)
 .ARM.exidx.text._ZN6Usart110usart_initEm
                0x0000000008007308        0x0 CMakeFiles/stm32f3discovery_Debug.dir/src/usart.cpp.obj
                                          0x8 (size before relaxing)
 .ARM.exidx.text._ZN6Usart18transmitEPhm
                0x0000000008007308        0x0 CMakeFiles/stm32f3discovery_Debug.dir/src/usart.cpp.obj
                                          0x8 (size before relaxing)
 .ARM.exidx.text.DMA1_Channel4_IRQHandler
                0x0000000008007308        0x8 CMakeFiles/stm32f3discovery_Debug.dir/src/usart.cpp.obj
 .ARM.exidx.text.DMA1_Channel5_IRQHandler
                0x0000000008007310        0x0 CMakeFiles/stm32f3discovery_Debug.dir/src/usart.cpp.obj
                                          0x8 (size before relaxing)
 .ARM.exidx.text.USART1_IRQHandler
                0x0000000008007310        0x0 CMakeFiles/stm32f3discovery_Debug.dir/src/usart.cpp.obj
                                          0x8 (size before relaxing)
 .ARM.exidx.text._ZN6Usart110on_receiveEv
                0x0000000008007310        0x8 CMakeFiles/stm32f3discovery_Debug.dir/src/usart.cpp.obj
 .ARM.exidx.text._ZN6Usart17on_idleEv
                0x0000000008007318        0x0 CMakeFiles/stm32f3discovery_Debug.dir/src/usart.cpp.obj
                                          0x8 (size before relaxing)
 .ARM.exidx.text._ZN6Usart14initEm
                0x0000000008007318        0x0 CMakeFiles/stm32f3discovery_Debug.dir/src/usart.cpp.obj
                                          0x8 (size before relaxing)
 .ARM.exidx     0x0000000008007230       0x80 /usr/share/gcc-arm-none-eabi-10.3-2021.10/bin/../lib/gcc/arm-none-eabi/10.3.1/thumb/v7e-m+fp/hard/libgcc.a(unwind-arm.o)
                                         0xd8 (size before relaxing)
 .ARM.exidx     0x00000000080072b0       0x38 /usr/share/gcc-arm-none-eabi-10.3-2021.10/bin/../lib/gcc/arm-none-eabi/10.3.1/thumb/v7e-m+fp/hard/libgcc.a(pr-support.o)
                0x0000000008007318                __exidx_end = .

.rel.dyn        0x0000000008007318        0x0
 .rel.iplt      0x0000000008007318        0x0 /usr/share/gcc-arm-none-eabi-10.3-2021.10/bin/../lib/gcc/arm-none-eabi/10.3.1/thumb/v7e-m+fp/hard/crtbegin.o

.preinit_array  0x0000000008007318        0x0
                0x0000000008007318                PROVIDE (__preinit_array_start = .)
 *(.preinit_array*)
                0x0000000008007318                PROVIDE (__preinit_array_end = .)

.init_array     0x0000000008007318        0x4
                0x0000000008007318                PROVIDE (__init_array_start = .)
 *(SORT_BY_NAME(.init_array.*))
 *(.init_array*)
 .init_array    0x0000000008007318        0x4 /usr/share/gcc-arm-none-eabi-10.3-2021.10/bin/../lib/gcc/arm-none-eabi/10.3.1/thumb/v7e-m+fp/hard/crtbegin.o
                0x000000000800731c                PROVIDE (__init_array_end = .)

.fini_array     0x000000000800731c        0x4
                [!provide]                        PROVIDE (__fini_array_start = .)
 *(SORT_BY_NAME(.fini_array.*))
 *(.fini_array*)
 .fini_array    0x000000000800731c        0x4 /usr/share/gcc-arm-none-eabi-10.3-2021.10/bin/../lib/gcc/arm-none-eabi/10.3.1/thumb/v7e-m+fp/hard/crtbegin.o
                [!provide]                        PROVIDE (__fini_array_end = .)
                0x0000000008007320                _sidata = LOADADDR (.data)

.data           0x0000000020000000      0x1d8 load address 0x0000000008007320
                0x0000000020000000                . = ALIGN (0x4)
                0x0000000020000000                _sdata = .
 *(.data)
 *(.data*)
 .data._ZN6System10CORE_CLOCKE
                0x0000000020000000        0x4 CMakeFiles/stm32f3discovery_Debug.dir/src/system/system.cpp.obj
                0x0000000020000000                System::CORE_CLOCK
 .data.uxCriticalNesting
                0x0000000020000004        0x4 CMakeFiles/stm32f3discovery_Debug.dir/lib/FreeRTOS/FreeRTOS/Source/portable/GCC/ARM_CM4F/port.c.obj
 .data._impure_ptr
                0x0000000020000008        0x4 /usr/share/gcc-arm-none-eabi-10.3-2021.10/bin/../lib/gcc/arm-none-eabi/10.3.1/../../../../arm-none-eabi/lib/thumb/v7e-m+fp/hard/libg_nano.a(lib_a-impure.o)
                0x0000000020000008                _impure_ptr
 .data.impure_data
                0x000000002000000c       0x60 /usr/share/gcc-arm-none-eabi-10.3-2021.10/bin/../lib/gcc/arm-none-eabi/10.3.1/../../../../arm-none-eabi/lib/thumb/v7e-m+fp/hard/libg_nano.a(lib_a-impure.o)
 .data.__global_locale
                0x000000002000006c      0x16c /usr/share/gcc-arm-none-eabi-10.3-2021.10/bin/../lib/gcc/arm-none-eabi/10.3.1/../../../../arm-none-eabi/lib/thumb/v7e-m+fp/hard/libg_nano.a(lib_a-locale.o)
                0x000000002000006c                __global_locale
                0x00000000200001d8                . = ALIGN (0x4)
                0x00000000200001d8                _edata = .
                0x00000000080074f8                _siccmram = LOADADDR (.ccmram)

.igot.plt       0x00000000200001d8        0x0 load address 0x00000000080074f8
 .igot.plt      0x00000000200001d8        0x0 /usr/share/gcc-arm-none-eabi-10.3-2021.10/bin/../lib/gcc/arm-none-eabi/10.3.1/thumb/v7e-m+fp/hard/crtbegin.o

.ccmram         0x0000000010000000        0x0 load address 0x00000000080074f8
                0x0000000010000000                . = ALIGN (0x4)
                0x0000000010000000                _sccmram = .
 *(.ccmram)
 *(.ccmram*)
                0x0000000010000000                . = ALIGN (0x4)
                0x0000000010000000                _eccmram = .
                0x0000000010000000                . = ALIGN (0x4)

.bss            0x00000000200001d8     0x4d84
                0x00000000200001d8                _sbss = .
                0x00000000200001d8                __bss_start__ = _sbss
 *(.bss)
 .bss           0x00000000200001d8       0x1c /usr/share/gcc-arm-none-eabi-10.3-2021.10/bin/../lib/gcc/arm-none-eabi/10.3.1/thumb/v7e-m+fp/hard/crtbegin.o
 *(.bss*)
 .bss.Idle_Stack
                0x00000000200001f4      0x200 CMakeFiles/stm32f3discovery_Debug.dir/src/freertos/cmsis_os2.c.obj
 .bss.Idle_TCB  0x00000000200003f4       0xbc CMakeFiles/stm32f3discovery_Debug.dir/src/freertos/cmsis_os2.c.obj
 .bss.KernelState
                0x00000000200004b0        0x4 CMakeFiles/stm32f3discovery_Debug.dir/src/freertos/cmsis_os2.c.obj
 .bss.Timer_Stack
                0x00000000200004b4      0x400 CMakeFiles/stm32f3discovery_Debug.dir/src/freertos/cmsis_os2.c.obj
 .bss.Timer_TCB
                0x00000000200008b4       0xbc CMakeFiles/stm32f3discovery_Debug.dir/src/freertos/cmsis_os2.c.obj
 .bss.OS_MAIN_TASK_HANDLE
                0x0000000020000970        0x4 CMakeFiles/stm32f3discovery_Debug.dir/src/main.cpp.obj
                0x0000000020000970                OS_MAIN_TASK_HANDLE
 .bss.heap_end.0
                0x0000000020000974        0x4 CMakeFiles/stm32f3discovery_Debug.dir/src/syscalls.c.obj
 .bss._ZN6System4TICKE
                0x0000000020000978        0x4 CMakeFiles/stm32f3discovery_Debug.dir/src/system/system.cpp.obj
                0x0000000020000978                System::TICK
 .bss.pxCurrentTCB
                0x000000002000097c        0x4 CMakeFiles/stm32f3discovery_Debug.dir/lib/FreeRTOS/FreeRTOS/Source/tasks.c.obj
                0x000000002000097c                pxCurrentTCB
 .bss.pxDelayedTaskList
                0x0000000020000980        0x4 CMakeFiles/stm32f3discovery_Debug.dir/lib/FreeRTOS/FreeRTOS/Source/tasks.c.obj
 .bss.pxOverflowDelayedTaskList
                0x0000000020000984        0x4 CMakeFiles/stm32f3discovery_Debug.dir/lib/FreeRTOS/FreeRTOS/Source/tasks.c.obj
 .bss.pxReadyTasksLists
                0x0000000020000988      0x460 CMakeFiles/stm32f3discovery_Debug.dir/lib/FreeRTOS/FreeRTOS/Source/tasks.c.obj
 .bss.uxCurrentNumberOfTasks
                0x0000000020000de8        0x4 CMakeFiles/stm32f3discovery_Debug.dir/lib/FreeRTOS/FreeRTOS/Source/tasks.c.obj
 .bss.uxDeletedTasksWaitingCleanUp
                0x0000000020000dec        0x4 CMakeFiles/stm32f3discovery_Debug.dir/lib/FreeRTOS/FreeRTOS/Source/tasks.c.obj
 .bss.uxSchedulerSuspended
                0x0000000020000df0        0x4 CMakeFiles/stm32f3discovery_Debug.dir/lib/FreeRTOS/FreeRTOS/Source/tasks.c.obj
 .bss.uxTaskNumber
                0x0000000020000df4        0x4 CMakeFiles/stm32f3discovery_Debug.dir/lib/FreeRTOS/FreeRTOS/Source/tasks.c.obj
 .bss.uxTopReadyPriority
                0x0000000020000df8        0x4 CMakeFiles/stm32f3discovery_Debug.dir/lib/FreeRTOS/FreeRTOS/Source/tasks.c.obj
 .bss.xDelayedTaskList1
                0x0000000020000dfc       0x14 CMakeFiles/stm32f3discovery_Debug.dir/lib/FreeRTOS/FreeRTOS/Source/tasks.c.obj
 .bss.xDelayedTaskList2
                0x0000000020000e10       0x14 CMakeFiles/stm32f3discovery_Debug.dir/lib/FreeRTOS/FreeRTOS/Source/tasks.c.obj
 .bss.xNextTaskUnblockTime
                0x0000000020000e24        0x4 CMakeFiles/stm32f3discovery_Debug.dir/lib/FreeRTOS/FreeRTOS/Source/tasks.c.obj
 .bss.xNumOfOverflows
                0x0000000020000e28        0x4 CMakeFiles/stm32f3discovery_Debug.dir/lib/FreeRTOS/FreeRTOS/Source/tasks.c.obj
 .bss.xPendedTicks
                0x0000000020000e2c        0x4 CMakeFiles/stm32f3discovery_Debug.dir/lib/FreeRTOS/FreeRTOS/Source/tasks.c.obj
 .bss.xPendingReadyList
                0x0000000020000e30       0x14 CMakeFiles/stm32f3discovery_Debug.dir/lib/FreeRTOS/FreeRTOS/Source/tasks.c.obj
 .bss.xSchedulerRunning
                0x0000000020000e44        0x4 CMakeFiles/stm32f3discovery_Debug.dir/lib/FreeRTOS/FreeRTOS/Source/tasks.c.obj
 .bss.xSuspendedTaskList
                0x0000000020000e48       0x14 CMakeFiles/stm32f3discovery_Debug.dir/lib/FreeRTOS/FreeRTOS/Source/tasks.c.obj
 .bss.xTasksWaitingTermination
                0x0000000020000e5c       0x14 CMakeFiles/stm32f3discovery_Debug.dir/lib/FreeRTOS/FreeRTOS/Source/tasks.c.obj
 .bss.xTickCount
                0x0000000020000e70        0x4 CMakeFiles/stm32f3discovery_Debug.dir/lib/FreeRTOS/FreeRTOS/Source/tasks.c.obj
 .bss.xYieldPending
                0x0000000020000e74        0x4 CMakeFiles/stm32f3discovery_Debug.dir/lib/FreeRTOS/FreeRTOS/Source/tasks.c.obj
 .bss.xQueueRegistry
                0x0000000020000e78       0x40 CMakeFiles/stm32f3discovery_Debug.dir/lib/FreeRTOS/FreeRTOS/Source/queue.c.obj
                0x0000000020000e78                xQueueRegistry
 .bss.pxCurrentTimerList
                0x0000000020000eb8        0x4 CMakeFiles/stm32f3discovery_Debug.dir/lib/FreeRTOS/FreeRTOS/Source/timers.c.obj
 .bss.pxOverflowTimerList
                0x0000000020000ebc        0x4 CMakeFiles/stm32f3discovery_Debug.dir/lib/FreeRTOS/FreeRTOS/Source/timers.c.obj
 .bss.ucStaticTimerQueueStorage.1
                0x0000000020000ec0       0xa0 CMakeFiles/stm32f3discovery_Debug.dir/lib/FreeRTOS/FreeRTOS/Source/timers.c.obj
 .bss.xActiveTimerList1
                0x0000000020000f60       0x14 CMakeFiles/stm32f3discovery_Debug.dir/lib/FreeRTOS/FreeRTOS/Source/timers.c.obj
 .bss.xActiveTimerList2
                0x0000000020000f74       0x14 CMakeFiles/stm32f3discovery_Debug.dir/lib/FreeRTOS/FreeRTOS/Source/timers.c.obj
 .bss.xLastTime.2
                0x0000000020000f88        0x4 CMakeFiles/stm32f3discovery_Debug.dir/lib/FreeRTOS/FreeRTOS/Source/timers.c.obj
 .bss.xStaticTimerQueue.0
                0x0000000020000f8c       0x50 CMakeFiles/stm32f3discovery_Debug.dir/lib/FreeRTOS/FreeRTOS/Source/timers.c.obj
 .bss.xTimerQueue
                0x0000000020000fdc        0x4 CMakeFiles/stm32f3discovery_Debug.dir/lib/FreeRTOS/FreeRTOS/Source/timers.c.obj
 .bss.xTimerTaskHandle
                0x0000000020000fe0        0x4 CMakeFiles/stm32f3discovery_Debug.dir/lib/FreeRTOS/FreeRTOS/Source/timers.c.obj
 .bss.pxEnd     0x0000000020000fe4        0x4 CMakeFiles/stm32f3discovery_Debug.dir/lib/FreeRTOS/FreeRTOS/Source/portable/MemMang/heap_4.c.obj
 .bss.ucHeap    0x0000000020000fe8     0x3f40 CMakeFiles/stm32f3discovery_Debug.dir/lib/FreeRTOS/FreeRTOS/Source/portable/MemMang/heap_4.c.obj
 .bss.xBlockAllocatedBit
                0x0000000020004f28        0x4 CMakeFiles/stm32f3discovery_Debug.dir/lib/FreeRTOS/FreeRTOS/Source/portable/MemMang/heap_4.c.obj
 .bss.xFreeBytesRemaining
                0x0000000020004f2c        0x4 CMakeFiles/stm32f3discovery_Debug.dir/lib/FreeRTOS/FreeRTOS/Source/portable/MemMang/heap_4.c.obj
 .bss.xMinimumEverFreeBytesRemaining
                0x0000000020004f30        0x4 CMakeFiles/stm32f3discovery_Debug.dir/lib/FreeRTOS/FreeRTOS/Source/portable/MemMang/heap_4.c.obj
 .bss.xNumberOfSuccessfulAllocations
                0x0000000020004f34        0x4 CMakeFiles/stm32f3discovery_Debug.dir/lib/FreeRTOS/FreeRTOS/Source/portable/MemMang/heap_4.c.obj
 .bss.xNumberOfSuccessfulFrees
                0x0000000020004f38        0x4 CMakeFiles/stm32f3discovery_Debug.dir/lib/FreeRTOS/FreeRTOS/Source/portable/MemMang/heap_4.c.obj
 .bss.xStart    0x0000000020004f3c        0x8 CMakeFiles/stm32f3discovery_Debug.dir/lib/FreeRTOS/FreeRTOS/Source/portable/MemMang/heap_4.c.obj
 .bss.ucMaxSysCallPriority
                0x0000000020004f44        0x1 CMakeFiles/stm32f3discovery_Debug.dir/lib/FreeRTOS/FreeRTOS/Source/portable/GCC/ARM_CM4F/port.c.obj
 *fill*         0x0000000020004f45        0x3 
 .bss.ulMaxPRIGROUPValue
                0x0000000020004f48        0x4 CMakeFiles/stm32f3discovery_Debug.dir/lib/FreeRTOS/FreeRTOS/Source/portable/GCC/ARM_CM4F/port.c.obj
 .bss.__lock___malloc_recursive_mutex
                0x0000000020004f4c        0x1 /usr/share/gcc-arm-none-eabi-10.3-2021.10/bin/../lib/gcc/arm-none-eabi/10.3.1/../../../../arm-none-eabi/lib/thumb/v7e-m+fp/hard/libg_nano.a(lib_a-lock.o)
                0x0000000020004f4c                __lock___malloc_recursive_mutex
 .bss.__lock___sfp_recursive_mutex
                0x0000000020004f4d        0x1 /usr/share/gcc-arm-none-eabi-10.3-2021.10/bin/../lib/gcc/arm-none-eabi/10.3.1/../../../../arm-none-eabi/lib/thumb/v7e-m+fp/hard/libg_nano.a(lib_a-lock.o)
                0x0000000020004f4d                __lock___sfp_recursive_mutex
 .bss.__lock___sinit_recursive_mutex
                0x0000000020004f4e        0x1 /usr/share/gcc-arm-none-eabi-10.3-2021.10/bin/../lib/gcc/arm-none-eabi/10.3.1/../../../../arm-none-eabi/lib/thumb/v7e-m+fp/hard/libg_nano.a(lib_a-lock.o)
                0x0000000020004f4e                __lock___sinit_recursive_mutex
 *fill*         0x0000000020004f4f        0x1 
 .bss.__malloc_free_list
                0x0000000020004f50        0x4 /usr/share/gcc-arm-none-eabi-10.3-2021.10/bin/../lib/gcc/arm-none-eabi/10.3.1/../../../../arm-none-eabi/lib/thumb/v7e-m+fp/hard/libg_nano.a(lib_a-nano-mallocr.o)
                0x0000000020004f50                __malloc_free_list
 .bss.__malloc_sbrk_start
                0x0000000020004f54        0x4 /usr/share/gcc-arm-none-eabi-10.3-2021.10/bin/../lib/gcc/arm-none-eabi/10.3.1/../../../../arm-none-eabi/lib/thumb/v7e-m+fp/hard/libg_nano.a(lib_a-nano-mallocr.o)
                0x0000000020004f54                __malloc_sbrk_start
 .bss.errno     0x0000000020004f58        0x4 /usr/share/gcc-arm-none-eabi-10.3-2021.10/bin/../lib/gcc/arm-none-eabi/10.3.1/../../../../arm-none-eabi/lib/thumb/v7e-m+fp/hard/libg_nano.a(lib_a-reent.o)
                0x0000000020004f58                errno
 *(COMMON)
                0x0000000020004f5c                . = ALIGN (0x4)
                0x0000000020004f5c                _ebss = .
                0x0000000020004f5c                __bss_end__ = _ebss

._user_heap_stack
                0x0000000020004f5c      0x604
                0x0000000020004f60                . = ALIGN (0x8)
 *fill*         0x0000000020004f5c        0x4 
                0x0000000020004f60                PROVIDE (end = .)
                [!provide]                        PROVIDE (_end = .)
                0x0000000020005160                . = (. + _Min_Heap_Size)
 *fill*         0x0000000020004f60      0x200 
                0x0000000020005560                . = (. + _Min_Stack_Size)
 *fill*         0x0000000020005160      0x400 
                0x0000000020005560                . = ALIGN (0x8)

/DISCARD/
 libc.a(*)
 libm.a(*)
 libgcc.a(*)

.ARM.attributes
                0x0000000000000000       0x30
 *(.ARM.attributes)
 .ARM.attributes
                0x0000000000000000       0x1e /usr/share/gcc-arm-none-eabi-10.3-2021.10/bin/../lib/gcc/arm-none-eabi/10.3.1/thumb/v7e-m+fp/hard/crti.o
 .ARM.attributes
                0x000000000000001e       0x34 /usr/share/gcc-arm-none-eabi-10.3-2021.10/bin/../lib/gcc/arm-none-eabi/10.3.1/thumb/v7e-m+fp/hard/crtbegin.o
 .ARM.attributes
                0x0000000000000052       0x21 CMakeFiles/stm32f3discovery_Debug.dir/platform/stm32f3discovery/stm32f3discovery_startup.s.obj
 .ARM.attributes
                0x0000000000000073       0x34 CMakeFiles/stm32f3discovery_Debug.dir/src/freertos/cmsis_os2.c.obj
 .ARM.attributes
                0x00000000000000a7       0x34 CMakeFiles/stm32f3discovery_Debug.dir/src/freertos/hooks.c.obj
 .ARM.attributes
                0x00000000000000db       0x34 CMakeFiles/stm32f3discovery_Debug.dir/src/gpio.cpp.obj
 .ARM.attributes
                0x000000000000010f       0x34 CMakeFiles/stm32f3discovery_Debug.dir/src/main.cpp.obj
 .ARM.attributes
                0x0000000000000143       0x34 CMakeFiles/stm32f3discovery_Debug.dir/src/syscalls.c.obj
 .ARM.attributes
                0x0000000000000177       0x34 CMakeFiles/stm32f3discovery_Debug.dir/src/system/system.cpp.obj
 .ARM.attributes
                0x00000000000001ab       0x34 CMakeFiles/stm32f3discovery_Debug.dir/src/usart.cpp.obj
 .ARM.attributes
                0x00000000000001df       0x34 CMakeFiles/stm32f3discovery_Debug.dir/lib/FreeRTOS/FreeRTOS/Source/tasks.c.obj
 .ARM.attributes
                0x0000000000000213       0x34 CMakeFiles/stm32f3discovery_Debug.dir/lib/FreeRTOS/FreeRTOS/Source/queue.c.obj
 .ARM.attributes
                0x0000000000000247       0x34 CMakeFiles/stm32f3discovery_Debug.dir/lib/FreeRTOS/FreeRTOS/Source/list.c.obj
 .ARM.attributes
                0x000000000000027b       0x34 CMakeFiles/stm32f3discovery_Debug.dir/lib/FreeRTOS/FreeRTOS/Source/timers.c.obj
 .ARM.attributes
                0x00000000000002af       0x34 CMakeFiles/stm32f3discovery_Debug.dir/lib/FreeRTOS/FreeRTOS/Source/portable/MemMang/heap_4.c.obj
 .ARM.attributes
                0x00000000000002e3       0x34 CMakeFiles/stm32f3discovery_Debug.dir/lib/FreeRTOS/FreeRTOS/Source/portable/GCC/ARM_CM4F/port.c.obj
 .ARM.attributes
                0x0000000000000317       0x34 /usr/share/gcc-arm-none-eabi-10.3-2021.10/bin/../lib/gcc/arm-none-eabi/10.3.1/thumb/v7e-m+fp/hard/libgcc.a(unwind-arm.o)
 .ARM.attributes
                0x000000000000034b       0x1e /usr/share/gcc-arm-none-eabi-10.3-2021.10/bin/../lib/gcc/arm-none-eabi/10.3.1/thumb/v7e-m+fp/hard/libgcc.a(libunwind.o)
 .ARM.attributes
                0x0000000000000369       0x34 /usr/share/gcc-arm-none-eabi-10.3-2021.10/bin/../lib/gcc/arm-none-eabi/10.3.1/thumb/v7e-m+fp/hard/libgcc.a(pr-support.o)
 .ARM.attributes
                0x000000000000039d       0x34 /usr/share/gcc-arm-none-eabi-10.3-2021.10/bin/../lib/gcc/arm-none-eabi/10.3.1/../../../../arm-none-eabi/lib/thumb/v7e-m+fp/hard/libg_nano.a(lib_a-abort.o)
 .ARM.attributes
                0x00000000000003d1       0x34 /usr/share/gcc-arm-none-eabi-10.3-2021.10/bin/../lib/gcc/arm-none-eabi/10.3.1/../../../../arm-none-eabi/lib/thumb/v7e-m+fp/hard/libg_nano.a(lib_a-errno.o)
 .ARM.attributes
                0x0000000000000405       0x34 /usr/share/gcc-arm-none-eabi-10.3-2021.10/bin/../lib/gcc/arm-none-eabi/10.3.1/../../../../arm-none-eabi/lib/thumb/v7e-m+fp/hard/libg_nano.a(lib_a-findfp.o)
 .ARM.attributes
                0x0000000000000439       0x34 /usr/share/gcc-arm-none-eabi-10.3-2021.10/bin/../lib/gcc/arm-none-eabi/10.3.1/../../../../arm-none-eabi/lib/thumb/v7e-m+fp/hard/libg_nano.a(lib_a-fwalk.o)
 .ARM.attributes
                0x000000000000046d       0x34 /usr/share/gcc-arm-none-eabi-10.3-2021.10/bin/../lib/gcc/arm-none-eabi/10.3.1/../../../../arm-none-eabi/lib/thumb/v7e-m+fp/hard/libg_nano.a(lib_a-impure.o)
 .ARM.attributes
                0x00000000000004a1       0x34 /usr/share/gcc-arm-none-eabi-10.3-2021.10/bin/../lib/gcc/arm-none-eabi/10.3.1/../../../../arm-none-eabi/lib/thumb/v7e-m+fp/hard/libg_nano.a(lib_a-init.o)
 .ARM.attributes
                0x00000000000004d5       0x34 /usr/share/gcc-arm-none-eabi-10.3-2021.10/bin/../lib/gcc/arm-none-eabi/10.3.1/../../../../arm-none-eabi/lib/thumb/v7e-m+fp/hard/libg_nano.a(lib_a-lock.o)
 .ARM.attributes
                0x0000000000000509       0x34 /usr/share/gcc-arm-none-eabi-10.3-2021.10/bin/../lib/gcc/arm-none-eabi/10.3.1/../../../../arm-none-eabi/lib/thumb/v7e-m+fp/hard/libg_nano.a(lib_a-memcpy-stub.o)
 .ARM.attributes
                0x000000000000053d       0x34 /usr/share/gcc-arm-none-eabi-10.3-2021.10/bin/../lib/gcc/arm-none-eabi/10.3.1/../../../../arm-none-eabi/lib/thumb/v7e-m+fp/hard/libg_nano.a(lib_a-memset.o)
 .ARM.attributes
                0x0000000000000571       0x34 /usr/share/gcc-arm-none-eabi-10.3-2021.10/bin/../lib/gcc/arm-none-eabi/10.3.1/../../../../arm-none-eabi/lib/thumb/v7e-m+fp/hard/libg_nano.a(lib_a-nano-mallocr.o)
 .ARM.attributes
                0x00000000000005a5       0x34 /usr/share/gcc-arm-none-eabi-10.3-2021.10/bin/../lib/gcc/arm-none-eabi/10.3.1/../../../../arm-none-eabi/lib/thumb/v7e-m+fp/hard/libg_nano.a(lib_a-nano-vfprintf_float.o)
 .ARM.attributes
                0x00000000000005d9       0x34 /usr/share/gcc-arm-none-eabi-10.3-2021.10/bin/../lib/gcc/arm-none-eabi/10.3.1/../../../../arm-none-eabi/lib/thumb/v7e-m+fp/hard/libg_nano.a(lib_a-nano-vfprintf_i.o)
 .ARM.attributes
                0x000000000000060d       0x34 /usr/share/gcc-arm-none-eabi-10.3-2021.10/bin/../lib/gcc/arm-none-eabi/10.3.1/../../../../arm-none-eabi/lib/thumb/v7e-m+fp/hard/libg_nano.a(lib_a-reent.o)
 .ARM.attributes
                0x0000000000000641       0x34 /usr/share/gcc-arm-none-eabi-10.3-2021.10/bin/../lib/gcc/arm-none-eabi/10.3.1/../../../../arm-none-eabi/lib/thumb/v7e-m+fp/hard/libg_nano.a(lib_a-sbrkr.o)
 .ARM.attributes
                0x0000000000000675       0x34 /usr/share/gcc-arm-none-eabi-10.3-2021.10/bin/../lib/gcc/arm-none-eabi/10.3.1/../../../../arm-none-eabi/lib/thumb/v7e-m+fp/hard/libg_nano.a(lib_a-signal.o)
 .ARM.attributes
                0x00000000000006a9       0x34 /usr/share/gcc-arm-none-eabi-10.3-2021.10/bin/../lib/gcc/arm-none-eabi/10.3.1/../../../../arm-none-eabi/lib/thumb/v7e-m+fp/hard/libg_nano.a(lib_a-signalr.o)
 .ARM.attributes
                0x00000000000006dd       0x34 /usr/share/gcc-arm-none-eabi-10.3-2021.10/bin/../lib/gcc/arm-none-eabi/10.3.1/../../../../arm-none-eabi/lib/thumb/v7e-m+fp/hard/libg_nano.a(lib_a-stdio.o)
 .ARM.attributes
                0x0000000000000711       0x17 /usr/share/gcc-arm-none-eabi-10.3-2021.10/bin/../lib/gcc/arm-none-eabi/10.3.1/../../../../arm-none-eabi/lib/thumb/v7e-m+fp/hard/libg_nano.a(lib_a-strlen.o)
 .ARM.attributes
                0x0000000000000728       0x34 /usr/share/gcc-arm-none-eabi-10.3-2021.10/bin/../lib/gcc/arm-none-eabi/10.3.1/../../../../arm-none-eabi/lib/thumb/v7e-m+fp/hard/libg_nano.a(lib_a-writer.o)
 .ARM.attributes
                0x000000000000075c       0x34 /usr/share/gcc-arm-none-eabi-10.3-2021.10/bin/../lib/gcc/arm-none-eabi/10.3.1/../../../../arm-none-eabi/lib/thumb/v7e-m+fp/hard/libg_nano.a(lib_a-closer.o)
 .ARM.attributes
                0x0000000000000790       0x34 /usr/share/gcc-arm-none-eabi-10.3-2021.10/bin/../lib/gcc/arm-none-eabi/10.3.1/../../../../arm-none-eabi/lib/thumb/v7e-m+fp/hard/libg_nano.a(lib_a-dtoa.o)
 .ARM.attributes
                0x00000000000007c4       0x34 /usr/share/gcc-arm-none-eabi-10.3-2021.10/bin/../lib/gcc/arm-none-eabi/10.3.1/../../../../arm-none-eabi/lib/thumb/v7e-m+fp/hard/libg_nano.a(lib_a-fflush.o)
 .ARM.attributes
                0x00000000000007f8       0x34 /usr/share/gcc-arm-none-eabi-10.3-2021.10/bin/../lib/gcc/arm-none-eabi/10.3.1/../../../../arm-none-eabi/lib/thumb/v7e-m+fp/hard/libg_nano.a(lib_a-localeconv.o)
 .ARM.attributes
                0x000000000000082c       0x34 /usr/share/gcc-arm-none-eabi-10.3-2021.10/bin/../lib/gcc/arm-none-eabi/10.3.1/../../../../arm-none-eabi/lib/thumb/v7e-m+fp/hard/libg_nano.a(lib_a-lseekr.o)
 .ARM.attributes
                0x0000000000000860       0x34 /usr/share/gcc-arm-none-eabi-10.3-2021.10/bin/../lib/gcc/arm-none-eabi/10.3.1/../../../../arm-none-eabi/lib/thumb/v7e-m+fp/hard/libg_nano.a(lib_a-malloc.o)
 .ARM.attributes
                0x0000000000000894       0x1c /usr/share/gcc-arm-none-eabi-10.3-2021.10/bin/../lib/gcc/arm-none-eabi/10.3.1/../../../../arm-none-eabi/lib/thumb/v7e-m+fp/hard/libg_nano.a(lib_a-memchr.o)
 .ARM.attributes
                0x00000000000008b0       0x34 /usr/share/gcc-arm-none-eabi-10.3-2021.10/bin/../lib/gcc/arm-none-eabi/10.3.1/../../../../arm-none-eabi/lib/thumb/v7e-m+fp/hard/libg_nano.a(lib_a-mlock.o)
 .ARM.attributes
                0x00000000000008e4       0x34 /usr/share/gcc-arm-none-eabi-10.3-2021.10/bin/../lib/gcc/arm-none-eabi/10.3.1/../../../../arm-none-eabi/lib/thumb/v7e-m+fp/hard/libg_nano.a(lib_a-mprec.o)
 .ARM.attributes
                0x0000000000000918       0x34 /usr/share/gcc-arm-none-eabi-10.3-2021.10/bin/../lib/gcc/arm-none-eabi/10.3.1/../../../../arm-none-eabi/lib/thumb/v7e-m+fp/hard/libg_nano.a(lib_a-nano-callocr.o)
 .ARM.attributes
                0x000000000000094c       0x34 /usr/share/gcc-arm-none-eabi-10.3-2021.10/bin/../lib/gcc/arm-none-eabi/10.3.1/../../../../arm-none-eabi/lib/thumb/v7e-m+fp/hard/libg_nano.a(lib_a-nano-freer.o)
 .ARM.attributes
                0x0000000000000980       0x34 /usr/share/gcc-arm-none-eabi-10.3-2021.10/bin/../lib/gcc/arm-none-eabi/10.3.1/../../../../arm-none-eabi/lib/thumb/v7e-m+fp/hard/libg_nano.a(lib_a-readr.o)
 .ARM.attributes
                0x00000000000009b4       0x34 /usr/share/gcc-arm-none-eabi-10.3-2021.10/bin/../lib/gcc/arm-none-eabi/10.3.1/../../../../arm-none-eabi/lib/thumb/v7e-m+fp/hard/libg_nano.a(lib_a-assert.o)
 .ARM.attributes
                0x00000000000009e8       0x34 /usr/share/gcc-arm-none-eabi-10.3-2021.10/bin/../lib/gcc/arm-none-eabi/10.3.1/../../../../arm-none-eabi/lib/thumb/v7e-m+fp/hard/libg_nano.a(lib_a-fprintf.o)
 .ARM.attributes
                0x0000000000000a1c       0x34 /usr/share/gcc-arm-none-eabi-10.3-2021.10/bin/../lib/gcc/arm-none-eabi/10.3.1/../../../../arm-none-eabi/lib/thumb/v7e-m+fp/hard/libg_nano.a(lib_a-locale.o)
 .ARM.attributes
                0x0000000000000a50       0x34 /usr/share/gcc-arm-none-eabi-10.3-2021.10/bin/../lib/gcc/arm-none-eabi/10.3.1/../../../../arm-none-eabi/lib/thumb/v7e-m+fp/hard/libg_nano.a(lib_a-mbtowc_r.o)
 .ARM.attributes
                0x0000000000000a84       0x34 /usr/share/gcc-arm-none-eabi-10.3-2021.10/bin/../lib/gcc/arm-none-eabi/10.3.1/../../../../arm-none-eabi/lib/thumb/v7e-m+fp/hard/libg_nano.a(lib_a-nano-vfprintf.o)
 .ARM.attributes
                0x0000000000000ab8       0x34 /usr/share/gcc-arm-none-eabi-10.3-2021.10/bin/../lib/gcc/arm-none-eabi/10.3.1/../../../../arm-none-eabi/lib/thumb/v7e-m+fp/hard/libg_nano.a(lib_a-wbuf.o)
 .ARM.attributes