Archive member included to satisfy reference by file (symbol)

/usr/share/gcc-arm-none-eabi-10.3-2021.10/bin/../lib/gcc/arm-none-eabi/10.3.1/thumb/v7e-m+fp/hard/libgcc.a(unwind-arm.o)
                              CMakeFiles/stm32f3discovery_Debug.dir/src/main.cpp.obj (__aeabi_unwind_cpp_pr0)
/usr/share/gcc-arm-none-eabi-10.3-2021.10/bin/../lib/gcc/arm-none-eabi/10.3.1/thumb/v7e-m+fp/hard/libgcc.a(libunwind.o)
                              /usr/share/gcc-arm-none-eabi-10.3-2021.10/bin/../lib/gcc/arm-none-eabi/10.3.1/thumb/v7e-m+fp/hard/libgcc.a(unwind-arm.o) (restore_core_regs)
/usr/share/gcc-arm-none-eabi-10.3-2021.10/bin/../lib/gcc/arm-none-eabi/10.3.1/thumb/v7e-m+fp/hard/libgcc.a(pr-support.o)
                              /usr/share/gcc-arm-none-eabi-10.3-2021.10/bin/../lib/gcc/arm-none-eabi/10.3.1/thumb/v7e-m+fp/hard/libgcc.a(unwind-arm.o) (__gnu_unwind_execute)
/usr/share/gcc-arm-none-eabi-10.3-2021.10/bin/../lib/gcc/arm-none-eabi/10.3.1/../../../../arm-none-eabi/lib/thumb/v7e-m+fp/hard/libg_nano.a(lib_a-abort.o)
                              /usr/share/gcc-arm-none-eabi-10.3-2021.10/bin/../lib/gcc/arm-none-eabi/10.3.1/thumb/v7e-m+fp/hard/libgcc.a(unwind-arm.o) (abort)
/usr/share/gcc-arm-none-eabi-10.3-2021.10/bin/../lib/gcc/arm-none-eabi/10.3.1/../../../../arm-none-eabi/lib/thumb/v7e-m+fp/hard/libg_nano.a(lib_a-errno.o)
                              CMakeFiles/stm32f3discovery_Debug.dir/src/syscalls.c.obj (__errno)
/usr/share/gcc-arm-none-eabi-10.3-2021.10/bin/../lib/gcc/arm-none-eabi/10.3.1/../../../../arm-none-eabi/lib/thumb/v7e-m+fp/hard/libg_nano.a(lib_a-exit.o)
                              /usr/share/gcc-arm-none-eabi-10.3-2021.10/bin/../lib/gcc/arm-none-eabi/10.3.1/../../../../arm-none-eabi/lib/thumb/v7e-m+fp/hard/crt0.o (exit)
/usr/share/gcc-arm-none-eabi-10.3-2021.10/bin/../lib/gcc/arm-none-eabi/10.3.1/../../../../arm-none-eabi/lib/thumb/v7e-m+fp/hard/libg_nano.a(lib_a-impure.o)
                              /usr/share/gcc-arm-none-eabi-10.3-2021.10/bin/../lib/gcc/arm-none-eabi/10.3.1/../../../../arm-none-eabi/lib/thumb/v7e-m+fp/hard/libg_nano.a(lib_a-exit.o) (_global_impure_ptr)
/usr/share/gcc-arm-none-eabi-10.3-2021.10/bin/../lib/gcc/arm-none-eabi/10.3.1/../../../../arm-none-eabi/lib/thumb/v7e-m+fp/hard/libg_nano.a(lib_a-init.o)
                              /usr/share/gcc-arm-none-eabi-10.3-2021.10/bin/../lib/gcc/arm-none-eabi/10.3.1/../../../../arm-none-eabi/lib/thumb/v7e-m+fp/hard/crt0.o (__libc_init_array)
/usr/share/gcc-arm-none-eabi-10.3-2021.10/bin/../lib/gcc/arm-none-eabi/10.3.1/../../../../arm-none-eabi/lib/thumb/v7e-m+fp/hard/libg_nano.a(lib_a-memcpy-stub.o)
                              /usr/share/gcc-arm-none-eabi-10.3-2021.10/bin/../lib/gcc/arm-none-eabi/10.3.1/thumb/v7e-m+fp/hard/libgcc.a(unwind-arm.o) (memcpy)
/usr/share/gcc-arm-none-eabi-10.3-2021.10/bin/../lib/gcc/arm-none-eabi/10.3.1/../../../../arm-none-eabi/lib/thumb/v7e-m+fp/hard/libg_nano.a(lib_a-memset.o)
                              /usr/share/gcc-arm-none-eabi-10.3-2021.10/bin/../lib/gcc/arm-none-eabi/10.3.1/../../../../arm-none-eabi/lib/thumb/v7e-m+fp/hard/crt0.o (memset)
/usr/share/gcc-arm-none-eabi-10.3-2021.10/bin/../lib/gcc/arm-none-eabi/10.3.1/../../../../arm-none-eabi/lib/thumb/v7e-m+fp/hard/libg_nano.a(lib_a-nano-vfprintf_float.o)
                              (_printf_float)
/usr/share/gcc-arm-none-eabi-10.3-2021.10/bin/../lib/gcc/arm-none-eabi/10.3.1/../../../../arm-none-eabi/lib/thumb/v7e-m+fp/hard/libg_nano.a(lib_a-nano-vfprintf_i.o)
                              /usr/share/gcc-arm-none-eabi-10.3-2021.10/bin/../lib/gcc/arm-none-eabi/10.3.1/../../../../arm-none-eabi/lib/thumb/v7e-m+fp/hard/libg_nano.a(lib_a-nano-vfprintf_float.o) (_printf_common)
/usr/share/gcc-arm-none-eabi-10.3-2021.10/bin/../lib/gcc/arm-none-eabi/10.3.1/../../../../arm-none-eabi/lib/thumb/v7e-m+fp/hard/libg_nano.a(lib_a-signal.o)
                              /usr/share/gcc-arm-none-eabi-10.3-2021.10/bin/../lib/gcc/arm-none-eabi/10.3.1/../../../../arm-none-eabi/lib/thumb/v7e-m+fp/hard/libg_nano.a(lib_a-abort.o) (raise)
/usr/share/gcc-arm-none-eabi-10.3-2021.10/bin/../lib/gcc/arm-none-eabi/10.3.1/../../../../arm-none-eabi/lib/thumb/v7e-m+fp/hard/libg_nano.a(lib_a-signalr.o)
                              /usr/share/gcc-arm-none-eabi-10.3-2021.10/bin/../lib/gcc/arm-none-eabi/10.3.1/../../../../arm-none-eabi/lib/thumb/v7e-m+fp/hard/libg_nano.a(lib_a-signal.o) (_kill_r)
/usr/share/gcc-arm-none-eabi-10.3-2021.10/bin/../lib/gcc/arm-none-eabi/10.3.1/../../../../arm-none-eabi/lib/thumb/v7e-m+fp/hard/libg_nano.a(lib_a-strlen.o)
                              /usr/share/gcc-arm-none-eabi-10.3-2021.10/bin/../lib/gcc/arm-none-eabi/10.3.1/../../../../arm-none-eabi/lib/thumb/v7e-m+fp/hard/libg_nano.a(lib_a-nano-vfprintf_float.o) (strlen)
/usr/share/gcc-arm-none-eabi-10.3-2021.10/bin/../lib/gcc/arm-none-eabi/10.3.1/../../../../arm-none-eabi/lib/thumb/v7e-m+fp/hard/libg_nano.a(lib_a-dtoa.o)
[...]
Memory Configuration

Name             Origin             Length             Attributes
RAM              0x0000000020000000 0x000000000000a000 xrw
CCMRAM           0x0000000010000000 0x0000000000002000 xrw
FLASH            0x0000000008000000 0x0000000000040000 xr
*default*        0x0000000000000000 0xffffffffffffffff

Linker script and memory map

LOAD /usr/share/gcc-arm-none-eabi-10.3-2021.10/bin/../lib/gcc/arm-none-eabi/10.3.1/thumb/v7e-m+fp/hard/crti.o
LOAD /usr/share/gcc-arm-none-eabi-10.3-2021.10/bin/../lib/gcc/arm-none-eabi/10.3.1/thumb/v7e-m+fp/hard/crtbegin.o
LOAD /usr/share/gcc-arm-none-eabi-10.3-2021.10/bin/../lib/gcc/arm-none-eabi/10.3.1/../../../../arm-none-eabi/lib/thumb/v7e-m+fp/hard/crt0.o
LOAD CMakeFiles/stm32f3discovery_Debug.dir/platform/stm32f3discovery/stm32f3discovery_startup.s.obj
LOAD CMakeFiles/stm32f3discovery_Debug.dir/platform/stm32f3discovery/system.cpp.obj
LOAD CMakeFiles/stm32f3discovery_Debug.dir/src/gpio.cpp.obj
LOAD CMakeFiles/stm32f3discovery_Debug.dir/src/main.cpp.obj
LOAD CMakeFiles/stm32f3discovery_Debug.dir/src/syscalls.c.obj
LOAD /usr/share/gcc-arm-none-eabi-10.3-2021.10/bin/../lib/gcc/arm-none-eabi/10.3.1/../../../../arm-none-eabi/lib/thumb/v7e-m+fp/hard/libstdc++_nano.a
LOAD /usr/share/gcc-arm-none-eabi-10.3-2021.10/bin/../lib/gcc/arm-none-eabi/10.3.1/../../../../arm-none-eabi/lib/thumb/v7e-m+fp/hard/libm.a
START GROUP
LOAD /usr/share/gcc-arm-none-eabi-10.3-2021.10/bin/../lib/gcc/arm-none-eabi/10.3.1/thumb/v7e-m+fp/hard/libgcc.a
LOAD /usr/share/gcc-arm-none-eabi-10.3-2021.10/bin/../lib/gcc/arm-none-eabi/10.3.1/../../../../arm-none-eabi/lib/thumb/v7e-m+fp/hard/libg_nano.a
LOAD /usr/share/gcc-arm-none-eabi-10.3-2021.10/bin/../lib/gcc/arm-none-eabi/10.3.1/../../../../arm-none-eabi/lib/thumb/v7e-m+fp/hard/libc_nano.a
END GROUP
START GROUP
LOAD /usr/share/gcc-arm-none-eabi-10.3-2021.10/bin/../lib/gcc/arm-none-eabi/10.3.1/thumb/v7e-m+fp/hard/libgcc.a
LOAD /usr/share/gcc-arm-none-eabi-10.3-2021.10/bin/../lib/gcc/arm-none-eabi/10.3.1/../../../../arm-none-eabi/lib/thumb/v7e-m+fp/hard/libc_nano.a
END GROUP
LOAD /usr/share/gcc-arm-none-eabi-10.3-2021.10/bin/../lib/gcc/arm-none-eabi/10.3.1/thumb/v7e-m+fp/hard/crtend.o
LOAD /usr/share/gcc-arm-none-eabi-10.3-2021.10/bin/../lib/gcc/arm-none-eabi/10.3.1/thumb/v7e-m+fp/hard/crtn.o
                0x000000002000a000                _estack = (ORIGIN (RAM) + LENGTH (RAM))
                0x0000000000000200                _Min_Heap_Size = 0x200
                0x0000000000000400                _Min_Stack_Size = 0x400

.isr_vector     0x0000000008000000      0x188
                0x0000000008000000                . = ALIGN (0x4)
 *(.isr_vector)
 .isr_vector    0x0000000008000000      0x188 CMakeFiles/stm32f3discovery_Debug.dir/platform/stm32f3discovery/stm32f3discovery_startup.s.obj
                0x0000000008000000                g_pfnVectors
                0x0000000008000188                . = ALIGN (0x4)

.text           0x0000000008000190     0x46e4
                0x0000000008000190                . = ALIGN (0x4)
 *(.text)
 .text          0x0000000008000190       0x40 /usr/share/gcc-arm-none-eabi-10.3-2021.10/bin/../lib/gcc/arm-none-eabi/10.3.1/thumb/v7e-m+fp/hard/crtbegin.o
 .text          0x00000000080001d0      0x9d8 /usr/share/gcc-arm-none-eabi-10.3-2021.10/bin/../lib/gcc/arm-none-eabi/10.3.1/thumb/v7e-m+fp/hard/libgcc.a(unwind-arm.o)
                0x0000000008000478                _Unwind_GetCFA
                0x000000000800047c                __gnu_Unwind_RaiseException
                0x00000000080004e4                __gnu_Unwind_ForcedUnwind
                0x00000000080004f4                __gnu_Unwind_Resume
                0x0000000008000538                __gnu_Unwind_Resume_or_Rethrow
                0x0000000008000548                _Unwind_Complete
                0x000000000800054c                _Unwind_DeleteException
                0x0000000008000558                _Unwind_VRS_Get
                0x00000000080005a4                _Unwind_VRS_Set
                0x00000000080005ec                __gnu_Unwind_Backtrace
                0x0000000008000918                __aeabi_unwind_cpp_pr0
                0x000000000800091c                __aeabi_unwind_cpp_pr1
                0x0000000008000920                __aeabi_unwind_cpp_pr2
                0x0000000008000924                _Unwind_VRS_Pop
 .text          0x0000000008000ba8      0x1ac /usr/share/gcc-arm-none-eabi-10.3-2021.10/bin/../lib/gcc/arm-none-eabi/10.3.1/thumb/v7e-m+fp/hard/libgcc.a(libunwind.o)
                0x0000000008000ba8                __restore_core_regs
                0x0000000008000ba8                restore_core_regs
                0x0000000008000bc0                __gnu_Unwind_Restore_VFP
                0x0000000008000bc8                __gnu_Unwind_Save_VFP
                0x0000000008000bd0                __gnu_Unwind_Restore_VFP_D
                0x0000000008000bd8                __gnu_Unwind_Save_VFP_D
                0x0000000008000be0                __gnu_Unwind_Restore_VFP_D_16_to_31
                0x0000000008000be8                __gnu_Unwind_Save_VFP_D_16_to_31
                0x0000000008000bf0                __gnu_Unwind_Restore_WMMXD
                0x0000000008000c34                __gnu_Unwind_Save_WMMXD
                0x0000000008000c78                __gnu_Unwind_Restore_WMMXC
                0x0000000008000c8c                __gnu_Unwind_Save_WMMXC
                0x0000000008000ca0                ___Unwind_RaiseException
                0x0000000008000ca0                _Unwind_RaiseException
                0x0000000008000cc4                ___Unwind_Resume
                0x0000000008000cc4                _Unwind_Resume
                0x0000000008000ce8                _Unwind_Resume_or_Rethrow
                0x0000000008000ce8                ___Unwind_Resume_or_Rethrow
                0x0000000008000d0c                ___Unwind_ForcedUnwind
                0x0000000008000d0c                _Unwind_ForcedUnwind
                0x0000000008000d30                _Unwind_Backtrace
                0x0000000008000d30                ___Unwind_Backtrace
 .text          0x0000000008000d54      0x350 /usr/share/gcc-arm-none-eabi-10.3-2021.10/bin/../lib/gcc/arm-none-eabi/10.3.1/thumb/v7e-m+fp/hard/libgcc.a(pr-support.o)
                0x0000000008000dac                __gnu_unwind_execute
                0x0000000008001058                __gnu_unwind_frame
                0x0000000008001084                _Unwind_GetRegionStart
                0x0000000008001090                _Unwind_GetLanguageSpecificData
 .text          0x00000000080010a4       0x10 /usr/share/gcc-arm-none-eabi-10.3-2021.10/bin/../lib/gcc/arm-none-eabi/10.3.1/../../../../arm-none-eabi/lib/thumb/v7e-m+fp/hard/libg_nano.a(lib_a-strlen.o)
                0x00000000080010a4                strlen
 *fill*         0x00000000080010b4        0xc 
 .text          0x00000000080010c0       0xa0 /usr/share/gcc-arm-none-eabi-10.3-2021.10/bin/../lib/gcc/arm-none-eabi/10.3.1/../../../../arm-none-eabi/lib/thumb/v7e-m+fp/hard/libg_nano.a(lib_a-memchr.o)
                0x00000000080010c0                memchr
 .text          0x0000000008001160      0x378 /usr/share/gcc-arm-none-eabi-10.3-2021.10/bin/../lib/gcc/arm-none-eabi/10.3.1/thumb/v7e-m+fp/hard/libgcc.a(_arm_addsubdf3.o)
                0x0000000008001160                __aeabi_drsub
                0x0000000008001168                __aeabi_dsub
                0x0000000008001168                __subdf3
                0x000000000800116c                __adddf3
                0x000000000800116c                __aeabi_dadd
                0x00000000080013e4                __aeabi_ui2d
                0x00000000080013e4                __floatunsidf
                0x0000000008001404                __floatsidf
                0x0000000008001404                __aeabi_i2d
                0x0000000008001428                __extendsfdf2
                0x0000000008001428                __aeabi_f2d
                0x000000000800146c                __aeabi_ul2d
                0x000000000800146c                __floatundidf
                0x000000000800147c                __floatdidf
                0x000000000800147c                __aeabi_l2d
 .text          0x00000000080014d8      0x424 /usr/share/gcc-arm-none-eabi-10.3-2021.10/bin/../lib/gcc/arm-none-eabi/10.3.1/thumb/v7e-m+fp/hard/libgcc.a(_arm_muldivdf3.o)
                0x00000000080014d8                __aeabi_dmul
                0x00000000080014d8                __muldf3
                0x000000000800172c                __aeabi_ddiv
                0x000000000800172c                __divdf3
 .text          0x00000000080018fc      0x110 /usr/share/gcc-arm-none-eabi-10.3-2021.10/bin/../lib/gcc/arm-none-eabi/10.3.1/thumb/v7e-m+fp/hard/libgcc.a(_arm_cmpdf2.o)
                0x00000000080018fc                __gtdf2
                0x00000000080018fc                __gedf2
                0x0000000008001904                __ltdf2
                0x0000000008001904                __ledf2
                0x000000000800190c                __cmpdf2
                0x000000000800190c                __eqdf2
                0x000000000800190c                __nedf2
                0x0000000008001988                __aeabi_cdrcmple
                0x0000000008001998                __aeabi_cdcmple
                0x0000000008001998                __aeabi_cdcmpeq
                0x00000000080019a8                __aeabi_dcmpeq
                0x00000000080019bc                __aeabi_dcmplt
                0x00000000080019d0                __aeabi_dcmple
                0x00000000080019e4                __aeabi_dcmpge
                0x00000000080019f8                __aeabi_dcmpgt
 .text          0x0000000008001a0c       0x2c /usr/share/gcc-arm-none-eabi-10.3-2021.10/bin/../lib/gcc/arm-none-eabi/10.3.1/thumb/v7e-m+fp/hard/libgcc.a(_arm_unorddf2.o)
                0x0000000008001a0c                __aeabi_dcmpun
                0x0000000008001a0c                __unorddf2
 .text          0x0000000008001a38       0x50 /usr/share/gcc-arm-none-eabi-10.3-2021.10/bin/../lib/gcc/arm-none-eabi/10.3.1/thumb/v7e-m+fp/hard/libgcc.a(_arm_fixdfsi.o)
                0x0000000008001a38                __fixdfsi
                0x0000000008001a38                __aeabi_d2iz
 *(.text*)
 .text.Reset_Handler
                0x0000000008001a88       0x50 CMakeFiles/stm32f3discovery_Debug.dir/platform/stm32f3discovery/stm32f3discovery_startup.s.obj
                0x0000000008001a88                Reset_Handler
 .text.Default_Handler
                0x0000000008001ad8        0x2 CMakeFiles/stm32f3discovery_Debug.dir/platform/stm32f3discovery/stm32f3discovery_startup.s.obj
                0x0000000008001ad8                RTC_Alarm_IRQHandler
                0x0000000008001ad8                TIM8_TRG_COM_IRQHandler
                0x0000000008001ad8                TIM8_CC_IRQHandler
                0x0000000008001ad8                DebugMon_Handler
                0x0000000008001ad8                TIM1_CC_IRQHandler
                0x0000000008001ad8                HardFault_Handler
                0x0000000008001ad8                USB_HP_IRQHandler
                0x0000000008001ad8                PVD_IRQHandler
                0x0000000008001ad8                TAMP_STAMP_IRQHandler
                0x0000000008001ad8                PendSV_Handler
                0x0000000008001ad8                NMI_Handler
                0x0000000008001ad8                EXTI3_IRQHandler
                0x0000000008001ad8                USB_HP_CAN_TX_IRQHandler
                0x0000000008001ad8                EXTI0_IRQHandler
                0x0000000008001ad8                I2C2_EV_IRQHandler
                0x0000000008001ad8                FPU_IRQHandler
                0x0000000008001ad8                TIM1_UP_TIM16_IRQHandler
                0x0000000008001ad8                UsageFault_Handler
                0x0000000008001ad8                ADC1_2_IRQHandler
                0x0000000008001ad8                SPI1_IRQHandler
                0x0000000008001ad8                CAN_SCE_IRQHandler
                0x0000000008001ad8                TIM6_DAC_IRQHandler
                0x0000000008001ad8                TIM8_UP_IRQHandler
                0x0000000008001ad8                DMA2_Channel2_IRQHandler
                0x0000000008001ad8                DMA1_Channel4_IRQHandler
                0x0000000008001ad8                USART3_IRQHandler
                0x0000000008001ad8                DMA1_Channel7_IRQHandler
                0x0000000008001ad8                UART5_IRQHandler
                0x0000000008001ad8                ADC3_IRQHandler
                0x0000000008001ad8                TIM4_IRQHandler
                0x0000000008001ad8                CAN_RX1_IRQHandler
                0x0000000008001ad8                DMA2_Channel1_IRQHandler
                0x0000000008001ad8                I2C1_EV_IRQHandler
                0x0000000008001ad8                DMA1_Channel6_IRQHandler
                0x0000000008001ad8                UART4_IRQHandler
                0x0000000008001ad8                DMA2_Channel4_IRQHandler
                0x0000000008001ad8                TIM3_IRQHandler
                0x0000000008001ad8                RCC_IRQHandler
                0x0000000008001ad8                DMA1_Channel1_IRQHandler
                0x0000000008001ad8                Default_Handler
                0x0000000008001ad8                USBWakeUp_RMP_IRQHandler
                0x0000000008001ad8                EXTI15_10_IRQHandler
                0x0000000008001ad8                TIM7_IRQHandler
                0x0000000008001ad8                EXTI9_5_IRQHandler
                0x0000000008001ad8                RTC_WKUP_IRQHandler
                0x0000000008001ad8                SPI2_IRQHandler
                0x0000000008001ad8                USB_LP_CAN_RX0_IRQHandler
                0x0000000008001ad8                MemManage_Handler
                0x0000000008001ad8                SVC_Handler
                0x0000000008001ad8                DMA2_Channel5_IRQHandler
                0x0000000008001ad8                DMA1_Channel5_IRQHandler
                0x0000000008001ad8                USB_LP_IRQHandler
                0x0000000008001ad8                EXTI4_IRQHandler
                0x0000000008001ad8                TIM1_TRG_COM_TIM17_IRQHandler
                0x0000000008001ad8                DMA1_Channel3_IRQHandler
                0x0000000008001ad8                ADC4_IRQHandler
                0x0000000008001ad8                WWDG_IRQHandler
                0x0000000008001ad8                TIM2_IRQHandler
                0x0000000008001ad8                COMP7_IRQHandler
                0x0000000008001ad8                COMP1_2_3_IRQHandler
                0x0000000008001ad8                EXTI1_IRQHandler
                0x0000000008001ad8                USART2_IRQHandler
                0x0000000008001ad8                COMP4_5_6_IRQHandler
                0x0000000008001ad8                I2C2_ER_IRQHandler
                0x0000000008001ad8                DMA1_Channel2_IRQHandler
                0x0000000008001ad8                TIM8_BRK_IRQHandler
                0x0000000008001ad8                FLASH_IRQHandler
                0x0000000008001ad8                BusFault_Handler
                0x0000000008001ad8                USART1_IRQHandler
                0x0000000008001ad8                SPI3_IRQHandler
                0x0000000008001ad8                I2C1_ER_IRQHandler
                0x0000000008001ad8                USBWakeUp_IRQHandler
                0x0000000008001ad8                DMA2_Channel3_IRQHandler
                0x0000000008001ad8                EXTI2_TSC_IRQHandler
                0x0000000008001ad8                TIM1_BRK_TIM15_IRQHandler
 *fill*         0x0000000008001ada        0x2 
 .text.SystemInit
                0x0000000008001adc       0x24 CMakeFiles/stm32f3discovery_Debug.dir/platform/stm32f3discovery/system.cpp.obj
                0x0000000008001adc                SystemInit
 .text.SysTick_Handler
                0x0000000008001b00       0x1c CMakeFiles/stm32f3discovery_Debug.dir/platform/stm32f3discovery/system.cpp.obj
                0x0000000008001b00                SysTick_Handler
 .text._ZN6System9init_tickEv
                0x0000000008001b1c       0x38 CMakeFiles/stm32f3discovery_Debug.dir/platform/stm32f3discovery/system.cpp.obj
                0x0000000008001b1c                System::init_tick()
 .text._ZN6System8get_tickEv
                0x0000000008001b54       0x18 CMakeFiles/stm32f3discovery_Debug.dir/platform/stm32f3discovery/system.cpp.obj
                0x0000000008001b54                System::get_tick()
 .text._ZN6System5delayEm
                0x0000000008001b6c       0x34 CMakeFiles/stm32f3discovery_Debug.dir/platform/stm32f3discovery/system.cpp.obj
                0x0000000008001b6c                System::delay(unsigned long)
 .text._ZN6System4initEv
                0x0000000008001ba0        0xc CMakeFiles/stm32f3discovery_Debug.dir/platform/stm32f3discovery/system.cpp.obj
                0x0000000008001ba0                System::init()
 .text._ZN4Gpio9init_ledsEv
                0x0000000008001bac       0x6c CMakeFiles/stm32f3discovery_Debug.dir/src/gpio.cpp.obj
                0x0000000008001bac                Gpio::init_leds()
 .text.main     0x0000000008001c18       0x38 CMakeFiles/stm32f3discovery_Debug.dir/src/main.cpp.obj
                0x0000000008001c18                main
 .text._getpid  0x0000000008001c50       0x10 CMakeFiles/stm32f3discovery_Debug.dir/src/syscalls.c.obj
                0x0000000008001c50                _getpid
 .text._kill    0x0000000008001c60       0x20 CMakeFiles/stm32f3discovery_Debug.dir/src/syscalls.c.obj
                0x0000000008001c60                _kill
 .text._exit    0x0000000008001c80       0x14 CMakeFiles/stm32f3discovery_Debug.dir/src/syscalls.c.obj
                0x0000000008001c80                _exit
 .text._read    0x0000000008001c94       0x3a CMakeFiles/stm32f3discovery_Debug.dir/src/syscalls.c.obj
                0x0000000008001c94                _read
 .text._write   0x0000000008001cce       0x38 CMakeFiles/stm32f3discovery_Debug.dir/src/syscalls.c.obj
                0x0000000008001cce                _write
 *fill*         0x0000000008001d06        0x2 
 .text._sbrk    0x0000000008001d08       0x58 CMakeFiles/stm32f3discovery_Debug.dir/src/syscalls.c.obj
                0x0000000008001d08                _sbrk
 .text._close   0x0000000008001d60       0x18 CMakeFiles/stm32f3discovery_Debug.dir/src/syscalls.c.obj
                0x0000000008001d60                _close
 .text._fstat   0x0000000008001d78       0x20 CMakeFiles/stm32f3discovery_Debug.dir/src/syscalls.c.obj
                0x0000000008001d78                _fstat
 .text._isatty  0x0000000008001d98       0x16 CMakeFiles/stm32f3discovery_Debug.dir/src/syscalls.c.obj
                0x0000000008001d98                _isatty
 .text._lseek   0x0000000008001dae       0x1a CMakeFiles/stm32f3discovery_Debug.dir/src/syscalls.c.obj
                0x0000000008001dae                _lseek
 .text.abort    0x0000000008001dc8        0xe /usr/share/gcc-arm-none-eabi-10.3-2021.10/bin/../lib/gcc/arm-none-eabi/10.3.1/../../../../arm-none-eabi/lib/thumb/v7e-m+fp/hard/libg_nano.a(lib_a-abort.o)
                0x0000000008001dc8                abort
 *fill*         0x0000000008001dd6        0x2 
 .text.__errno  0x0000000008001dd8        0xc /usr/share/gcc-arm-none-eabi-10.3-2021.10/bin/../lib/gcc/arm-none-eabi/10.3.1/../../../../arm-none-eabi/lib/thumb/v7e-m+fp/hard/libg_nano.a(lib_a-errno.o)
                0x0000000008001dd8                __errno
 .text.__libc_init_array
                0x0000000008001de4       0x48 /usr/share/gcc-arm-none-eabi-10.3-2021.10/bin/../lib/gcc/arm-none-eabi/10.3.1/../../../../arm-none-eabi/lib/thumb/v7e-m+fp/hard/libg_nano.a(lib_a-init.o)
                0x0000000008001de4                __libc_init_array
 .text.memcpy   0x0000000008001e2c       0x1c /usr/share/gcc-arm-none-eabi-10.3-2021.10/bin/../lib/gcc/arm-none-eabi/10.3.1/../../../../arm-none-eabi/lib/thumb/v7e-m+fp/hard/libg_nano.a(lib_a-memcpy-stub.o)
                0x0000000008001e2c                memcpy
 .text.memset   0x0000000008001e48       0x10 /usr/share/gcc-arm-none-eabi-10.3-2021.10/bin/../lib/gcc/arm-none-eabi/10.3.1/../../../../arm-none-eabi/lib/thumb/v7e-m+fp/hard/libg_nano.a(lib_a-memset.o)
                0x0000000008001e48                memset
 .text.__cvt    0x0000000008001e58       0xc4 /usr/share/gcc-arm-none-eabi-10.3-2021.10/bin/../lib/gcc/arm-none-eabi/10.3.1/../../../../arm-none-eabi/lib/thumb/v7e-m+fp/hard/libg_nano.a(lib_a-nano-vfprintf_float.o)
                0x0000000008001e58                __cvt
 .text.__exponent
                0x0000000008001f1c       0x7c /usr/share/gcc-arm-none-eabi-10.3-2021.10/bin/../lib/gcc/arm-none-eabi/10.3.1/../../../../arm-none-eabi/lib/thumb/v7e-m+fp/hard/libg_nano.a(lib_a-nano-vfprintf_float.o)
                0x0000000008001f1c                __exponent
 .text._printf_float
                0x0000000008001f98      0x46c /usr/share/gcc-arm-none-eabi-10.3-2021.10/bin/../lib/gcc/arm-none-eabi/10.3.1/../../../../arm-none-eabi/lib/thumb/v7e-m+fp/hard/libg_nano.a(lib_a-nano-vfprintf_float.o)
                0x0000000008001f98                _printf_float
 .text._printf_common
                0x0000000008002404       0xda /usr/share/gcc-arm-none-eabi-10.3-2021.10/bin/../lib/gcc/arm-none-eabi/10.3.1/../../../../arm-none-eabi/lib/thumb/v7e-m+fp/hard/libg_nano.a(lib_a-nano-vfprintf_i.o)
                0x0000000008002404                _printf_common
 *fill*         0x00000000080024de        0x2 
 .text._printf_i
                0x00000000080024e0      0x24c /usr/share/gcc-arm-none-eabi-10.3-2021.10/bin/../lib/gcc/arm-none-eabi/10.3.1/../../../../arm-none-eabi/lib/thumb/v7e-m+fp/hard/libg_nano.a(lib_a-nano-vfprintf_i.o)
                0x00000000080024e0                _printf_i
 .text._raise_r
                0x000000000800272c       0x50 /usr/share/gcc-arm-none-eabi-10.3-2021.10/bin/../lib/gcc/arm-none-eabi/10.3.1/../../../../arm-none-eabi/lib/thumb/v7e-m+fp/hard/libg_nano.a(lib_a-signal.o)
                0x000000000800272c                _raise_r
 .text.raise    0x000000000800277c       0x10 /usr/share/gcc-arm-none-eabi-10.3-2021.10/bin/../lib/gcc/arm-none-eabi/10.3.1/../../../../arm-none-eabi/lib/thumb/v7e-m+fp/hard/libg_nano.a(lib_a-signal.o)
                0x000000000800277c                raise
 .text._kill_r  0x000000000800278c       0x24 /usr/share/gcc-arm-none-eabi-10.3-2021.10/bin/../lib/gcc/arm-none-eabi/10.3.1/../../../../arm-none-eabi/lib/thumb/v7e-m+fp/hard/libg_nano.a(lib_a-signalr.o)
                0x000000000800278c                _kill_r
 .text._getpid_r
                0x00000000080027b0        0x4 /usr/share/gcc-arm-none-eabi-10.3-2021.10/bin/../lib/gcc/arm-none-eabi/10.3.1/../../../../arm-none-eabi/lib/thumb/v7e-m+fp/hard/libg_nano.a(lib_a-signalr.o)
                0x00000000080027b0                _getpid_r
 .text.quorem   0x00000000080027b4      0x116 /usr/share/gcc-arm-none-eabi-10.3-2021.10/bin/../lib/gcc/arm-none-eabi/10.3.1/../../../../arm-none-eabi/lib/thumb/v7e-m+fp/hard/libg_nano.a(lib_a-dtoa.o)
 *fill*         0x00000000080028ca        0x6 
 .text._dtoa_r  0x00000000080028d0      0xbdc /usr/share/gcc-arm-none-eabi-10.3-2021.10/bin/../lib/gcc/arm-none-eabi/10.3.1/../../../../arm-none-eabi/lib/thumb/v7e-m+fp/hard/libg_nano.a(lib_a-dtoa.o)
                0x00000000080028d0                _dtoa_r
 .text._localeconv_r
                0x00000000080034ac        0x8 /usr/share/gcc-arm-none-eabi-10.3-2021.10/bin/../lib/gcc/arm-none-eabi/10.3.1/../../../../arm-none-eabi/lib/thumb/v7e-m+fp/hard/libg_nano.a(lib_a-localeconv.o)
                0x00000000080034ac                _localeconv_r
 .text.malloc   0x00000000080034b4       0x10 /usr/share/gcc-arm-none-eabi-10.3-2021.10/bin/../lib/gcc/arm-none-eabi/10.3.1/../../../../arm-none-eabi/lib/thumb/v7e-m+fp/hard/libg_nano.a(lib_a-malloc.o)
                0x00000000080034b4                malloc
 .text._Balloc  0x00000000080034c4       0x80 /usr/share/gcc-arm-none-eabi-10.3-2021.10/bin/../lib/gcc/arm-none-eabi/10.3.1/../../../../arm-none-eabi/lib/thumb/v7e-m+fp/hard/libg_nano.a(lib_a-mprec.o)
                0x00000000080034c4                _Balloc
 .text._Bfree   0x0000000008003544       0x44 /usr/share/gcc-arm-none-eabi-10.3-2021.10/bin/../lib/gcc/arm-none-eabi/10.3.1/../../../../arm-none-eabi/lib/thumb/v7e-m+fp/hard/libg_nano.a(lib_a-mprec.o)
                0x0000000008003544                _Bfree
 .text.__multadd
                0x0000000008003588       0x8c /usr/share/gcc-arm-none-eabi-10.3-2021.10/bin/../lib/gcc/arm-none-eabi/10.3.1/../../../../arm-none-eabi/lib/thumb/v7e-m+fp/hard/libg_nano.a(lib_a-mprec.o)
                0x0000000008003588                __multadd
 .text.__hi0bits
                0x0000000008003614       0x40 /usr/share/gcc-arm-none-eabi-10.3-2021.10/bin/../lib/gcc/arm-none-eabi/10.3.1/../../../../arm-none-eabi/lib/thumb/v7e-m+fp/hard/libg_nano.a(lib_a-mprec.o)
                0x0000000008003614                __hi0bits
 .text.__lo0bits
                0x0000000008003654       0x5e /usr/share/gcc-arm-none-eabi-10.3-2021.10/bin/../lib/gcc/arm-none-eabi/10.3.1/../../../../arm-none-eabi/lib/thumb/v7e-m+fp/hard/libg_nano.a(lib_a-mprec.o)
                0x0000000008003654                __lo0bits
 *fill*         0x00000000080036b2        0x2 
 .text.__i2b    0x00000000080036b4       0x2c /usr/share/gcc-arm-none-eabi-10.3-2021.10/bin/../lib/gcc/arm-none-eabi/10.3.1/../../../../arm-none-eabi/lib/thumb/v7e-m+fp/hard/libg_nano.a(lib_a-mprec.o)
                0x00000000080036b4                __i2b
 .text.__multiply
                0x00000000080036e0      0x154 /usr/share/gcc-arm-none-eabi-10.3-2021.10/bin/../lib/gcc/arm-none-eabi/10.3.1/../../../../arm-none-eabi/lib/thumb/v7e-m+fp/hard/libg_nano.a(lib_a-mprec.o)
                0x00000000080036e0                __multiply
 .text.__pow5mult
                0x0000000008003834       0xb4 /usr/share/gcc-arm-none-eabi-10.3-2021.10/bin/../lib/gcc/arm-none-eabi/10.3.1/../../../../arm-none-eabi/lib/thumb/v7e-m+fp/hard/libg_nano.a(lib_a-mprec.o)
                0x0000000008003834                __pow5mult
 .text.__lshift
                0x00000000080038e8       0xe0 /usr/share/gcc-arm-none-eabi-10.3-2021.10/bin/../lib/gcc/arm-none-eabi/10.3.1/../../../../arm-none-eabi/lib/thumb/v7e-m+fp/hard/libg_nano.a(lib_a-mprec.o)
                0x00000000080038e8                __lshift
 .text.__mcmp   0x00000000080039c8       0x38 /usr/share/gcc-arm-none-eabi-10.3-2021.10/bin/../lib/gcc/arm-none-eabi/10.3.1/../../../../arm-none-eabi/lib/thumb/v7e-m+fp/hard/libg_nano.a(lib_a-mprec.o)
                0x00000000080039c8                __mcmp
 .text.__mdiff  0x0000000008003a00      0x114 /usr/share/gcc-arm-none-eabi-10.3-2021.10/bin/../lib/gcc/arm-none-eabi/10.3.1/../../../../arm-none-eabi/lib/thumb/v7e-m+fp/hard/libg_nano.a(lib_a-mprec.o)
                0x0000000008003a00                __mdiff
 .text.__d2b    0x0000000008003b14       0xb8 /usr/share/gcc-arm-none-eabi-10.3-2021.10/bin/../lib/gcc/arm-none-eabi/10.3.1/../../../../arm-none-eabi/lib/thumb/v7e-m+fp/hard/libg_nano.a(lib_a-mprec.o)
                0x0000000008003b14                __d2b
 .text._calloc_r
                0x0000000008003bcc       0x2c /usr/share/gcc-arm-none-eabi-10.3-2021.10/bin/../lib/gcc/arm-none-eabi/10.3.1/../../../../arm-none-eabi/lib/thumb/v7e-m+fp/hard/libg_nano.a(lib_a-nano-callocr.o)
                0x0000000008003bcc                _calloc_r
 .text._free_r  0x0000000008003bf8       0x98 /usr/share/gcc-arm-none-eabi-10.3-2021.10/bin/../lib/gcc/arm-none-eabi/10.3.1/../../../../arm-none-eabi/lib/thumb/v7e-m+fp/hard/libg_nano.a(lib_a-nano-freer.o)
                0x0000000008003bf8                _free_r
 .text.sbrk_aligned
                0x0000000008003c90       0x40 /usr/share/gcc-arm-none-eabi-10.3-2021.10/bin/../lib/gcc/arm-none-eabi/10.3.1/../../../../arm-none-eabi/lib/thumb/v7e-m+fp/hard/libg_nano.a(lib_a-nano-mallocr.o)
 .text._malloc_r
                0x0000000008003cd0       0xe8 /usr/share/gcc-arm-none-eabi-10.3-2021.10/bin/../lib/gcc/arm-none-eabi/10.3.1/../../../../arm-none-eabi/lib/thumb/v7e-m+fp/hard/libg_nano.a(lib_a-nano-mallocr.o)
                0x0000000008003cd0                _malloc_r
 .text._sbrk_r  0x0000000008003db8       0x20 /usr/share/gcc-arm-none-eabi-10.3-2021.10/bin/../lib/gcc/arm-none-eabi/10.3.1/../../../../arm-none-eabi/lib/thumb/v7e-m+fp/hard/libg_nano.a(lib_a-sbrkr.o)
                0x0000000008003db8                _sbrk_r
 .text.__assert_func
                0x0000000008003dd8       0x3c /usr/share/gcc-arm-none-eabi-10.3-2021.10/bin/../lib/gcc/arm-none-eabi/10.3.1/../../../../arm-none-eabi/lib/thumb/v7e-m+fp/hard/libg_nano.a(lib_a-assert.o)
                0x0000000008003dd8                __assert_func
 .text.fprintf  0x0000000008003e14       0x24 /usr/share/gcc-arm-none-eabi-10.3-2021.10/bin/../lib/gcc/arm-none-eabi/10.3.1/../../../../arm-none-eabi/lib/thumb/v7e-m+fp/hard/libg_nano.a(lib_a-fprintf.o)
                0x0000000008003e14                fprintf
                0x0000000008003e14                fiprintf
 .text.__ascii_mbtowc
                0x0000000008003e38       0x24 /usr/share/gcc-arm-none-eabi-10.3-2021.10/bin/../lib/gcc/arm-none-eabi/10.3.1/../../../../arm-none-eabi/lib/thumb/v7e-m+fp/hard/libg_nano.a(lib_a-mbtowc_r.o)
                0x0000000008003e38                __ascii_mbtowc
 .text.__malloc_lock
                0x0000000008003e5c        0xc /usr/share/gcc-arm-none-eabi-10.3-2021.10/bin/../lib/gcc/arm-none-eabi/10.3.1/../../../../arm-none-eabi/lib/thumb/v7e-m+fp/hard/libg_nano.a(lib_a-mlock.o)
                0x0000000008003e5c                __malloc_lock
 .text.__malloc_unlock
                0x0000000008003e68        0xc /usr/share/gcc-arm-none-eabi-10.3-2021.10/bin/../lib/gcc/arm-none-eabi/10.3.1/../../../../arm-none-eabi/lib/thumb/v7e-m+fp/hard/libg_nano.a(lib_a-mlock.o)
                0x0000000008003e68                __malloc_unlock
 .text.__sfputc_r
                0x0000000008003e74       0x2e /usr/share/gcc-arm-none-eabi-10.3-2021.10/bin/../lib/gcc/arm-none-eabi/10.3.1/../../../../arm-none-eabi/lib/thumb/v7e-m+fp/hard/libg_nano.a(lib_a-nano-vfprintf.o)
 .text.__sfputs_r
                0x0000000008003ea2       0x24 /usr/share/gcc-arm-none-eabi-10.3-2021.10/bin/../lib/gcc/arm-none-eabi/10.3.1/../../../../arm-none-eabi/lib/thumb/v7e-m+fp/hard/libg_nano.a(lib_a-nano-vfprintf.o)
                0x0000000008003ea2                __sfputs_r
 *fill*         0x0000000008003ec6        0x2 
 .text._vfprintf_r
                0x0000000008003ec8      0x260 /usr/share/gcc-arm-none-eabi-10.3-2021.10/bin/../lib/gcc/arm-none-eabi/10.3.1/../../../../arm-none-eabi/lib/thumb/v7e-m+fp/hard/libg_nano.a(lib_a-nano-vfprintf.o)
                0x0000000008003ec8                _vfiprintf_r
                0x0000000008003ec8                _vfprintf_r
 .text.__swbuf_r
                0x0000000008004128       0xa4 /usr/share/gcc-arm-none-eabi-10.3-2021.10/bin/../lib/gcc/arm-none-eabi/10.3.1/../../../../arm-none-eabi/lib/thumb/v7e-m+fp/hard/libg_nano.a(lib_a-wbuf.o)
                0x0000000008004128                __swbuf_r
 .text.__ascii_wctomb
                0x00000000080041cc       0x1a /usr/share/gcc-arm-none-eabi-10.3-2021.10/bin/../lib/gcc/arm-none-eabi/10.3.1/../../../../arm-none-eabi/lib/thumb/v7e-m+fp/hard/libg_nano.a(lib_a-wctomb_r.o)
                0x00000000080041cc                __ascii_wctomb
 *fill*         0x00000000080041e6        0x2 
 .text.__swsetup_r
                0x00000000080041e8       0xdc /usr/share/gcc-arm-none-eabi-10.3-2021.10/bin/../lib/gcc/arm-none-eabi/10.3.1/../../../../arm-none-eabi/lib/thumb/v7e-m+fp/hard/libg_nano.a(lib_a-wsetup.o)
                0x00000000080041e8                __swsetup_r
 .text.__sflush_r
                0x00000000080042c4      0x10c /usr/share/gcc-arm-none-eabi-10.3-2021.10/bin/../lib/gcc/arm-none-eabi/10.3.1/../../../../arm-none-eabi/lib/thumb/v7e-m+fp/hard/libg_nano.a(lib_a-fflush.o)
                0x00000000080042c4                __sflush_r
 .text._fflush_r
                0x00000000080043d0       0x78 /usr/share/gcc-arm-none-eabi-10.3-2021.10/bin/../lib/gcc/arm-none-eabi/10.3.1/../../../../arm-none-eabi/lib/thumb/v7e-m+fp/hard/libg_nano.a(lib_a-fflush.o)
                0x00000000080043d0                _fflush_r
 .text.std      0x0000000008004448       0x48 /usr/share/gcc-arm-none-eabi-10.3-2021.10/bin/../lib/gcc/arm-none-eabi/10.3.1/../../../../arm-none-eabi/lib/thumb/v7e-m+fp/hard/libg_nano.a(lib_a-findfp.o)
 .text._cleanup_r
                0x0000000008004490        0xc /usr/share/gcc-arm-none-eabi-10.3-2021.10/bin/../lib/gcc/arm-none-eabi/10.3.1/../../../../arm-none-eabi/lib/thumb/v7e-m+fp/hard/libg_nano.a(lib_a-findfp.o)
                0x0000000008004490                _cleanup_r
 .text.__sfmoreglue
                0x000000000800449c       0x2c /usr/share/gcc-arm-none-eabi-10.3-2021.10/bin/../lib/gcc/arm-none-eabi/10.3.1/../../../../arm-none-eabi/lib/thumb/v7e-m+fp/hard/libg_nano.a(lib_a-findfp.o)
                0x000000000800449c                __sfmoreglue
 .text.__sfp_lock_acquire
                0x00000000080044c8        0xc /usr/share/gcc-arm-none-eabi-10.3-2021.10/bin/../lib/gcc/arm-none-eabi/10.3.1/../../../../arm-none-eabi/lib/thumb/v7e-m+fp/hard/libg_nano.a(lib_a-findfp.o)
                0x00000000080044c8                __sfp_lock_acquire
 .text.__sfp_lock_release
                0x00000000080044d4        0xc /usr/share/gcc-arm-none-eabi-10.3-2021.10/bin/../lib/gcc/arm-none-eabi/10.3.1/../../../../arm-none-eabi/lib/thumb/v7e-m+fp/hard/libg_nano.a(lib_a-findfp.o)
                0x00000000080044d4                __sfp_lock_release
 .text.__sinit_lock_acquire
                0x00000000080044e0        0xc /usr/share/gcc-arm-none-eabi-10.3-2021.10/bin/../lib/gcc/arm-none-eabi/10.3.1/../../../../arm-none-eabi/lib/thumb/v7e-m+fp/hard/libg_nano.a(lib_a-findfp.o)
                0x00000000080044e0                __sinit_lock_acquire
 .text.__sinit_lock_release
                0x00000000080044ec        0xc /usr/share/gcc-arm-none-eabi-10.3-2021.10/bin/../lib/gcc/arm-none-eabi/10.3.1/../../../../arm-none-eabi/lib/thumb/v7e-m+fp/hard/libg_nano.a(lib_a-findfp.o)
                0x00000000080044ec                __sinit_lock_release
 .text.__sinit  0x00000000080044f8       0x70 /usr/share/gcc-arm-none-eabi-10.3-2021.10/bin/../lib/gcc/arm-none-eabi/10.3.1/../../../../arm-none-eabi/lib/thumb/v7e-m+fp/hard/libg_nano.a(lib_a-findfp.o)
                0x00000000080044f8                __sinit
 .text.__sfp    0x0000000008004568       0x8c /usr/share/gcc-arm-none-eabi-10.3-2021.10/bin/../lib/gcc/arm-none-eabi/10.3.1/../../../../arm-none-eabi/lib/thumb/v7e-m+fp/hard/libg_nano.a(lib_a-findfp.o)
                0x0000000008004568                __sfp
 .text._fwalk_reent
                0x00000000080045f4       0x3e /usr/share/gcc-arm-none-eabi-10.3-2021.10/bin/../lib/gcc/arm-none-eabi/10.3.1/../../../../arm-none-eabi/lib/thumb/v7e-m+fp/hard/libg_nano.a(lib_a-fwalk.o)
                0x00000000080045f4                _fwalk_reent
 .text.__retarget_lock_init_recursive
                0x0000000008004632        0x2 /usr/share/gcc-arm-none-eabi-10.3-2021.10/bin/../lib/gcc/arm-none-eabi/10.3.1/../../../../arm-none-eabi/lib/thumb/v7e-m+fp/hard/libg_nano.a(lib_a-lock.o)
                0x0000000008004632                __retarget_lock_init_recursive
 .text.__retarget_lock_acquire_recursive
                0x0000000008004634        0x2 /usr/share/gcc-arm-none-eabi-10.3-2021.10/bin/../lib/gcc/arm-none-eabi/10.3.1/../../../../arm-none-eabi/lib/thumb/v7e-m+fp/hard/libg_nano.a(lib_a-lock.o)
                0x0000000008004634                __retarget_lock_acquire_recursive
 .text.__retarget_lock_release_recursive
                0x0000000008004636        0x2 /usr/share/gcc-arm-none-eabi-10.3-2021.10/bin/../lib/gcc/arm-none-eabi/10.3.1/../../../../arm-none-eabi/lib/thumb/v7e-m+fp/hard/libg_nano.a(lib_a-lock.o)
                0x0000000008004636                __retarget_lock_release_recursive
 .text.__swhatbuf_r
                0x0000000008004638       0x4a /usr/share/gcc-arm-none-eabi-10.3-2021.10/bin/../lib/gcc/arm-none-eabi/10.3.1/../../../../arm-none-eabi/lib/thumb/v7e-m+fp/hard/libg_nano.a(lib_a-makebuf.o)
                0x0000000008004638                __swhatbuf_r
 *fill*         0x0000000008004682        0x2 
 .text.__smakebuf_r
                0x0000000008004684       0x80 /usr/share/gcc-arm-none-eabi-10.3-2021.10/bin/../lib/gcc/arm-none-eabi/10.3.1/../../../../arm-none-eabi/lib/thumb/v7e-m+fp/hard/libg_nano.a(lib_a-makebuf.o)
                0x0000000008004684                __smakebuf_r
 .text.__sread  0x0000000008004704       0x22 /usr/share/gcc-arm-none-eabi-10.3-2021.10/bin/../lib/gcc/arm-none-eabi/10.3.1/../../../../arm-none-eabi/lib/thumb/v7e-m+fp/hard/libg_nano.a(lib_a-stdio.o)
                0x0000000008004704                __sread
 .text.__swrite
                0x0000000008004726       0x38 /usr/share/gcc-arm-none-eabi-10.3-2021.10/bin/../lib/gcc/arm-none-eabi/10.3.1/../../../../arm-none-eabi/lib/thumb/v7e-m+fp/hard/libg_nano.a(lib_a-stdio.o)
                0x0000000008004726                __swrite
 .text.__sseek  0x000000000800475e       0x24 /usr/share/gcc-arm-none-eabi-10.3-2021.10/bin/../lib/gcc/arm-none-eabi/10.3.1/../../../../arm-none-eabi/lib/thumb/v7e-m+fp/hard/libg_nano.a(lib_a-stdio.o)
                0x000000000800475e                __sseek
 .text.__sclose
                0x0000000008004782        0x8 /usr/share/gcc-arm-none-eabi-10.3-2021.10/bin/../lib/gcc/arm-none-eabi/10.3.1/../../../../arm-none-eabi/lib/thumb/v7e-m+fp/hard/libg_nano.a(lib_a-stdio.o)
                0x0000000008004782                __sclose
 *fill*         0x000000000800478a        0x2 
 .text._write_r
                0x000000000800478c       0x24 /usr/share/gcc-arm-none-eabi-10.3-2021.10/bin/../lib/gcc/arm-none-eabi/10.3.1/../../../../arm-none-eabi/lib/thumb/v7e-m+fp/hard/libg_nano.a(lib_a-writer.o)
                0x000000000800478c                _write_r
 .text._close_r
                0x00000000080047b0       0x20 /usr/share/gcc-arm-none-eabi-10.3-2021.10/bin/../lib/gcc/arm-none-eabi/10.3.1/../../../../arm-none-eabi/lib/thumb/v7e-m+fp/hard/libg_nano.a(lib_a-closer.o)
                0x00000000080047b0                _close_r
 .text._fstat_r
                0x00000000080047d0       0x24 /usr/share/gcc-arm-none-eabi-10.3-2021.10/bin/../lib/gcc/arm-none-eabi/10.3.1/../../../../arm-none-eabi/lib/thumb/v7e-m+fp/hard/libg_nano.a(lib_a-fstatr.o)
                0x00000000080047d0                _fstat_r
 .text._isatty_r
                0x00000000080047f4       0x20 /usr/share/gcc-arm-none-eabi-10.3-2021.10/bin/../lib/gcc/arm-none-eabi/10.3.1/../../../../arm-none-eabi/lib/thumb/v7e-m+fp/hard/libg_nano.a(lib_a-isattyr.o)
                0x00000000080047f4                _isatty_r
 .text._lseek_r
                0x0000000008004814       0x24 /usr/share/gcc-arm-none-eabi-10.3-2021.10/bin/../lib/gcc/arm-none-eabi/10.3.1/../../../../arm-none-eabi/lib/thumb/v7e-m+fp/hard/libg_nano.a(lib_a-lseekr.o)
                0x0000000008004814                _lseek_r
 .text._read_r  0x0000000008004838       0x24 /usr/share/gcc-arm-none-eabi-10.3-2021.10/bin/../lib/gcc/arm-none-eabi/10.3.1/../../../../arm-none-eabi/lib/thumb/v7e-m+fp/hard/libg_nano.a(lib_a-readr.o)
                0x0000000008004838                _read_r
 *(.glue_7)
 .glue_7        0x000000000800485c        0x0 linker stubs
 *(.glue_7t)
 .glue_7t       0x000000000800485c        0x0 linker stubs
 *(.eh_frame)
 .eh_frame      0x000000000800485c        0x0 /usr/share/gcc-arm-none-eabi-10.3-2021.10/bin/../lib/gcc/arm-none-eabi/10.3.1/thumb/v7e-m+fp/hard/crtbegin.o
 *(.init)
 .init          0x000000000800485c        0x4 /usr/share/gcc-arm-none-eabi-10.3-2021.10/bin/../lib/gcc/arm-none-eabi/10.3.1/thumb/v7e-m+fp/hard/crti.o
                0x000000000800485c                _init
 .init          0x0000000008004860        0x8 /usr/share/gcc-arm-none-eabi-10.3-2021.10/bin/../lib/gcc/arm-none-eabi/10.3.1/thumb/v7e-m+fp/hard/crtn.o
 *(.fini)
 .fini          0x0000000008004868        0x4 /usr/share/gcc-arm-none-eabi-10.3-2021.10/bin/../lib/gcc/arm-none-eabi/10.3.1/thumb/v7e-m+fp/hard/crti.o
                0x0000000008004868                _fini
 .fini          0x000000000800486c        0x8 /usr/share/gcc-arm-none-eabi-10.3-2021.10/bin/../lib/gcc/arm-none-eabi/10.3.1/thumb/v7e-m+fp/hard/crtn.o
                0x0000000008004874                . = ALIGN (0x4)
                0x0000000008004874                _etext = .

.vfp11_veneer   0x0000000008004874        0x0
 .vfp11_veneer  0x0000000008004874        0x0 linker stubs

.v4_bx          0x0000000008004874        0x0
 .v4_bx         0x0000000008004874        0x0 linker stubs

.iplt           0x0000000008004874        0x0
 .iplt          0x0000000008004874        0x0 /usr/share/gcc-arm-none-eabi-10.3-2021.10/bin/../lib/gcc/arm-none-eabi/10.3.1/thumb/v7e-m+fp/hard/crtbegin.o

.rodata         0x0000000008004878      0x424
                0x0000000008004878                . = ALIGN (0x4)
 *(.rodata)
 *(.rodata*)
 .rodata._global_impure_ptr
                0x0000000008004878        0x4 /usr/share/gcc-arm-none-eabi-10.3-2021.10/bin/../lib/gcc/arm-none-eabi/10.3.1/../../../../arm-none-eabi/lib/thumb/v7e-m+fp/hard/libg_nano.a(lib_a-impure.o)
                0x0000000008004878                _global_impure_ptr
 .rodata._printf_float.str1.1
                0x000000000800487c       0x12 /usr/share/gcc-arm-none-eabi-10.3-2021.10/bin/../lib/gcc/arm-none-eabi/10.3.1/../../../../arm-none-eabi/lib/thumb/v7e-m+fp/hard/libg_nano.a(lib_a-nano-vfprintf_float.o)
 .rodata._printf_i.str1.1
                0x000000000800488e       0x22 /usr/share/gcc-arm-none-eabi-10.3-2021.10/bin/../lib/gcc/arm-none-eabi/10.3.1/../../../../arm-none-eabi/lib/thumb/v7e-m+fp/hard/libg_nano.a(lib_a-nano-vfprintf_i.o)
 .rodata._dtoa_r.str1.1
                0x00000000080048b0       0xb3 /usr/share/gcc-arm-none-eabi-10.3-2021.10/bin/../lib/gcc/arm-none-eabi/10.3.1/../../../../arm-none-eabi/lib/thumb/v7e-m+fp/hard/libg_nano.a(lib_a-dtoa.o)
                                         0xb5 (size before relaxing)
 .rodata._Balloc.str1.1
                0x0000000008004963       0x7f /usr/share/gcc-arm-none-eabi-10.3-2021.10/bin/../lib/gcc/arm-none-eabi/10.3.1/../../../../arm-none-eabi/lib/thumb/v7e-m+fp/hard/libg_nano.a(lib_a-mprec.o)
                                         0x96 (size before relaxing)
 .rodata.__multadd.str1.1
                0x00000000080049e2       0x11 /usr/share/gcc-arm-none-eabi-10.3-2021.10/bin/../lib/gcc/arm-none-eabi/10.3.1/../../../../arm-none-eabi/lib/thumb/v7e-m+fp/hard/libg_nano.a(lib_a-mprec.o)
 *fill*         0x00000000080049e2        0x6 
 .rodata.__mprec_bigtens
                0x00000000080049e8       0x28 /usr/share/gcc-arm-none-eabi-10.3-2021.10/bin/../lib/gcc/arm-none-eabi/10.3.1/../../../../arm-none-eabi/lib/thumb/v7e-m+fp/hard/libg_nano.a(lib_a-mprec.o)
                0x00000000080049e8                __mprec_bigtens
 .rodata.__mprec_tens
                0x0000000008004a10       0xc8 /usr/share/gcc-arm-none-eabi-10.3-2021.10/bin/../lib/gcc/arm-none-eabi/10.3.1/../../../../arm-none-eabi/lib/thumb/v7e-m+fp/hard/libg_nano.a(lib_a-mprec.o)
                0x0000000008004a10                __mprec_tens
 .rodata.p05.0  0x0000000008004ad8        0xc /usr/share/gcc-arm-none-eabi-10.3-2021.10/bin/../lib/gcc/arm-none-eabi/10.3.1/../../../../arm-none-eabi/lib/thumb/v7e-m+fp/hard/libg_nano.a(lib_a-mprec.o)
 .rodata.__assert_func.str1.1
                0x0000000008004ae4       0x3c /usr/share/gcc-arm-none-eabi-10.3-2021.10/bin/../lib/gcc/arm-none-eabi/10.3.1/../../../../arm-none-eabi/lib/thumb/v7e-m+fp/hard/libg_nano.a(lib_a-assert.o)
                                         0x3d (size before relaxing)
 .rodata._setlocale_r.str1.1
                0x0000000008004b20        0x8 /usr/share/gcc-arm-none-eabi-10.3-2021.10/bin/../lib/gcc/arm-none-eabi/10.3.1/../../../../arm-none-eabi/lib/thumb/v7e-m+fp/hard/libg_nano.a(lib_a-locale.o)
                                          0x9 (size before relaxing)
 .rodata.str1.1
                0x0000000008004b28        0x2 /usr/share/gcc-arm-none-eabi-10.3-2021.10/bin/../lib/gcc/arm-none-eabi/10.3.1/../../../../arm-none-eabi/lib/thumb/v7e-m+fp/hard/libg_nano.a(lib_a-locale.o)
 .rodata._vfprintf_r.str1.1
                0x0000000008004b2a       0x11 /usr/share/gcc-arm-none-eabi-10.3-2021.10/bin/../lib/gcc/arm-none-eabi/10.3.1/../../../../arm-none-eabi/lib/thumb/v7e-m+fp/hard/libg_nano.a(lib_a-nano-vfprintf.o)
 .rodata._ctype_
                0x0000000008004b3b      0x101 /usr/share/gcc-arm-none-eabi-10.3-2021.10/bin/../lib/gcc/arm-none-eabi/10.3.1/../../../../arm-none-eabi/lib/thumb/v7e-m+fp/hard/libg_nano.a(lib_a-ctype_.o)
                0x0000000008004b3b                _ctype_
 .rodata.__sf_fake_stderr
                0x0000000008004c3c       0x20 /usr/share/gcc-arm-none-eabi-10.3-2021.10/bin/../lib/gcc/arm-none-eabi/10.3.1/../../../../arm-none-eabi/lib/thumb/v7e-m+fp/hard/libg_nano.a(lib_a-findfp.o)
                0x0000000008004c3c                __sf_fake_stderr
 .rodata.__sf_fake_stdin
                0x0000000008004c5c       0x20 /usr/share/gcc-arm-none-eabi-10.3-2021.10/bin/../lib/gcc/arm-none-eabi/10.3.1/../../../../arm-none-eabi/lib/thumb/v7e-m+fp/hard/libg_nano.a(lib_a-findfp.o)
                0x0000000008004c5c                __sf_fake_stdin
 .rodata.__sf_fake_stdout
                0x0000000008004c7c       0x20 /usr/share/gcc-arm-none-eabi-10.3-2021.10/bin/../lib/gcc/arm-none-eabi/10.3.1/../../../../arm-none-eabi/lib/thumb/v7e-m+fp/hard/libg_nano.a(lib_a-findfp.o)
                0x0000000008004c7c                __sf_fake_stdout
                0x0000000008004c9c                . = ALIGN (0x4)

.ARM.extab      0x0000000008004c9c       0x18
 *(.ARM.extab* .gnu.linkonce.armextab.*)
 .ARM.extab     0x0000000008004c9c       0x18 /usr/share/gcc-arm-none-eabi-10.3-2021.10/bin/../lib/gcc/arm-none-eabi/10.3.1/thumb/v7e-m+fp/hard/libgcc.a(pr-support.o)

.ARM            0x0000000008004cb4       0xc8
                0x0000000008004cb4                __exidx_start = .
 *(.ARM.exidx*)
 .ARM.exidx.text.SystemInit
                0x0000000008004d6c        0x0 CMakeFiles/stm32f3discovery_Debug.dir/platform/stm32f3discovery/system.cpp.obj
                                          0x8 (size before relaxing)
 .ARM.exidx.text.SysTick_Handler
                0x0000000008004d6c        0x0 CMakeFiles/stm32f3discovery_Debug.dir/platform/stm32f3discovery/system.cpp.obj
                                          0x8 (size before relaxing)
 .ARM.exidx.text._ZN6System9init_tickEv
                0x0000000008004d6c        0x0 CMakeFiles/stm32f3discovery_Debug.dir/platform/stm32f3discovery/system.cpp.obj
                                          0x8 (size before relaxing)
 .ARM.exidx.text._ZN6System8get_tickEv
                0x0000000008004d6c        0x0 CMakeFiles/stm32f3discovery_Debug.dir/platform/stm32f3discovery/system.cpp.obj
                                          0x8 (size before relaxing)
 .ARM.exidx.text._ZN6System5delayEm
                0x0000000008004d6c        0x0 CMakeFiles/stm32f3discovery_Debug.dir/platform/stm32f3discovery/system.cpp.obj
                                          0x8 (size before relaxing)
 .ARM.exidx.text._ZN6System4initEv
                0x0000000008004d6c        0x0 CMakeFiles/stm32f3discovery_Debug.dir/platform/stm32f3discovery/system.cpp.obj
                                          0x8 (size before relaxing)
 .ARM.exidx.text._ZN4Gpio9init_ledsEv
                0x0000000008004d6c        0x0 CMakeFiles/stm32f3discovery_Debug.dir/src/gpio.cpp.obj
                                          0x8 (size before relaxing)
 .ARM.exidx.text.main
                0x0000000008004d6c       0x10 CMakeFiles/stm32f3discovery_Debug.dir/src/main.cpp.obj
                                          0x8 (size before relaxing)
 .ARM.exidx     0x0000000008004cb4       0x80 /usr/share/gcc-arm-none-eabi-10.3-2021.10/bin/../lib/gcc/arm-none-eabi/10.3.1/thumb/v7e-m+fp/hard/libgcc.a(unwind-arm.o)
                                         0xd8 (size before relaxing)
 .ARM.exidx     0x0000000008004d34       0x38 /usr/share/gcc-arm-none-eabi-10.3-2021.10/bin/../lib/gcc/arm-none-eabi/10.3.1/thumb/v7e-m+fp/hard/libgcc.a(pr-support.o)
                0x0000000008004d7c                __exidx_end = .

.rel.dyn        0x0000000008004d7c        0x0
 .rel.iplt      0x0000000008004d7c        0x0 /usr/share/gcc-arm-none-eabi-10.3-2021.10/bin/../lib/gcc/arm-none-eabi/10.3.1/thumb/v7e-m+fp/hard/crtbegin.o

.preinit_array  0x0000000008004d7c        0x0
                0x0000000008004d7c                PROVIDE (__preinit_array_start = .)
 *(.preinit_array*)
                0x0000000008004d7c                PROVIDE (__preinit_array_end = .)

.init_array     0x0000000008004d7c        0x4
                0x0000000008004d7c                PROVIDE (__init_array_start = .)
 *(SORT_BY_NAME(.init_array.*))
 *(.init_array*)
 .init_array    0x0000000008004d7c        0x4 /usr/share/gcc-arm-none-eabi-10.3-2021.10/bin/../lib/gcc/arm-none-eabi/10.3.1/thumb/v7e-m+fp/hard/crtbegin.o
                0x0000000008004d80                PROVIDE (__init_array_end = .)

.fini_array     0x0000000008004d80        0x4
                [!provide]                        PROVIDE (__fini_array_start = .)
 *(SORT_BY_NAME(.fini_array.*))
 *(.fini_array*)
 .fini_array    0x0000000008004d80        0x4 /usr/share/gcc-arm-none-eabi-10.3-2021.10/bin/../lib/gcc/arm-none-eabi/10.3.1/thumb/v7e-m+fp/hard/crtbegin.o
                [!provide]                        PROVIDE (__fini_array_end = .)
                0x0000000008004d84                _sidata = LOADADDR (.data)

.data           0x0000000020000000      0x1d4 load address 0x0000000008004d84
                0x0000000020000000                . = ALIGN (0x4)
                0x0000000020000000                _sdata = .
 *(.data)
 *(.data*)
 .data._ZN6System10CORE_CLOCKE
                0x0000000020000000        0x4 CMakeFiles/stm32f3discovery_Debug.dir/platform/stm32f3discovery/system.cpp.obj
                0x0000000020000000                System::CORE_CLOCK
 .data._impure_ptr
                0x0000000020000004        0x4 /usr/share/gcc-arm-none-eabi-10.3-2021.10/bin/../lib/gcc/arm-none-eabi/10.3.1/../../../../arm-none-eabi/lib/thumb/v7e-m+fp/hard/libg_nano.a(lib_a-impure.o)
                0x0000000020000004                _impure_ptr
 .data.impure_data
                0x0000000020000008       0x60 /usr/share/gcc-arm-none-eabi-10.3-2021.10/bin/../lib/gcc/arm-none-eabi/10.3.1/../../../../arm-none-eabi/lib/thumb/v7e-m+fp/hard/libg_nano.a(lib_a-impure.o)
 .data.__global_locale
                0x0000000020000068      0x16c /usr/share/gcc-arm-none-eabi-10.3-2021.10/bin/../lib/gcc/arm-none-eabi/10.3.1/../../../../arm-none-eabi/lib/thumb/v7e-m+fp/hard/libg_nano.a(lib_a-locale.o)
                0x0000000020000068                __global_locale
                0x00000000200001d4                . = ALIGN (0x4)
                0x00000000200001d4                _edata = .
                0x0000000008004f58                _siccmram = LOADADDR (.ccmram)

.igot.plt       0x00000000200001d4        0x0 load address 0x0000000008004f58
 .igot.plt      0x00000000200001d4        0x0 /usr/share/gcc-arm-none-eabi-10.3-2021.10/bin/../lib/gcc/arm-none-eabi/10.3.1/thumb/v7e-m+fp/hard/crtbegin.o

.ccmram         0x0000000010000000        0x0 load address 0x0000000008004f58
                0x0000000010000000                . = ALIGN (0x4)
                0x0000000010000000                _sccmram = .
 *(.ccmram)
 *(.ccmram*)
                0x0000000010000000                . = ALIGN (0x4)
                0x0000000010000000                _eccmram = .
                0x0000000010000000                . = ALIGN (0x4)

.bss            0x00000000200001d4       0x34
                0x00000000200001d4                _sbss = .
                0x00000000200001d4                __bss_start__ = _sbss
 *(.bss)
 .bss           0x00000000200001d4       0x1c /usr/share/gcc-arm-none-eabi-10.3-2021.10/bin/../lib/gcc/arm-none-eabi/10.3.1/thumb/v7e-m+fp/hard/crtbegin.o
 *(.bss*)
 .bss._ZN6System4TICKE
                0x00000000200001f0        0x4 CMakeFiles/stm32f3discovery_Debug.dir/platform/stm32f3discovery/system.cpp.obj
                0x00000000200001f0                System::TICK
 .bss.heap_end.0
                0x00000000200001f4        0x4 CMakeFiles/stm32f3discovery_Debug.dir/src/syscalls.c.obj
 .bss.__malloc_free_list
                0x00000000200001f8        0x4 /usr/share/gcc-arm-none-eabi-10.3-2021.10/bin/../lib/gcc/arm-none-eabi/10.3.1/../../../../arm-none-eabi/lib/thumb/v7e-m+fp/hard/libg_nano.a(lib_a-nano-mallocr.o)
                0x00000000200001f8                __malloc_free_list
 .bss.__malloc_sbrk_start
                0x00000000200001fc        0x4 /usr/share/gcc-arm-none-eabi-10.3-2021.10/bin/../lib/gcc/arm-none-eabi/10.3.1/../../../../arm-none-eabi/lib/thumb/v7e-m+fp/hard/libg_nano.a(lib_a-nano-mallocr.o)
                0x00000000200001fc                __malloc_sbrk_start
 .bss.errno     0x0000000020000200        0x4 /usr/share/gcc-arm-none-eabi-10.3-2021.10/bin/../lib/gcc/arm-none-eabi/10.3.1/../../../../arm-none-eabi/lib/thumb/v7e-m+fp/hard/libg_nano.a(lib_a-reent.o)
                0x0000000020000200                errno
 .bss.__lock___malloc_recursive_mutex
                0x0000000020000204        0x1 /usr/share/gcc-arm-none-eabi-10.3-2021.10/bin/../lib/gcc/arm-none-eabi/10.3.1/../../../../arm-none-eabi/lib/thumb/v7e-m+fp/hard/libg_nano.a(lib_a-lock.o)
                0x0000000020000204                __lock___malloc_recursive_mutex
 .bss.__lock___sfp_recursive_mutex
                0x0000000020000205        0x1 /usr/share/gcc-arm-none-eabi-10.3-2021.10/bin/../lib/gcc/arm-none-eabi/10.3.1/../../../../arm-none-eabi/lib/thumb/v7e-m+fp/hard/libg_nano.a(lib_a-lock.o)
                0x0000000020000205                __lock___sfp_recursive_mutex
 .bss.__lock___sinit_recursive_mutex
                0x0000000020000206        0x1 /usr/share/gcc-arm-none-eabi-10.3-2021.10/bin/../lib/gcc/arm-none-eabi/10.3.1/../../../../arm-none-eabi/lib/thumb/v7e-m+fp/hard/libg_nano.a(lib_a-lock.o)
                0x0000000020000206                __lock___sinit_recursive_mutex
 *(COMMON)
                0x0000000020000208                . = ALIGN (0x4)
 *fill*         0x0000000020000207        0x1 
                0x0000000020000208                _ebss = .
                0x0000000020000208                __bss_end__ = _ebss

._user_heap_stack
                0x0000000020000208      0x600
                0x0000000020000208                . = ALIGN (0x8)
                0x0000000020000208                PROVIDE (end = .)
                [!provide]                        PROVIDE (_end = .)
                0x0000000020000408                . = (. + _Min_Heap_Size)
 *fill*         0x0000000020000208      0x200 
                0x0000000020000808                . = (. + _Min_Stack_Size)
 *fill*         0x0000000020000408      0x400 
                0x0000000020000808                . = ALIGN (0x8)

/DISCARD/
 libc.a(*)
 libm.a(*)
 libgcc.a(*)

.ARM.attributes
                0x0000000000000000       0x30
 *(.ARM.attributes)
 .ARM.attributes
                0x0000000000000000       0x1e /usr/share/gcc-arm-none-eabi-10.3-2021.10/bin/../lib/gcc/arm-none-eabi/10.3.1/thumb/v7e-m+fp/hard/crti.o
 .ARM.attributes
                0x000000000000001e       0x34 /usr/share/gcc-arm-none-eabi-10.3-2021.10/bin/../lib/gcc/arm-none-eabi/10.3.1/thumb/v7e-m+fp/hard/crtbegin.o
 .ARM.attributes
                0x0000000000000052       0x21 CMakeFiles/stm32f3discovery_Debug.dir/platform/stm32f3discovery/stm32f3discovery_startup.s.obj
 .ARM.attributes
                0x0000000000000073       0x34 CMakeFiles/stm32f3discovery_Debug.dir/platform/stm32f3discovery/system.cpp.obj
 .ARM.attributes
                0x00000000000000a7       0x34 CMakeFiles/stm32f3discovery_Debug.dir/src/gpio.cpp.obj
 .ARM.attributes
                0x00000000000000db       0x34 CMakeFiles/stm32f3discovery_Debug.dir/src/main.cpp.obj
 .ARM.attributes
                0x000000000000010f       0x34 CMakeFiles/stm32f3discovery_Debug.dir/src/syscalls.c.obj
 .ARM.attributes
                0x0000000000000143       0x34 /usr/share/gcc-arm-none-eabi-10.3-2021.10/bin/../lib/gcc/arm-none-eabi/10.3.1/thumb/v7e-m+fp/hard/libgcc.a(unwind-arm.o)
 .ARM.attributes
                0x0000000000000177       0x1e /usr/share/gcc-arm-none-eabi-10.3-2021.10/bin/../lib/gcc/arm-none-eabi/10.3.1/thumb/v7e-m+fp/hard/libgcc.a(libunwind.o)
 .ARM.attributes
                0x0000000000000195       0x34 /usr/share/gcc-arm-none-eabi-10.3-2021.10/bin/../lib/gcc/arm-none-eabi/10.3.1/thumb/v7e-m+fp/hard/libgcc.a(pr-support.o)
 .ARM.attributes
                0x00000000000001c9       0x34 /usr/share/gcc-arm-none-eabi-10.3-2021.10/bin/../lib/gcc/arm-none-eabi/10.3.1/../../../../arm-none-eabi/lib/thumb/v7e-m+fp/hard/libg_nano.a(lib_a-abort.o)
 .ARM.attributes
                0x00000000000001fd       0x34 /usr/share/gcc-arm-none-eabi-10.3-2021.10/bin/../lib/gcc/arm-none-eabi/10.3.1/../../../../arm-none-eabi/lib/thumb/v7e-m+fp/hard/libg_nano.a(lib_a-errno.o)
 .ARM.attributes
                0x0000000000000231       0x34 /usr/share/gcc-arm-none-eabi-10.3-2021.10/bin/../lib/gcc/arm-none-eabi/10.3.1/../../../../arm-none-eabi/lib/thumb/v7e-m+fp/hard/libg_nano.a(lib_a-impure.o)
 .ARM.attributes
                0x0000000000000265       0x34 /usr/share/gcc-arm-none-eabi-10.3-2021.10/bin/../lib/gcc/arm-none-eabi/10.3.1/../../../../arm-none-eabi/lib/thumb/v7e-m+fp/hard/libg_nano.a(lib_a-init.o)
 .ARM.attributes
                0x0000000000000299       0x34 /usr/share/gcc-arm-none-eabi-10.3-2021.10/bin/../lib/gcc/arm-none-eabi/10.3.1/../../../../arm-none-eabi/lib/thumb/v7e-m+fp/hard/libg_nano.a(lib_a-memcpy-stub.o)
 .ARM.attributes
                0x00000000000002cd       0x34 /usr/share/gcc-arm-none-eabi-10.3-2021.10/bin/../lib/gcc/arm-none-eabi/10.3.1/../../../../arm-none-eabi/lib/thumb/v7e-m+fp/hard/libg_nano.a(lib_a-memset.o)
 .ARM.attributes
                0x0000000000000301       0x34 /usr/share/gcc-arm-none-eabi-10.3-2021.10/bin/../lib/gcc/arm-none-eabi/10.3.1/../../../../arm-none-eabi/lib/thumb/v7e-m+fp/hard/libg_nano.a(lib_a-nano-vfprintf_float.o)
 .ARM.attributes
                0x0000000000000335       0x34 /usr/share/gcc-arm-none-eabi-10.3-2021.10/bin/../lib/gcc/arm-none-eabi/10.3.1/../../../../arm-none-eabi/lib/thumb/v7e-m+fp/hard/libg_nano.a(lib_a-nano-vfprintf_i.o)
 .ARM.attributes
                0x0000000000000369       0x34 /usr/share/gcc-arm-none-eabi-10.3-2021.10/bin/../lib/gcc/arm-none-eabi/10.3.1/../../../../arm-none-eabi/lib/thumb/v7e-m+fp/hard/libg_nano.a(lib_a-signal.o)
 .ARM.attributes
                0x000000000000039d       0x34 /usr/share/gcc-arm-none-eabi-10.3-2021.10/bin/../lib/gcc/arm-none-eabi/10.3.1/../../../../arm-none-eabi/lib/thumb/v7e-m+fp/hard/libg_nano.a(lib_a-signalr.o)
 .ARM.attributes
                0x00000000000003d1       0x17 /usr/share/gcc-arm-none-eabi-10.3-2021.10/bin/../lib/gcc/arm-none-eabi/10.3.1/../../../../arm-none-eabi/lib/thumb/v7e-m+fp/hard/libg_nano.a(lib_a-strlen.o)
 .ARM.attributes
                0x00000000000003e8       0x34 /usr/share/gcc-arm-none-eabi-10.3-2021.10/bin/../lib/gcc/arm-none-eabi/10.3.1/../../../../arm-none-eabi/lib/thumb/v7e-m+fp/hard/libg_nano.a(lib_a-dtoa.o)
 .ARM.attributes
                0x000000000000041c       0x34 /usr/share/gcc-arm-none-eabi-10.3-2021.10/bin/../lib/gcc/arm-none-eabi/10.3.1/../../../../arm-none-eabi/lib/thumb/v7e-m+fp/hard/libg_nano.a(lib_a-localeconv.o)
 .ARM.attributes
                0x0000000000000450       0x34 /usr/share/gcc-arm-none-eabi-10.3-2021.10/bin/../lib/gcc/arm-none-eabi/10.3.1/../../../../arm-none-eabi/lib/thumb/v7e-m+fp/hard/libg_nano.a(lib_a-malloc.o)
 .ARM.attributes
                0x0000000000000484       0x1c /usr/share/gcc-arm-none-eabi-10.3-2021.10/bin/../lib/gcc/arm-none-eabi/10.3.1/../../../../arm-none-eabi/lib/thumb/v7e-m+fp/hard/libg_nano.a(lib_a-memchr.o)
 .ARM.attributes
                0x00000000000004a0       0x34 /usr/share/gcc-arm-none-eabi-10.3-2021.10/bin/../lib/gcc/arm-none-eabi/10.3.1/../../../../arm-none-eabi/lib/thumb/v7e-m+fp/hard/libg_nano.a(lib_a-mprec.o)
 .ARM.attributes
                0x00000000000004d4       0x34 /usr/share/gcc-arm-none-eabi-10.3-2021.10/bin/../lib/gcc/arm-none-eabi/10.3.1/../../../../arm-none-eabi/lib/thumb/v7e-m+fp/hard/libg_nano.a(lib_a-nano-callocr.o)
 .ARM.attributes
                0x0000000000000508       0x34 /usr/share/gcc-arm-none-eabi-10.3-2021.10/bin/../lib/gcc/arm-none-eabi/10.3.1/../../../../arm-none-eabi/lib/thumb/v7e-m+fp/hard/libg_nano.a(lib_a-nano-freer.o)
 .ARM.attributes
                0x000000000000053c       0x34 /usr/share/gcc-arm-none-eabi-10.3-2021.10/bin/../lib/gcc/arm-none-eabi/10.3.1/../../../../arm-none-eabi/lib/thumb/v7e-m+fp/hard/libg_nano.a(lib_a-nano-mallocr.o)
 .ARM.attributes
                0x0000000000000570       0x34 /usr/share/gcc-arm-none-eabi-10.3-2021.10/bin/../lib/gcc/arm-none-eabi/10.3.1/../../../../arm-none-eabi/lib/thumb/v7e-m+fp/hard/libg_nano.a(lib_a-reent.o)
 .ARM.attributes
                0x00000000000005a4       0x34 /usr/share/gcc-arm-none-eabi-10.3-2021.10/bin/../lib/gcc/arm-none-eabi/10.3.1/../../../../arm-none-eabi/lib/thumb/v7e-m+fp/hard/libg_nano.a(lib_a-sbrkr.o)
 .ARM.attributes
                0x00000000000005d8       0x34 /usr/share/gcc-arm-none-eabi-10.3-2021.10/bin/../lib/gcc/arm-none-eabi/10.3.1/../../../../arm-none-eabi/lib/thumb/v7e-m+fp/hard/libg_nano.a(lib_a-assert.o)
 .ARM.attributes
                0x000000000000060c       0x34 /usr/share/gcc-arm-none-eabi-10.3-2021.10/bin/../lib/gcc/arm-none-eabi/10.3.1/../../../../arm-none-eabi/lib/thumb/v7e-m+fp/hard/libg_nano.a(lib_a-fprintf.o)
 .ARM.attributes
                0x0000000000000640       0x34 /usr/share/gcc-arm-none-eabi-10.3-2021.10/bin/../lib/gcc/arm-none-eabi/10.3.1/../../../../arm-none-eabi/lib/thumb/v7e-m+fp/hard/libg_nano.a(lib_a-locale.o)
 .ARM.attributes
                0x0000000000000674       0x34 /usr/share/gcc-arm-none-eabi-10.3-2021.10/bin/../lib/gcc/arm-none-eabi/10.3.1/../../../../arm-none-eabi/lib/thumb/v7e-m+fp/hard/libg_nano.a(lib_a-mbtowc_r.o)
 .ARM.attributes
                0x00000000000006a8       0x34 /usr/share/gcc-arm-none-eabi-10.3-2021.10/bin/../lib/gcc/arm-none-eabi/10.3.1/../../../../arm-none-eabi/lib/thumb/v7e-m+fp/hard/libg_nano.a(lib_a-mlock.o)
 .ARM.attributes
                0x00000000000006dc       0x34 /usr/share/gcc-arm-none-eabi-10.3-2021.10/bin/../lib/gcc/arm-none-eabi/10.3.1/../../../../arm-none-eabi/lib/thumb/v7e-m+fp/hard/libg_nano.a(lib_a-nano-vfprintf.o)
 .ARM.attributes
                0x0000000000000710       0x34 /usr/share/gcc-arm-none-eabi-10.3-2021.10/bin/../lib/gcc/arm-none-eabi/10.3.1/../../../../arm-none-eabi/lib/thumb/v7e-m+fp/hard/libg_nano.a(lib_a-wbuf.o)
 .ARM.attributes
                0x0000000000000744       0x34 /usr/share/gcc-arm-none-eabi-10.3-2021.10/bin/../lib/gcc/arm-none-eabi/10.3.1/../../../../arm-none-eabi/lib/thumb/v7e-m+fp/hard/libg_nano.a(lib_a-wctomb_r.o)
 .ARM.attributes
                0x0000000000000778       0x34 /usr/share/gcc-arm-none-eabi-10.3-2021.10/bin/../lib/gcc/arm-none-eabi/10.3.1/../../../../arm-none-eabi/lib/thumb/v7e-m+fp/hard/libg_nano.a(lib_a-wsetup.o)
 .ARM.attributes
                0x00000000000007ac       0x34 /usr/share/gcc-arm-none-eabi-10.3-2021.10/bin/../lib/gcc/arm-none-eabi/10.3.1/../../../../arm-none-eabi/lib/thumb/v7e-m+fp/hard/libg_nano.a(lib_a-ctype_.o)
 .ARM.attributes
                0x00000000000007e0       0x34 /usr/share/gcc-arm-none-eabi-10.3-2021.10/bin/../lib/gcc/arm-none-eabi/10.3.1/../../../../arm-none-eabi/lib/thumb/v7e-m+fp/hard/libg_nano.a(lib_a-fflush.o)
 .ARM.attributes
                0x0000000000000814       0x34 /usr/share/gcc-arm-none-eabi-10.3-2021.10/bin/../lib/gcc/arm-none-eabi/10.3.1/../../../../arm-none-eabi/lib/thumb/v7e-m+fp/hard/libg_nano.a(lib_a-findfp.o)
 .ARM.attributes
                0x0000000000000848       0x34 /usr/share/gcc-arm-none-eabi-10.3-2021.10/bin/../lib/gcc/arm-none-eabi/10.3.1/../../../../arm-none-eabi/lib/thumb/v7e-m+fp/hard/libg_nano.a(lib_a-fwalk.o)
 .ARM.attributes
                0x000000000000087c       0x34 /usr/share/gcc-arm-none-eabi-10.3-2021.10/bin/../lib/gcc/arm-none-eabi/10.3.1/../../../../arm-none-eabi/lib/thumb/v7e-m+fp/hard/libg_nano.a(lib_a-lock.o)
 .ARM.attributes
                0x00000000000008b0       0x34 /usr/share/gcc-arm-none-eabi-10.3-2021.10/bin/../lib/gcc/arm-none-eabi/10.3.1/../../../../arm-none-eabi/lib/thumb/v7e-m+fp/hard/libg_nano.a(lib_a-makebuf.o)
 .ARM.attributes
                0x00000000000008e4       0x34 /usr/share/gcc-arm-none-eabi-10.3-2021.10/bin/../lib/gcc/arm-none-eabi/10.3.1/../../../../arm-none-eabi/lib/thumb/v7e-m+fp/hard/libg_nano.a(lib_a-stdio.o)
 .ARM.attributes
                0x0000000000000918       0x34 /usr/share/gcc-arm-none-eabi-10.3-2021.10/bin/../lib/gcc/arm-none-eabi/10.3.1/../../../../arm-none-eabi/lib/thumb/v7e-m+fp/hard/libg_nano.a(lib_a-writer.o)
 .ARM.attributes
                0x000000000000094c       0x34 /usr/share/gcc-arm-none-eabi-10.3-2021.10/bin/../lib/gcc/arm-none-eabi/10.3.1/../../../../arm-none-eabi/lib/thumb/v7e-m+fp/hard/libg_nano.a(lib_a-closer.o)
 .ARM.attributes
                0x0000000000000980       0x34 /usr/share/gcc-arm-none-eabi-10.3-2021.10/bin/../lib/gcc/arm-none-eabi/10.3.1/../../../../arm-none-eabi/lib/thumb/v7e-m+fp/hard/libg_nano.a(lib_a-fstatr.o)
 .ARM.attributes
                0x00000000000009b4       0x34 /usr/share/gcc-arm-none-eabi-10.3-2021.10/bin/../lib/gcc/arm-none-eabi/10.3.1/../../../../arm-none-eabi/lib/thumb/v7e-m+fp/hard/libg_nano.a(lib_a-isattyr.o)
 .ARM.attributes
                0x00000000000009e8       0x34 /usr/share/gcc-arm-none-eabi-10.3-2021.10/bin/../lib/gcc/arm-none-eabi/10.3.1/../../../../arm-none-eabi/lib/thumb/v7e-m+fp/hard/libg_nano.a(lib_a-lseekr.o)
 .ARM.attributes
                0x0000000000000a1c       0x34 /usr/share/gcc-arm-none-eabi-10.3-2021.10/bin/../lib/gcc/arm-none-eabi/10.3.1/../../../../arm-none-eabi/lib/thumb/v7e-m+fp/hard/libg_nano.a(lib_a-readr.o)
 .ARM.attributes
                0x0000000000000a50       0x1e /usr/share/gcc-arm-none-eabi-10.3-2021.10/bin/../lib/gcc/arm-none-eabi/10.3.1/thumb/v7e-m+fp/hard/libgcc.a(_arm_addsubdf3.o)
 .ARM.attributes
                0x0000000000000a6e       0x1e /usr/share/gcc-arm-none-eabi-10.3-2021.10/bin/../lib/gcc/arm-none-eabi/10.3.1/thumb/v7e-m+fp/hard/libgcc.a(_arm_muldivdf3.o)
 .ARM.attributes
                0x0000000000000a8c       0x1e /usr/share/gcc-arm-none-eabi-10.3-2021.10/bin/../lib/gcc/arm-none-eabi/10.3.1/thumb/v7e-m+fp/hard/libgcc.a(_arm_cmpdf2.o)
 .ARM.attributes
                0x0000000000000aaa       0x1e /usr/share/gcc-arm-none-eabi-10.3-2021.10/bin/../lib/gcc/arm-none-eabi/10.3.1/thumb/v7e-m+fp/hard/libgcc.a(_arm_unorddf2.o)
 .ARM.attributes
                0x0000000000000ac8       0x1e /usr/share/gcc-arm-none-eabi-10.3-2021.10/bin/../lib/gcc/arm-none-eabi/10.3.1/thumb/v7e-m+fp/hard/libgcc.a(_arm_fixdfsi.o)
 .ARM.attributes
                0x0000000000000ae6       0x1e /usr/share/gcc-arm-none-eabi-10.3-2021.10/bin/../lib/gcc/arm-none-eabi/10.3.1/thumb/v7e-m+fp/hard/crtn.o
OUTPUT(/home/shestakovvv/Projects/cpp/test_stm32f3discovery/build/bin/stm32f3discovery_Debug elf32-littlearm)
LOAD linker stubs
LOAD /usr/share/gcc-arm-none-eabi-10.3-2021.10/bin/../lib/gcc/arm-none-eabi/10.3.1/../../../../arm-none-eabi/lib/thumb/v7e-m+fp/hard/libc.a
LOAD /usr/share/gcc-arm-none-eabi-10.3-2021.10/bin/../lib/gcc/arm-none-eabi/10.3.1/../../../../arm-none-eabi/lib/thumb/v7e-m+fp/hard/libm.a
LOAD /usr/share/gcc-arm-none-eabi-10.3-2021.10/bin/../lib/gcc/arm-none-eabi/10.3.1/thumb/v7e-m+fp/hard/libgcc.a

.debug_line     0x0000000000000000     0x138e
 .debug_line    0x0000000000000000       0xca CMakeFiles/stm32f3discovery_Debug.dir/platform/stm32f3discovery/stm32f3discovery_startup.s.obj
 .debug_line    0x00000000000000ca      0x4a3 CMakeFiles/stm32f3discovery_Debug.dir/platform/stm32f3discovery/system.cpp.obj
 .debug_line    0x000000000000056d      0x3b1 CMakeFiles/stm32f3discovery_Debug.dir/src/gpio.cpp.obj
 .debug_line    0x000000000000091e      0x429 CMakeFiles/stm32f3discovery_Debug.dir/src/main.cpp.obj
 .debug_line    0x0000000000000d47      0x647 CMakeFiles/stm32f3discovery_Debug.dir/src/syscalls.c.obj

.debug_info     0x0000000000000000     0x12bd
 .debug_info    0x0000000000000000       0x22 CMakeFiles/stm32f3discovery_Debug.dir/platform/stm32f3discovery/stm32f3discovery_startup.s.obj
 .debug_info    0x0000000000000022      0x6ef CMakeFiles/stm32f3discovery_Debug.dir/platform/stm32f3discovery/system.cpp.obj
 .debug_info    0x0000000000000711      0x27a CMakeFiles/stm32f3discovery_Debug.dir/src/gpio.cpp.obj
 .debug_info    0x000000000000098b      0x17c CMakeFiles/stm32f3discovery_Debug.dir/src/main.cpp.obj
 .debug_info    0x0000000000000b07      0x7b6 CMakeFiles/stm32f3discovery_Debug.dir/src/syscalls.c.obj

.debug_abbrev   0x0000000000000000      0x4fa
 .debug_abbrev  0x0000000000000000       0x12 CMakeFiles/stm32f3discovery_Debug.dir/platform/stm32f3discovery/stm32f3discovery_startup.s.obj
 .debug_abbrev  0x0000000000000012      0x1cf CMakeFiles/stm32f3discovery_Debug.dir/platform/stm32f3discovery/system.cpp.obj
 .debug_abbrev  0x00000000000001e1       0xcd CMakeFiles/stm32f3discovery_Debug.dir/src/gpio.cpp.obj
 .debug_abbrev  0x00000000000002ae       0xb4 CMakeFiles/stm32f3discovery_Debug.dir/src/main.cpp.obj
 .debug_abbrev  0x0000000000000362      0x198 CMakeFiles/stm32f3discovery_Debug.dir/src/syscalls.c.obj

.debug_aranges  0x0000000000000000      0x168
 .debug_aranges
                0x0000000000000000       0x28 CMakeFiles/stm32f3discovery_Debug.dir/platform/stm32f3discovery/stm32f3discovery_startup.s.obj
 .debug_aranges
                0x0000000000000028       0x50 CMakeFiles/stm32f3discovery_Debug.dir/platform/stm32f3discovery/system.cpp.obj
 .debug_aranges
                0x0000000000000078       0x20 CMakeFiles/stm32f3discovery_Debug.dir/src/gpio.cpp.obj
 .debug_aranges
                0x0000000000000098       0x20 CMakeFiles/stm32f3discovery_Debug.dir/src/main.cpp.obj
 .debug_aranges
                0x00000000000000b8       0xb0 CMakeFiles/stm32f3discovery_Debug.dir/src/syscalls.c.obj

.debug_str      0x0000000000000000    0x79d27
 .debug_str     0x0000000000000000       0xc1 CMakeFiles/stm32f3discovery_Debug.dir/platform/stm32f3discovery/stm32f3discovery_startup.s.obj
 .debug_str     0x00000000000000c1    0x74125 CMakeFiles/stm32f3discovery_Debug.dir/platform/stm32f3discovery/system.cpp.obj
                                      0x74341 (size before relaxing)
 .debug_str     0x00000000000741e6       0x9a CMakeFiles/stm32f3discovery_Debug.dir/src/gpio.cpp.obj
                                      0x740ca (size before relaxing)
 .debug_str     0x0000000000074280       0x47 CMakeFiles/stm32f3discovery_Debug.dir/src/main.cpp.obj
                                      0x7404a (size before relaxing)
 .debug_str     0x00000000000742c7     0x5a60 CMakeFiles/stm32f3discovery_Debug.dir/src/syscalls.c.obj
                                       0x8ab1 (size before relaxing)

.debug_ranges   0x0000000000000000      0x120
 .debug_ranges  0x0000000000000000       0x20 CMakeFiles/stm32f3discovery_Debug.dir/platform/stm32f3discovery/stm32f3discovery_startup.s.obj
 .debug_ranges  0x0000000000000020       0x40 CMakeFiles/stm32f3discovery_Debug.dir/platform/stm32f3discovery/system.cpp.obj
 .debug_ranges  0x0000000000000060       0x10 CMakeFiles/stm32f3discovery_Debug.dir/src/gpio.cpp.obj
 .debug_ranges  0x0000000000000070       0x10 CMakeFiles/stm32f3discovery_Debug.dir/src/main.cpp.obj
 .debug_ranges  0x0000000000000080       0xa0 CMakeFiles/stm32f3discovery_Debug.dir/src/syscalls.c.obj

.debug_loc      0x0000000000000000      0x848
 .debug_loc     0x0000000000000000      0x1d0 CMakeFiles/stm32f3discovery_Debug.dir/platform/stm32f3discovery/system.cpp.obj
 .debug_loc     0x00000000000001d0       0x44 CMakeFiles/stm32f3discovery_Debug.dir/src/gpio.cpp.obj
 .debug_loc     0x0000000000000214       0x2c CMakeFiles/stm32f3discovery_Debug.dir/src/main.cpp.obj
 .debug_loc     0x0000000000000240      0x608 CMakeFiles/stm32f3discovery_Debug.dir/src/syscalls.c.obj

.debug_macro    0x0000000000000000    0x17432
 .debug_macro   0x0000000000000000       0xf8 CMakeFiles/stm32f3discovery_Debug.dir/platform/stm32f3discovery/system.cpp.obj
 .debug_macro   0x00000000000000f8      0xbd4 CMakeFiles/stm32f3discovery_Debug.dir/platform/stm32f3discovery/system.cpp.obj
 .debug_macro   0x0000000000000ccc       0x2e CMakeFiles/stm32f3discovery_Debug.dir/platform/stm32f3discovery/system.cpp.obj
 .debug_macro   0x0000000000000cfa       0x28 CMakeFiles/stm32f3discovery_Debug.dir/platform/stm32f3discovery/system.cpp.obj
 .debug_macro   0x0000000000000d22       0x1c CMakeFiles/stm32f3discovery_Debug.dir/platform/stm32f3discovery/system.cpp.obj
 .debug_macro   0x0000000000000d3e       0x22 CMakeFiles/stm32f3discovery_Debug.dir/platform/stm32f3discovery/system.cpp.obj
 .debug_macro   0x0000000000000d60       0x56 CMakeFiles/stm32f3discovery_Debug.dir/platform/stm32f3discovery/system.cpp.obj
 .debug_macro   0x0000000000000db6       0x51 CMakeFiles/stm32f3discovery_Debug.dir/platform/stm32f3discovery/system.cpp.obj
 .debug_macro   0x0000000000000e07      0x103 CMakeFiles/stm32f3discovery_Debug.dir/platform/stm32f3discovery/system.cpp.obj
 .debug_macro   0x0000000000000f0a       0x6a CMakeFiles/stm32f3discovery_Debug.dir/platform/stm32f3discovery/system.cpp.obj
 .debug_macro   0x0000000000000f74      0x1df CMakeFiles/stm32f3discovery_Debug.dir/platform/stm32f3discovery/system.cpp.obj
 .debug_macro   0x0000000000001153       0x2e CMakeFiles/stm32f3discovery_Debug.dir/platform/stm32f3discovery/system.cpp.obj
 .debug_macro   0x0000000000001181       0x10 CMakeFiles/stm32f3discovery_Debug.dir/platform/stm32f3discovery/system.cpp.obj
 .debug_macro   0x0000000000001191       0x34 CMakeFiles/stm32f3discovery_Debug.dir/platform/stm32f3discovery/system.cpp.obj
 .debug_macro   0x00000000000011c5      0x26d CMakeFiles/stm32f3discovery_Debug.dir/platform/stm32f3discovery/system.cpp.obj
 .debug_macro   0x0000000000001432       0x28 CMakeFiles/stm32f3discovery_Debug.dir/platform/stm32f3discovery/system.cpp.obj
 .debug_macro   0x000000000000145a     0x11ae CMakeFiles/stm32f3discovery_Debug.dir/platform/stm32f3discovery/system.cpp.obj
 .debug_macro   0x0000000000002608      0x11f CMakeFiles/stm32f3discovery_Debug.dir/platform/stm32f3discovery/system.cpp.obj
 .debug_macro   0x0000000000002727    0x12a3a CMakeFiles/stm32f3discovery_Debug.dir/platform/stm32f3discovery/system.cpp.obj
 .debug_macro   0x0000000000015161       0x6d CMakeFiles/stm32f3discovery_Debug.dir/platform/stm32f3discovery/system.cpp.obj
 .debug_macro   0x00000000000151ce       0xec CMakeFiles/stm32f3discovery_Debug.dir/src/gpio.cpp.obj
 .debug_macro   0x00000000000152ba       0xf4 CMakeFiles/stm32f3discovery_Debug.dir/src/main.cpp.obj
 .debug_macro   0x00000000000153ae      0x24c CMakeFiles/stm32f3discovery_Debug.dir/src/syscalls.c.obj
 .debug_macro   0x00000000000155fa      0xa72 CMakeFiles/stm32f3discovery_Debug.dir/src/syscalls.c.obj
 .debug_macro   0x000000000001606c       0x4c CMakeFiles/stm32f3discovery_Debug.dir/src/syscalls.c.obj
 .debug_macro   0x00000000000160b8       0x1e CMakeFiles/stm32f3discovery_Debug.dir/src/syscalls.c.obj
 .debug_macro   0x00000000000160d6       0x94 CMakeFiles/stm32f3discovery_Debug.dir/src/syscalls.c.obj
 .debug_macro   0x000000000001616a       0x3c CMakeFiles/stm32f3discovery_Debug.dir/src/syscalls.c.obj
 .debug_macro   0x00000000000161a6       0x34 CMakeFiles/stm32f3discovery_Debug.dir/src/syscalls.c.obj
 .debug_macro   0x00000000000161da       0x57 CMakeFiles/stm32f3discovery_Debug.dir/src/syscalls.c.obj
 .debug_macro   0x0000000000016231      0x174 CMakeFiles/stm32f3discovery_Debug.dir/src/syscalls.c.obj
 .debug_macro   0x00000000000163a5      0x341 CMakeFiles/stm32f3discovery_Debug.dir/src/syscalls.c.obj
 .debug_macro   0x00000000000166e6       0x16 CMakeFiles/stm32f3discovery_Debug.dir/src/syscalls.c.obj
 .debug_macro   0x00000000000166fc       0x43 CMakeFiles/stm32f3discovery_Debug.dir/src/syscalls.c.obj
 .debug_macro   0x000000000001673f       0x34 CMakeFiles/stm32f3discovery_Debug.dir/src/syscalls.c.obj
 .debug_macro   0x0000000000016773       0x10 CMakeFiles/stm32f3discovery_Debug.dir/src/syscalls.c.obj
 .debug_macro   0x0000000000016783       0x58 CMakeFiles/stm32f3discovery_Debug.dir/src/syscalls.c.obj
 .debug_macro   0x00000000000167db       0x71 CMakeFiles/stm32f3discovery_Debug.dir/src/syscalls.c.obj
 .debug_macro   0x000000000001684c       0x1c CMakeFiles/stm32f3discovery_Debug.dir/src/syscalls.c.obj
 .debug_macro   0x0000000000016868      0x12a CMakeFiles/stm32f3discovery_Debug.dir/src/syscalls.c.obj
 .debug_macro   0x0000000000016992       0x10 CMakeFiles/stm32f3discovery_Debug.dir/src/syscalls.c.obj
 .debug_macro   0x00000000000169a2       0x35 CMakeFiles/stm32f3discovery_Debug.dir/src/syscalls.c.obj
 .debug_macro   0x00000000000169d7       0x10 CMakeFiles/stm32f3discovery_Debug.dir/src/syscalls.c.obj
 .debug_macro   0x00000000000169e7       0x10 CMakeFiles/stm32f3discovery_Debug.dir/src/syscalls.c.obj
 .debug_macro   0x00000000000169f7       0x10 CMakeFiles/stm32f3discovery_Debug.dir/src/syscalls.c.obj
 .debug_macro   0x0000000000016a07       0x1c CMakeFiles/stm32f3discovery_Debug.dir/src/syscalls.c.obj
 .debug_macro   0x0000000000016a23       0x52 CMakeFiles/stm32f3discovery_Debug.dir/src/syscalls.c.obj
 .debug_macro   0x0000000000016a75       0x22 CMakeFiles/stm32f3discovery_Debug.dir/src/syscalls.c.obj
 .debug_macro   0x0000000000016a97       0x10 CMakeFiles/stm32f3discovery_Debug.dir/src/syscalls.c.obj
 .debug_macro   0x0000000000016aa7       0x52 CMakeFiles/stm32f3discovery_Debug.dir/src/syscalls.c.obj
 .debug_macro   0x0000000000016af9       0xd5 CMakeFiles/stm32f3discovery_Debug.dir/src/syscalls.c.obj
 .debug_macro   0x0000000000016bce       0x1c CMakeFiles/stm32f3discovery_Debug.dir/src/syscalls.c.obj
 .debug_macro   0x0000000000016bea       0x3d CMakeFiles/stm32f3discovery_Debug.dir/src/syscalls.c.obj
 .debug_macro   0x0000000000016c27       0x35 CMakeFiles/stm32f3discovery_Debug.dir/src/syscalls.c.obj
 .debug_macro   0x0000000000016c5c      0x12c CMakeFiles/stm32f3discovery_Debug.dir/src/syscalls.c.obj
 .debug_macro   0x0000000000016d88       0x16 CMakeFiles/stm32f3discovery_Debug.dir/src/syscalls.c.obj
 .debug_macro   0x0000000000016d9e       0x16 CMakeFiles/stm32f3discovery_Debug.dir/src/syscalls.c.obj
 .debug_macro   0x0000000000016db4       0x29 CMakeFiles/stm32f3discovery_Debug.dir/src/syscalls.c.obj
 .debug_macro   0x0000000000016ddd       0x10 CMakeFiles/stm32f3discovery_Debug.dir/src/syscalls.c.obj
 .debug_macro   0x0000000000016ded      0x241 CMakeFiles/stm32f3discovery_Debug.dir/src/syscalls.c.obj
 .debug_macro   0x000000000001702e       0x1c CMakeFiles/stm32f3discovery_Debug.dir/src/syscalls.c.obj
 .debug_macro   0x000000000001704a       0x10 CMakeFiles/stm32f3discovery_Debug.dir/src/syscalls.c.obj
 .debug_macro   0x000000000001705a       0x10 CMakeFiles/stm32f3discovery_Debug.dir/src/syscalls.c.obj
 .debug_macro   0x000000000001706a       0x16 CMakeFiles/stm32f3discovery_Debug.dir/src/syscalls.c.obj
 .debug_macro   0x0000000000017080      0x145 CMakeFiles/stm32f3discovery_Debug.dir/src/syscalls.c.obj
 .debug_macro   0x00000000000171c5      0x189 CMakeFiles/stm32f3discovery_Debug.dir/src/syscalls.c.obj
 .debug_macro   0x000000000001734e       0x16 CMakeFiles/stm32f3discovery_Debug.dir/src/syscalls.c.obj
 .debug_macro   0x0000000000017364       0xce CMakeFiles/stm32f3discovery_Debug.dir/src/syscalls.c.obj

.comment        0x0000000000000000       0x49
 .comment       0x0000000000000000       0x49 CMakeFiles/stm32f3discovery_Debug.dir/platform/stm32f3discovery/system.cpp.obj
                                         0x4a (size before relaxing)
 .comment       0x0000000000000049       0x4a CMakeFiles/stm32f3discovery_Debug.dir/src/gpio.cpp.obj
 .comment       0x0000000000000049       0x4a CMakeFiles/stm32f3discovery_Debug.dir/src/main.cpp.obj
 .comment       0x0000000000000049       0x4a CMakeFiles/stm32f3discovery_Debug.dir/src/syscalls.c.obj

.debug_frame    0x0000000000000000     0x1898
 .debug_frame   0x0000000000000000       0xf0 CMakeFiles/stm32f3discovery_Debug.dir/platform/stm32f3discovery/system.cpp.obj
 .debug_frame   0x00000000000000f0       0x30 CMakeFiles/stm32f3discovery_Debug.dir/src/gpio.cpp.obj
 .debug_frame   0x0000000000000120       0x2c CMakeFiles/stm32f3discovery_Debug.dir/src/main.cpp.obj
 .debug_frame   0x000000000000014c      0x2d0 CMakeFiles/stm32f3discovery_Debug.dir/src/syscalls.c.obj
 .debug_frame   0x000000000000041c      0x2d4 /usr/share/gcc-arm-none-eabi-10.3-2021.10/bin/../lib/gcc/arm-none-eabi/10.3.1/thumb/v7e-m+fp/hard/libgcc.a(unwind-arm.o)
 .debug_frame   0x00000000000006f0      0x104 /usr/share/gcc-arm-none-eabi-10.3-2021.10/bin/../lib/gcc/arm-none-eabi/10.3.1/thumb/v7e-m+fp/hard/libgcc.a(pr-support.o)
 .debug_frame   0x00000000000007f4       0x28 /usr/share/gcc-arm-none-eabi-10.3-2021.10/bin/../lib/gcc/arm-none-eabi/10.3.1/../../../../arm-none-eabi/lib/thumb/v7e-m+fp/hard/libg_nano.a(lib_a-abort.o)
 .debug_frame   0x000000000000081c       0x20 /usr/share/gcc-arm-none-eabi-10.3-2021.10/bin/../lib/gcc/arm-none-eabi/10.3.1/../../../../arm-none-eabi/lib/thumb/v7e-m+fp/hard/libg_nano.a(lib_a-errno.o)
 .debug_frame   0x000000000000083c       0x2c /usr/share/gcc-arm-none-eabi-10.3-2021.10/bin/../lib/gcc/arm-none-eabi/10.3.1/../../../../arm-none-eabi/lib/thumb/v7e-m+fp/hard/libg_nano.a(lib_a-init.o)
 .debug_frame   0x0000000000000868       0x28 /usr/share/gcc-arm-none-eabi-10.3-2021.10/bin/../lib/gcc/arm-none-eabi/10.3.1/../../../../arm-none-eabi/lib/thumb/v7e-m+fp/hard/libg_nano.a(lib_a-memcpy-stub.o)
 .debug_frame   0x0000000000000890       0x20 /usr/share/gcc-arm-none-eabi-10.3-2021.10/bin/../lib/gcc/arm-none-eabi/10.3.1/../../../../arm-none-eabi/lib/thumb/v7e-m+fp/hard/libg_nano.a(lib_a-memset.o)
 .debug_frame   0x00000000000008b0       0xa0 /usr/share/gcc-arm-none-eabi-10.3-2021.10/bin/../lib/gcc/arm-none-eabi/10.3.1/../../../../arm-none-eabi/lib/thumb/v7e-m+fp/hard/libg_nano.a(lib_a-nano-vfprintf_float.o)
 .debug_frame   0x0000000000000950       0x60 /usr/share/gcc-arm-none-eabi-10.3-2021.10/bin/../lib/gcc/arm-none-eabi/10.3.1/../../../../arm-none-eabi/lib/thumb/v7e-m+fp/hard/libg_nano.a(lib_a-nano-vfprintf_i.o)
 .debug_frame   0x00000000000009b0       0xcc /usr/share/gcc-arm-none-eabi-10.3-2021.10/bin/../lib/gcc/arm-none-eabi/10.3.1/../../../../arm-none-eabi/lib/thumb/v7e-m+fp/hard/libg_nano.a(lib_a-signal.o)
 .debug_frame   0x0000000000000a7c       0x3c /usr/share/gcc-arm-none-eabi-10.3-2021.10/bin/../lib/gcc/arm-none-eabi/10.3.1/../../../../arm-none-eabi/lib/thumb/v7e-m+fp/hard/libg_nano.a(lib_a-signalr.o)
 .debug_frame   0x0000000000000ab8       0x88 /usr/share/gcc-arm-none-eabi-10.3-2021.10/bin/../lib/gcc/arm-none-eabi/10.3.1/../../../../arm-none-eabi/lib/thumb/v7e-m+fp/hard/libg_nano.a(lib_a-dtoa.o)
 .debug_frame   0x0000000000000b40       0x40 /usr/share/gcc-arm-none-eabi-10.3-2021.10/bin/../lib/gcc/arm-none-eabi/10.3.1/../../../../arm-none-eabi/lib/thumb/v7e-m+fp/hard/libg_nano.a(lib_a-localeconv.o)
 .debug_frame   0x0000000000000b80       0x30 /usr/share/gcc-arm-none-eabi-10.3-2021.10/bin/../lib/gcc/arm-none-eabi/10.3.1/../../../../arm-none-eabi/lib/thumb/v7e-m+fp/hard/libg_nano.a(lib_a-malloc.o)
 .debug_frame   0x0000000000000bb0      0x25c /usr/share/gcc-arm-none-eabi-10.3-2021.10/bin/../lib/gcc/arm-none-eabi/10.3.1/../../../../arm-none-eabi/lib/thumb/v7e-m+fp/hard/libg_nano.a(lib_a-mprec.o)
 .debug_frame   0x0000000000000e0c       0x30 /usr/share/gcc-arm-none-eabi-10.3-2021.10/bin/../lib/gcc/arm-none-eabi/10.3.1/../../../../arm-none-eabi/lib/thumb/v7e-m+fp/hard/libg_nano.a(lib_a-nano-callocr.o)
 .debug_frame   0x0000000000000e3c       0x38 /usr/share/gcc-arm-none-eabi-10.3-2021.10/bin/../lib/gcc/arm-none-eabi/10.3.1/../../../../arm-none-eabi/lib/thumb/v7e-m+fp/hard/libg_nano.a(lib_a-nano-freer.o)
 .debug_frame   0x0000000000000e74       0x4c /usr/share/gcc-arm-none-eabi-10.3-2021.10/bin/../lib/gcc/arm-none-eabi/10.3.1/../../../../arm-none-eabi/lib/thumb/v7e-m+fp/hard/libg_nano.a(lib_a-nano-mallocr.o)
 .debug_frame   0x0000000000000ec0       0x5c /usr/share/gcc-arm-none-eabi-10.3-2021.10/bin/../lib/gcc/arm-none-eabi/10.3.1/../../../../arm-none-eabi/lib/thumb/v7e-m+fp/hard/libg_nano.a(lib_a-reent.o)
 .debug_frame   0x0000000000000f1c       0x2c /usr/share/gcc-arm-none-eabi-10.3-2021.10/bin/../lib/gcc/arm-none-eabi/10.3.1/../../../../arm-none-eabi/lib/thumb/v7e-m+fp/hard/libg_nano.a(lib_a-sbrkr.o)
 .debug_frame   0x0000000000000f48       0x40 /usr/share/gcc-arm-none-eabi-10.3-2021.10/bin/../lib/gcc/arm-none-eabi/10.3.1/../../../../arm-none-eabi/lib/thumb/v7e-m+fp/hard/libg_nano.a(lib_a-assert.o)
 .debug_frame   0x0000000000000f88       0x64 /usr/share/gcc-arm-none-eabi-10.3-2021.10/bin/../lib/gcc/arm-none-eabi/10.3.1/../../../../arm-none-eabi/lib/thumb/v7e-m+fp/hard/libg_nano.a(lib_a-fprintf.o)
 .debug_frame   0x0000000000000fec       0x48 /usr/share/gcc-arm-none-eabi-10.3-2021.10/bin/../lib/gcc/arm-none-eabi/10.3.1/../../../../arm-none-eabi/lib/thumb/v7e-m+fp/hard/libg_nano.a(lib_a-locale.o)
 .debug_frame   0x0000000000001034       0x48 /usr/share/gcc-arm-none-eabi-10.3-2021.10/bin/../lib/gcc/arm-none-eabi/10.3.1/../../../../arm-none-eabi/lib/thumb/v7e-m+fp/hard/libg_nano.a(lib_a-mbtowc_r.o)
 .debug_frame   0x000000000000107c       0x30 /usr/share/gcc-arm-none-eabi-10.3-2021.10/bin/../lib/gcc/arm-none-eabi/10.3.1/../../../../arm-none-eabi/lib/thumb/v7e-m+fp/hard/libg_nano.a(lib_a-mlock.o)
 .debug_frame   0x00000000000010ac       0xac /usr/share/gcc-arm-none-eabi-10.3-2021.10/bin/../lib/gcc/arm-none-eabi/10.3.1/../../../../arm-none-eabi/lib/thumb/v7e-m+fp/hard/libg_nano.a(lib_a-nano-vfprintf.o)
 .debug_frame   0x0000000000001158       0x40 /usr/share/gcc-arm-none-eabi-10.3-2021.10/bin/../lib/gcc/arm-none-eabi/10.3.1/../../../../arm-none-eabi/lib/thumb/v7e-m+fp/hard/libg_nano.a(lib_a-wbuf.o)
 .debug_frame   0x0000000000001198       0x3c /usr/share/gcc-arm-none-eabi-10.3-2021.10/bin/../lib/gcc/arm-none-eabi/10.3.1/../../../../arm-none-eabi/lib/thumb/v7e-m+fp/hard/libg_nano.a(lib_a-wctomb_r.o)
 .debug_frame   0x00000000000011d4       0x2c /usr/share/gcc-arm-none-eabi-10.3-2021.10/bin/../lib/gcc/arm-none-eabi/10.3.1/../../../../arm-none-eabi/lib/thumb/v7e-m+fp/hard/libg_nano.a(lib_a-wsetup.o)
 .debug_frame   0x0000000000001200       0x5c /usr/share/gcc-arm-none-eabi-10.3-2021.10/bin/../lib/gcc/arm-none-eabi/10.3.1/../../../../arm-none-eabi/lib/thumb/v7e-m+fp/hard/libg_nano.a(lib_a-fflush.o)
 .debug_frame   0x000000000000125c      0x14c /usr/share/gcc-arm-none-eabi-10.3-2021.10/bin/../lib/gcc/arm-none-eabi/10.3.1/../../../../arm-none-eabi/lib/thumb/v7e-m+fp/hard/libg_nano.a(lib_a-findfp.o)
 .debug_frame   0x00000000000013a8       0x54 /usr/share/gcc-arm-none-eabi-10.3-2021.10/bin/../lib/gcc/arm-none-eabi/10.3.1/../../../../arm-none-eabi/lib/thumb/v7e-m+fp/hard/libg_nano.a(lib_a-fwalk.o)
 .debug_frame   0x00000000000013fc       0xb0 /usr/share/gcc-arm-none-eabi-10.3-2021.10/bin/../lib/gcc/arm-none-eabi/10.3.1/../../../../arm-none-eabi/lib/thumb/v7e-m+fp/hard/libg_nano.a(lib_a-lock.o)
 .debug_frame   0x00000000000014ac       0x58 /usr/share/gcc-arm-none-eabi-10.3-2021.10/bin/../lib/gcc/arm-none-eabi/10.3.1/../../../../arm-none-eabi/lib/thumb/v7e-m+fp/hard/libg_nano.a(lib_a-makebuf.o)
 .debug_frame   0x0000000000001504       0x88 /usr/share/gcc-arm-none-eabi-10.3-2021.10/bin/../lib/gcc/arm-none-eabi/10.3.1/../../../../arm-none-eabi/lib/thumb/v7e-m+fp/hard/libg_nano.a(lib_a-stdio.o)
 .debug_frame   0x000000000000158c       0x2c /usr/share/gcc-arm-none-eabi-10.3-2021.10/bin/../lib/gcc/arm-none-eabi/10.3.1/../../../../arm-none-eabi/lib/thumb/v7e-m+fp/hard/libg_nano.a(lib_a-writer.o)
 .debug_frame   0x00000000000015b8       0x2c /usr/share/gcc-arm-none-eabi-10.3-2021.10/bin/../lib/gcc/arm-none-eabi/10.3.1/../../../../arm-none-eabi/lib/thumb/v7e-m+fp/hard/libg_nano.a(lib_a-closer.o)
 .debug_frame   0x00000000000015e4       0x2c /usr/share/gcc-arm-none-eabi-10.3-2021.10/bin/../lib/gcc/arm-none-eabi/10.3.1/../../../../arm-none-eabi/lib/thumb/v7e-m+fp/hard/libg_nano.a(lib_a-fstatr.o)
 .debug_frame   0x0000000000001610       0x2c /usr/share/gcc-arm-none-eabi-10.3-2021.10/bin/../lib/gcc/arm-none-eabi/10.3.1/../../../../arm-none-eabi/lib/thumb/v7e-m+fp/hard/libg_nano.a(lib_a-isattyr.o)
 .debug_frame   0x000000000000163c       0x2c /usr/share/gcc-arm-none-eabi-10.3-2021.10/bin/../lib/gcc/arm-none-eabi/10.3.1/../../../../arm-none-eabi/lib/thumb/v7e-m+fp/hard/libg_nano.a(lib_a-lseekr.o)
 .debug_frame   0x0000000000001668       0x2c /usr/share/gcc-arm-none-eabi-10.3-2021.10/bin/../lib/gcc/arm-none-eabi/10.3.1/../../../../arm-none-eabi/lib/thumb/v7e-m+fp/hard/libg_nano.a(lib_a-readr.o)
 .debug_frame   0x0000000000001694       0xac /usr/share/gcc-arm-none-eabi-10.3-2021.10/bin/../lib/gcc/arm-none-eabi/10.3.1/thumb/v7e-m+fp/hard/libgcc.a(_arm_addsubdf3.o)
 .debug_frame   0x0000000000001740       0x50 /usr/share/gcc-arm-none-eabi-10.3-2021.10/bin/../lib/gcc/arm-none-eabi/10.3.1/thumb/v7e-m+fp/hard/libgcc.a(_arm_muldivdf3.o)
 .debug_frame   0x0000000000001790       0xc4 /usr/share/gcc-arm-none-eabi-10.3-2021.10/bin/../lib/gcc/arm-none-eabi/10.3.1/thumb/v7e-m+fp/hard/libgcc.a(_arm_cmpdf2.o)
 .debug_frame   0x0000000000001854       0x20 /usr/share/gcc-arm-none-eabi-10.3-2021.10/bin/../lib/gcc/arm-none-eabi/10.3.1/thumb/v7e-m+fp/hard/libgcc.a(_arm_unorddf2.o)
 .debug_frame   0x0000000000001874       0x24 /usr/share/gcc-arm-none-eabi-10.3-2021.10/bin/../lib/gcc/arm-none-eabi/10.3.1/thumb/v7e-m+fp/hard/libgcc.a(_arm_fixdfsi.o)

Cross Reference Table

Symbol                                            File
ADC1_2_IRQHandler                                 CMakeFiles/stm32f3discovery_Debug.dir/platform/stm32f3discovery/stm32f3discovery_startup.s.obj
ADC3_IRQHandler                                   CMakeFiles/stm32f3discovery_Debug.dir/platform/stm32f3discovery/stm32f3discovery_startup.s.obj
ADC4_IRQHandler                                   CMakeFiles/stm32f3discovery_Debug.dir/platform/stm32f3discovery/stm32f3discovery_startup.s.obj
BusFault_Handler                                  CMakeFiles/stm32f3discovery_Debug.dir/platform/stm32f3discovery/stm32f3discovery_startup.s.obj
CAN_RX1_IRQHandler                                CMakeFiles/stm32f3discovery_Debug.dir/platform/stm32f3discovery/stm32f3discovery_startup.s.obj
CAN_SCE_IRQHandler                                CMakeFiles/stm32f3discovery_Debug.dir/platform/stm32f3discovery/stm32f3discovery_startup.s.obj
COMP1_2_3_IRQHandler                              CMakeFiles/stm32f3discovery_Debug.dir/platform/stm32f3discovery/stm32f3discovery_startup.s.obj
COMP4_5_6_IRQHandler                              CMakeFiles/stm32f3discovery_Debug.dir/platform/stm32f3discovery/stm32f3discovery_startup.s.obj
COMP7_IRQHandler                                  CMakeFiles/stm32f3discovery_Debug.dir/platform/stm32f3discovery/stm32f3discovery_startup.s.obj
DMA1_Channel1_IRQHandler                          CMakeFiles/stm32f3discovery_Debug.dir/platform/stm32f3discovery/stm32f3discovery_startup.s.obj
DMA1_Channel2_IRQHandler                          CMakeFiles/stm32f3discovery_Debug.dir/platform/stm32f3discovery/stm32f3discovery_startup.s.obj
DMA1_Channel3_IRQHandler                          CMakeFiles/stm32f3discovery_Debug.dir/platform/stm32f3discovery/stm32f3discovery_startup.s.obj
DMA1_Channel4_IRQHandler                          CMakeFiles/stm32f3discovery_Debug.dir/platform/stm32f3discovery/stm32f3discovery_startup.s.obj
DMA1_Channel5_IRQHandler                          CMakeFiles/stm32f3discovery_Debug.dir/platform/stm32f3discovery/stm32f3discovery_startup.s.obj
DMA1_Channel6_IRQHandler                          CMakeFiles/stm32f3discovery_Debug.dir/platform/stm32f3discovery/stm32f3discovery_startup.s.obj
DMA1_Channel7_IRQHandler                          CMakeFiles/stm32f3discovery_Debug.dir/platform/stm32f3discovery/stm32f3discovery_startup.s.obj
DMA2_Channel1_IRQHandler                          CMakeFiles/stm32f3discovery_Debug.dir/platform/stm32f3discovery/stm32f3discovery_startup.s.obj
DMA2_Channel2_IRQHandler                          CMakeFiles/stm32f3discovery_Debug.dir/platform/stm32f3discovery/stm32f3discovery_startup.s.obj
DMA2_Channel3_IRQHandler                          CMakeFiles/stm32f3discovery_Debug.dir/platform/stm32f3discovery/stm32f3discovery_startup.s.obj
DMA2_Channel4_IRQHandler                          CMakeFiles/stm32f3discovery_Debug.dir/platform/stm32f3discovery/stm32f3discovery_startup.s.obj
DMA2_Channel5_IRQHandler                          CMakeFiles/stm32f3discovery_Debug.dir/platform/stm32f3discovery/stm32f3discovery_startup.s.obj
DebugMon_Handler                                  CMakeFiles/stm32f3discovery_Debug.dir/platform/stm32f3discovery/stm32f3discovery_startup.s.obj
Default_Handler                                   CMakeFiles/stm32f3discovery_Debug.dir/platform/stm32f3discovery/stm32f3discovery_startup.s.obj
EXTI0_IRQHandler                                  CMakeFiles/stm32f3discovery_Debug.dir/platform/stm32f3discovery/stm32f3discovery_startup.s.obj
EXTI15_10_IRQHandler                              CMakeFiles/stm32f3discovery_Debug.dir/platform/stm32f3discovery/stm32f3discovery_startup.s.obj
EXTI1_IRQHandler                                  CMakeFiles/stm32f3discovery_Debug.dir/platform/stm32f3discovery/stm32f3discovery_startup.s.obj
EXTI2_TSC_IRQHandler                              CMakeFiles/stm32f3discovery_Debug.dir/platform/stm32f3discovery/stm32f3discovery_startup.s.obj
EXTI3_IRQHandler                                  CMakeFiles/stm32f3discovery_Debug.dir/platform/stm32f3discovery/stm32f3discovery_startup.s.obj
EXTI4_IRQHandler                                  CMakeFiles/stm32f3discovery_Debug.dir/platform/stm32f3discovery/stm32f3discovery_startup.s.obj